HEAP DUMP BEGIN (3093 objects, 212736 bytes) Mon May 10 23:25:47 2004
ROOT 0 (kind=<thread>, id=0, trace=1)
ROOT 0 (kind=<thread>, id=0, trace=1)
ROOT 40d629e0 (kind=<thread>, id=4, trace=1)
ROOT 809ef10 (kind=<thread>, id=1, trace=264)
ROOT 809eb18 (kind=<thread>, id=2, trace=265)
ROOT 809ee20 (kind=<Java stack>, thread=1, frame=4)
ROOT 809edd8 (kind=<Java stack>, thread=1, frame=3)
ROOT 809ee20 (kind=<Java stack>, thread=1, frame=3)
ROOT 809edd8 (kind=<Java stack>, thread=1, frame=2)
ROOT 809ef10 (kind=<Java stack>, thread=1, frame=1)
ROOT 809ea58 (kind=<Java stack>, thread=2, frame=3)
ROOT 809ea58 (kind=<Java stack>, thread=2, frame=2)
ROOT 809ea58 (kind=<Java stack>, thread=2, frame=1)
ROOT 809eb18 (kind=<Java stack>, thread=2, frame=1)
ROOT 0 (kind=<JNI global ref>, id=54610708, trace=0)
ROOT 0 (kind=<JNI global ref>, id=58610708, trace=0)
ROOT 0 (kind=<JNI global ref>, id=78110c08, trace=0)
ROOT 0 (kind=<JNI global ref>, id=7c110c08, trace=0)
ROOT 0 (kind=<JNI global ref>, id=80110c08, trace=0)
ROOT 0 (kind=<JNI global ref>, id=84110c08, trace=0)
ROOT 809e680 (kind=<system class>, name=java.lang.Object)
ROOT 80b08d8 (kind=<system class>, name=java.io.Serializable)
ROOT 80b08f8 (kind=<system class>, name=java.lang.Comparable)
ROOT 80b0918 (kind=<system class>, name=java.lang.CharSequence)
ROOT 809ded8 (kind=<system class>, name=java.lang.String)
ROOT 809dd88 (kind=<system class>, name=java.lang.Class)
ROOT 80b0978 (kind=<system class>, name=java.lang.Cloneable)
ROOT 80b0b38 (kind=<system class>, name=java.lang.ClassLoader)
ROOT 80b0bf8 (kind=<system class>, name=java.lang.System)
ROOT 80b0cf8 (kind=<system class>, name=java.lang.Throwable)
ROOT 80b0d78 (kind=<system class>, name=java.lang.Error)
ROOT 80b0df8 (kind=<system class>, name=java.lang.ThreadDeath)
ROOT 80b0e78 (kind=<system class>, name=java.lang.Exception)
ROOT 80b0ef8 (kind=<system class>, name=java.lang.RuntimeException)
ROOT 80b0f98 (kind=<system class>, name=java.security.ProtectionDomain)
ROOT 809e3e8 (kind=<system class>, name=java.security.AccessControlContext)
ROOT 80b10b8 (kind=<system class>, name=java.lang.ClassNotFoundException)
ROOT 80b1158 (kind=<system class>, name=java.lang.LinkageError)
ROOT 80b11b8 (kind=<system class>, name=java.lang.NoClassDefFoundError)
ROOT 80b1238 (kind=<system class>, name=java.lang.ClassCastException)
ROOT 80b12b8 (kind=<system class>, name=java.lang.ArrayStoreException)
ROOT 80b1358 (kind=<system class>, name=java.lang.VirtualMachineError)
ROOT 80b13b8 (kind=<system class>, name=java.lang.OutOfMemoryError)
ROOT 80b1438 (kind=<system class>, name=java.lang.StackOverflowError)
ROOT 80b14d8 (kind=<system class>, name=java.lang.ref.Reference)
ROOT 80a0810 (kind=<system class>, name=java.lang.ref.SoftReference)
ROOT 80acf60 (kind=<system class>, name=java.lang.ref.WeakReference)
ROOT 80b1638 (kind=<system class>, name=java.lang.ref.FinalReference)
ROOT 80b16b8 (kind=<system class>, name=java.lang.ref.PhantomReference)
ROOT 80ac748 (kind=<system class>, name=java.lang.ref.Finalizer)
ROOT 80b1858 (kind=<system class>, name=java.lang.Runnable)
ROOT 809e2c8 (kind=<system class>, name=java.lang.Thread)
ROOT 809e150 (kind=<system class>, name=java.lang.ThreadGroup)
ROOT 80b1b98 (kind=<system class>, name=java.util.Dictionary)
ROOT 80b1c38 (kind=<system class>, name=java.util.Map)
ROOT 80adeb8 (kind=<system class>, name=java.util.Hashtable)
ROOT 809f118 (kind=<system class>, name=java.util.Properties)
ROOT 80b1ef8 (kind=<system class>, name=java.lang.reflect.AccessibleObject)
ROOT 80b1fd8 (kind=<system class>, name=java.lang.reflect.Member)
ROOT 80b2058 (kind=<system class>, name=java.lang.reflect.Field)
ROOT 80b2118 (kind=<system class>, name=java.lang.reflect.Method)
ROOT 80aae18 (kind=<system class>, name=java.lang.reflect.Constructor)
ROOT 80b2238 (kind=<system class>, name=sun.reflect.MagicAccessorImpl)
ROOT 80b22f8 (kind=<system class>, name=sun.reflect.MethodAccessor)
ROOT 80b2358 (kind=<system class>, name=sun.reflect.MethodAccessorImpl)
ROOT 80b2418 (kind=<system class>, name=sun.reflect.ConstructorAccessor)
ROOT 80b2478 (kind=<system class>, name=sun.reflect.ConstructorAccessorImpl)
ROOT 80b24f8 (kind=<system class>, name=sun.reflect.DelegatingClassLoader)
ROOT 80b25f8 (kind=<system class>, name=java.util.Collection)
ROOT 80b2658 (kind=<system class>, name=java.util.AbstractCollection)
ROOT 80b2718 (kind=<system class>, name=java.util.List)
ROOT 80b27b8 (kind=<system class>, name=java.util.AbstractList)
ROOT 80b2858 (kind=<system class>, name=java.util.RandomAccess)
ROOT 809e5c0 (kind=<system class>, name=java.util.Vector)
ROOT 80aad38 (kind=<system class>, name=java.lang.StringBuffer)
ROOT 80b2a18 (kind=<system class>, name=java.nio.Buffer)
ROOT 80b2ab8 (kind=<system class>, name=sun.misc.AtomicLong)
ROOT 80b2b18 (kind=<system class>, name=sun.misc.AtomicLongCSImpl)
ROOT 80ad8c0 (kind=<system class>, name=java.lang.Boolean)
ROOT 80b2c58 (kind=<system class>, name=java.lang.Character)
ROOT 80b2d38 (kind=<system class>, name=java.lang.Number)
ROOT 80b2dd8 (kind=<system class>, name=java.lang.Float)
ROOT 80b2e98 (kind=<system class>, name=java.lang.Double)
ROOT 80b2f78 (kind=<system class>, name=java.lang.Byte)
ROOT 80b3058 (kind=<system class>, name=java.lang.Short)
ROOT 80ae1b8 (kind=<system class>, name=java.lang.Integer)
ROOT 80b3258 (kind=<system class>, name=java.lang.Long)
ROOT 80b3578 (kind=<system class>, name=java.lang.NullPointerException)
ROOT 80b3698 (kind=<system class>, name=java.lang.ArithmeticException)
ROOT 80b37b8 (kind=<system class>, name=java.lang.StrictMath)
ROOT 809dfd0 (kind=<system class>, name=java.io.ObjectStreamField)
ROOT 80b3978 (kind=<system class>, name=java.util.Comparator)
ROOT 809e090 (kind=<system class>, name=java.lang.String$CaseInsensitiveComparator)
ROOT 80b3ab8 (kind=<system class>, name=java.security.AccessController)
ROOT 80b3c18 (kind=<system class>, name=java.security.Guard)
ROOT 80b3c78 (kind=<system class>, name=java.security.Permission)
ROOT 80b3d38 (kind=<system class>, name=java.security.BasicPermission)
ROOT 809e500 (kind=<system class>, name=java.lang.reflect.ReflectPermission)
ROOT 80b3e78 (kind=<system class>, name=java.security.PrivilegedAction)
ROOT 80b3ed8 (kind=<system class>, name=sun.reflect.ReflectionFactory$GetReflectionFactoryAction)
ROOT 809e780 (kind=<system class>, name=java.util.Stack)
ROOT 809e920 (kind=<system class>, name=sun.reflect.ReflectionFactory)
ROOT 809e860 (kind=<system class>, name=java.lang.RuntimePermission)
ROOT 809e9e0 (kind=<system class>, name=java.lang.ref.Reference$Lock)
ROOT 809eaa0 (kind=<system class>, name=java.lang.ref.Reference$ReferenceHandler)
ROOT 809ed60 (kind=<system class>, name=java.lang.ref.ReferenceQueue)
ROOT 809eba0 (kind=<system class>, name=java.lang.ref.ReferenceQueue$Null)
ROOT 809ec60 (kind=<system class>, name=java.lang.ref.ReferenceQueue$Lock)
ROOT 809ee98 (kind=<system class>, name=java.lang.ref.Finalizer$FinalizerThread)
ROOT 80b4578 (kind=<system class>, name=java.util.Enumeration)
ROOT 809ef78 (kind=<system class>, name=java.util.Hashtable$EmptyEnumerator)
ROOT 80b4698 (kind=<system class>, name=java.util.Iterator)
ROOT 809f038 (kind=<system class>, name=java.util.Hashtable$EmptyIterator)
ROOT 80b4a18 (kind=<system class>, name=java.io.ObjectStreamClass)
ROOT 80b4b18 (kind=<system class>, name=java.util.AbstractMap)
ROOT 809f1f8 (kind=<system class>, name=sun.misc.SoftCache)
ROOT 809f318 (kind=<system class>, name=java.util.HashMap)
ROOT 80b4db8 (kind=<system class>, name=java.util.Map$Entry)
ROOT 809f3d8 (kind=<system class>, name=java.util.HashMap$Entry)
ROOT 80b4f38 (kind=<system class>, name=java.lang.IncompatibleClassChangeError)
ROOT 80b4f98 (kind=<system class>, name=java.lang.NoSuchMethodError)
ROOT 809f5b8 (kind=<system class>, name=java.util.Hashtable$Entry)
ROOT 80b51d8 (kind=<system class>, name=java.lang.StringCoding)
ROOT 80a05f8 (kind=<system class>, name=java.lang.ThreadLocal)
ROOT 80b5418 (kind=<system class>, name=sun.io.Converters)
ROOT 80b54d8 (kind=<system class>, name=sun.reflect.Reflection)
ROOT 80b5758 (kind=<system class>, name=sun.security.action.GetPropertyAction)
ROOT 80a08f0 (kind=<system class>, name=java.lang.ThreadLocal$ThreadLocalMap)
ROOT 80a09b0 (kind=<system class>, name=java.lang.ThreadLocal$ThreadLocalMap$Entry)
ROOT 80b5a38 (kind=<system class>, name=java.nio.charset.Charset)
ROOT 80b5b18 (kind=<system class>, name=java.nio.charset.spi.CharsetProvider)
ROOT 80b5c18 (kind=<system class>, name=sun.nio.cs.AbstractCharsetProvider)
ROOT 80a0ac8 (kind=<system class>, name=sun.nio.cs.StandardCharsets)
ROOT 80b5d58 (kind=<system class>, name=java.util.SortedMap)
ROOT 80a0b88 (kind=<system class>, name=java.util.TreeMap)
ROOT 80a0c48 (kind=<system class>, name=sun.misc.ASCIICaseInsensitiveComparator)
ROOT 80a0d88 (kind=<system class>, name=java.util.TreeMap$Entry)
ROOT 80b64d8 (kind=<system class>, name=java.lang.CharacterDataLatin1)
ROOT 80b82d8 (kind=<system class>, name=sun.nio.cs.HistoricallyNamedCharset)
ROOT 80ab1d0 (kind=<system class>, name=sun.nio.cs.US_ASCII)
ROOT 80b8458 (kind=<system class>, name=java.lang.Class$3)
ROOT 80b8578 (kind=<system class>, name=java.lang.reflect.Modifier)
ROOT 80b8658 (kind=<system class>, name=sun.reflect.LangReflectAccess)
ROOT 80aaf70 (kind=<system class>, name=java.lang.reflect.ReflectAccess)
ROOT 80b8738 (kind=<system class>, name=java.lang.Class$1)
ROOT 80b8818 (kind=<system class>, name=sun.reflect.ReflectionFactory$1)
ROOT 80ab050 (kind=<system class>, name=sun.reflect.NativeConstructorAccessorImpl)
ROOT 80ab110 (kind=<system class>, name=sun.reflect.DelegatingConstructorAccessorImpl)
ROOT 80b89d8 (kind=<system class>, name=java.lang.StringCoding$StringDecoder)
ROOT 80ab2f0 (kind=<system class>, name=java.lang.StringCoding$CharsetSD)
ROOT 80b8b58 (kind=<system class>, name=java.nio.charset.CharsetDecoder)
ROOT 80ab3d0 (kind=<system class>, name=sun.nio.cs.US_ASCII$Decoder)
ROOT 80ab490 (kind=<system class>, name=java.nio.charset.CodingErrorAction)
ROOT 80b8f98 (kind=<system class>, name=java.nio.ByteBuffer)
ROOT 80ad0e0 (kind=<system class>, name=java.nio.HeapByteBuffer)
ROOT 80b90b8 (kind=<system class>, name=java.nio.Bits)
ROOT 80ab5d0 (kind=<system class>, name=sun.misc.Unsafe)
ROOT 80b91d8 (kind=<system class>, name=sun.misc.VM)
ROOT 80ab690 (kind=<system class>, name=java.nio.ByteOrder)
ROOT 80b93d8 (kind=<system class>, name=java.nio.CharBuffer)
ROOT 80b9478 (kind=<system class>, name=java.nio.HeapCharBuffer)
ROOT 80ab790 (kind=<system class>, name=java.nio.charset.CoderResult)
ROOT 80b96f8 (kind=<system class>, name=java.nio.charset.CoderResult$Cache)
ROOT 80ab870 (kind=<system class>, name=java.nio.charset.CoderResult$1)
ROOT 80ab930 (kind=<system class>, name=java.nio.charset.CoderResult$2)
ROOT 80b9878 (kind=<system class>, name=sun.misc.Version)
ROOT 80b9ab8 (kind=<system class>, name=java.io.InputStream)
ROOT 80ac688 (kind=<system class>, name=java.io.FileInputStream)
ROOT 80ac808 (kind=<system class>, name=java.io.FileDescriptor)
ROOT 80b9c18 (kind=<system class>, name=java.io.OutputStream)
ROOT 80ac908 (kind=<system class>, name=java.io.FileOutputStream)
ROOT 80b9d18 (kind=<system class>, name=java.io.FilterInputStream)
ROOT 80aca28 (kind=<system class>, name=java.io.BufferedInputStream)
ROOT 80b9e18 (kind=<system class>, name=java.io.FilterOutputStream)
ROOT 80acb40 (kind=<system class>, name=java.io.PrintStream)
ROOT 80acc00 (kind=<system class>, name=java.io.BufferedOutputStream)
ROOT 80ba198 (kind=<system class>, name=java.io.Writer)
ROOT 80acce0 (kind=<system class>, name=java.io.OutputStreamWriter)
ROOT 80ba338 (kind=<system class>, name=sun.nio.cs.StreamEncoder)
ROOT 80acda0 (kind=<system class>, name=sun.nio.cs.StreamEncoder$CharsetSE)
ROOT 80ba518 (kind=<system class>, name=java.nio.charset.CharsetEncoder)
ROOT 80ace80 (kind=<system class>, name=sun.nio.cs.US_ASCII$Encoder)
ROOT 80ad020 (kind=<system class>, name=sun.nio.cs.Surrogate$Parser)
ROOT 80ba718 (kind=<system class>, name=sun.nio.cs.Surrogate)
ROOT 80ad1c0 (kind=<system class>, name=java.io.BufferedWriter)
ROOT 80ad440 (kind=<system class>, name=java.lang.Runtime)
ROOT 80ae758 (kind=<system class>, name=java.io.File)
ROOT 80bab18 (kind=<system class>, name=java.io.FileSystem)
ROOT 80ad500 (kind=<system class>, name=java.io.UnixFileSystem)
ROOT 80ad5c0 (kind=<system class>, name=java.io.ExpiringCache)
ROOT 80baf18 (kind=<system class>, name=java.lang.ClassLoader$3)
ROOT 80bb018 (kind=<system class>, name=java.lang.StringCoding$StringEncoder)
ROOT 80ad9c0 (kind=<system class>, name=java.lang.StringCoding$CharsetSE)
ROOT 80adba0 (kind=<system class>, name=java.io.ExpiringCache$Entry)
ROOT 80add18 (kind=<system class>, name=java.lang.ClassLoader$NativeLibrary)
ROOT 80bb278 (kind=<system class>, name=java.lang.Terminator)
ROOT 80bb358 (kind=<system class>, name=sun.misc.SignalHandler)
ROOT 80addf8 (kind=<system class>, name=java.lang.Terminator$1)
ROOT 80adfd8 (kind=<system class>, name=sun.misc.Signal)
ROOT 80ae2b8 (kind=<system class>, name=sun.misc.NativeSignalHandler)
ROOT 80ae0f8 (kind=<system class>, name=java.lang.Integer$1)
ROOT 80ae498 (kind=<system class>, name=java.lang.Long$1)
ROOT 80bb798 (kind=<system class>, name=java.lang.Compiler)
ROOT 80bb878 (kind=<system class>, name=java.lang.Compiler$1)
ROOT 80ae698 (kind=<system class>, name=sun.misc.Launcher)
ROOT 80bbad8 (kind=<system class>, name=java.net.URLStreamHandlerFactory)
ROOT 80ae5d8 (kind=<system class>, name=sun.misc.Launcher$Factory)
ROOT 80bbc78 (kind=<system class>, name=java.security.SecureClassLoader)
ROOT 80bbd18 (kind=<system class>, name=java.net.URLClassLoader)
ROOT 80ae870 (kind=<system class>, name=sun.misc.Launcher$ExtClassLoader)
ROOT 80bbe78 (kind=<system class>, name=sun.security.util.Debug)
ROOT 80bbfd8 (kind=<system class>, name=java.util.StringTokenizer)
ROOT 80bc0d8 (kind=<system class>, name=java.security.PrivilegedExceptionAction)
ROOT 80bc138 (kind=<system class>, name=sun.misc.Launcher$1)
ROOT 80bc1f8 (kind=<system class>, name=sun.net.www.ParseUtil)
ROOT 80aea90 (kind=<system class>, name=java.util.BitSet)
ROOT 80aec48 (kind=<system class>, name=java.net.URL)
ROOT 80aed08 (kind=<system class>, name=java.util.Locale)
ROOT 80bcc78 (kind=<system class>, name=java.net.Parts)
ROOT 80bcdb8 (kind=<system class>, name=java.net.URLStreamHandler)
ROOT 80af148 (kind=<system class>, name=sun.net.www.protocol.file.Handler)
ROOT 80bd038 (kind=<system class>, name=java.util.Set)
ROOT 80bd0f8 (kind=<system class>, name=java.util.AbstractSet)
ROOT 80af748 (kind=<system class>, name=java.util.HashSet)
ROOT 80af908 (kind=<system class>, name=sun.misc.URLClassPath)
ROOT 80af9c8 (kind=<system class>, name=java.util.ArrayList)
ROOT 80afc48 (kind=<system class>, name=sun.net.www.protocol.jar.Handler)
ROOT 80afe48 (kind=<system class>, name=sun.misc.Launcher$AppClassLoader)
ROOT 80bd6b8 (kind=<system class>, name=sun.misc.Launcher$2)
ROOT 80bd818 (kind=<system class>, name=java.lang.SystemClassLoaderAction)
ROOT 80bf428 (kind=<system class>, name=sun.misc.Cleaner)
ROOT 40d66330 (kind=<system class>, name=java.net.URLClassLoader$1)
ROOT 40d679d0 (kind=<system class>, name=sun.misc.URLClassPath$3)
ROOT 40d67f48 (kind=<system class>, name=sun.misc.URLClassPath$Loader)
ROOT 40d68398 (kind=<system class>, name=sun.misc.URLClassPath$JarLoader)
ROOT 40d698e0 (kind=<system class>, name=sun.misc.FileURLMapper)
ROOT 40d6a628 (kind=<system class>, name=java.util.zip.ZipConstants)
ROOT 40d6b160 (kind=<system class>, name=java.util.zip.ZipFile)
ROOT 40d6c530 (kind=<system class>, name=java.util.jar.JarFile)
ROOT 40d6d4a8 (kind=<system class>, name=sun.security.action.LoadLibraryAction)
ROOT 40d6e3e8 (kind=<system class>, name=sun.misc.JavaUtilJarAccess)
ROOT 40d6e5e0 (kind=<system class>, name=java.util.jar.JavaUtilJarAccessImpl)
ROOT 40d6e898 (kind=<system class>, name=sun.misc.SharedSecrets)
ROOT 40d70278 (kind=<system class>, name=sun.misc.JarIndex)
ROOT 40d71270 (kind=<system class>, name=sun.misc.ExtensionDependency)
ROOT 40d730f0 (kind=<system class>, name=sun.misc.URLClassPath$FileLoader)
ROOT 40d76708 (kind=<system class>, name=java.security.PrivilegedActionException)
ROOT 40d772f0 (kind=<system class>, name=sun.misc.Resource)
ROOT 40d777c8 (kind=<system class>, name=sun.misc.URLClassPath$7)
ROOT 40d77eb8 (kind=<system class>, name=java.lang.Package)
ROOT 40d79f98 (kind=<system class>, name=java.security.CodeSource)
ROOT 40d7a8d0 (kind=<system class>, name=java.security.PermissionCollection)
ROOT 40d7ad50 (kind=<system class>, name=java.security.Permissions)
ROOT 40d7c8c8 (kind=<system class>, name=java.net.URLConnection)
ROOT 40d7ecb8 (kind=<system class>, name=sun.net.www.URLConnection)
ROOT 40d7f3a8 (kind=<system class>, name=sun.net.www.protocol.file.FileURLConnection)
ROOT 40d7fea0 (kind=<system class>, name=java.net.ContentHandler)
ROOT 40d80168 (kind=<system class>, name=java.net.UnknownContentHandler)
ROOT 40d809b0 (kind=<system class>, name=sun.net.www.MessageHeader)
ROOT 40d81c00 (kind=<system class>, name=java.io.FilePermission)
ROOT 40d82a28 (kind=<system class>, name=java.io.FilePermission$1)
ROOT 40d83ba8 (kind=<system class>, name=java.io.FilePermissionCollection)
ROOT 40d848f0 (kind=<system class>, name=java.security.AllPermission)
ROOT 40d84ec0 (kind=<system class>, name=java.security.UnresolvedPermission)
ROOT 40d85970 (kind=<system class>, name=java.security.BasicPermissionCollection)
ROOT 40d86e70 (kind=<system class>, name=java.security.Principal)
ROOT 40d87610 (kind=<system class>, name=java.security.cert.Certificate)
ROOT 40d90330 (kind=<system class>, name=java.io.IOException)
ROOT 40db14c8 (kind=<system class>, name=java.io.UnsupportedEncodingException)
ROOT 40db4278 (kind=<system class>, name=java.lang.StackTraceElement)
ROOT 809ea58 (kind=<busy monitor>)
ROOT 809ee20 (kind=<busy monitor>)
ARR 809de38 (sz=16, trace=1, nelems=0, elem type=java.lang.Class@809dd88)
ARR 809de80 (sz=32, trace=1, nelems=9, elem type=char)
OBJ 809df88 (sz=24, trace=1, class=java.lang.String@809ded8)
	value		809de80
ARR 809e048 (sz=16, trace=1, nelems=0, elem type=java.io.ObjectStreamField@809dfd0)
OBJ 809e108 (sz=8, trace=1, class=java.lang.String$CaseInsensitiveComparator@809e090)
OBJ 809e1c8 (sz=40, trace=1, class=java.lang.ThreadGroup@809e150)
	groups		809e270
	threads		809eb80
	name		80b3a18
OBJ 809e210 (sz=40, trace=1, class=java.lang.ThreadGroup@809e150)
	threads		809e4a8
	name		809e250
	parent		809e1c8
ARR 809e230 (sz=24, trace=1, nelems=4, elem type=char)
OBJ 809e250 (sz=24, trace=1, class=java.lang.String@809ded8)
	value		809e230
ARR 809e270 (sz=32, trace=1, nelems=4, elem type=java.lang.ThreadGroup@809e150)
	[0]		809e210
ARR 809e340 (sz=72, trace=1, nelems=33, elem type=int)
OBJ 809e460 (sz=24, trace=1, class=java.security.AccessControlContext@809e3e8)
ARR 809e4a8 (sz=32, trace=1, nelems=4, elem type=java.lang.Thread@809e2c8)
	[0]		40dfc2b0
OBJ 809e578 (sz=24, trace=1, class=java.lang.reflect.ReflectPermission@809e500)
	path		80b3db8
	name		80b3db8
OBJ 809e638 (sz=24, trace=1, class=java.util.Vector@809e5c0)
	elementData	809e6f8
ARR 809e6f8 (sz=56, trace=1, nelems=10, elem type=java.lang.Object@809e680)
	[0]		80adb60
	[1]		40d8c1d0
OBJ 809e740 (sz=24, trace=1, class=java.util.Vector@809e5c0)
	elementData	809e760
ARR 809e760 (sz=56, trace=1, nelems=10, elem type=java.lang.Object@809e680)
	[0]		80add90
OBJ 809e7f8 (sz=24, trace=1, class=java.util.Stack@809e780)
	elementData	809e840
ARR 809e840 (sz=56, trace=1, nelems=10, elem type=java.lang.Object@809e680)
OBJ 809e8d8 (sz=24, trace=1, class=java.lang.RuntimePermission@809e860)
	path		80b4098
	name		80b4098
OBJ 809e998 (sz=8, trace=1, class=sun.reflect.ReflectionFactory@809e920)
OBJ 809ea58 (sz=8, trace=1, class=java.lang.ref.Reference$Lock@809e9e0)
OBJ 809eb18 (sz=72, trace=1, class=java.lang.ref.Reference$ReferenceHandler@809eaa0)
	inheritedAccessControlContext	809e460
	group		809e1c8
	name		809eb60
ARR 809eb60 (sz=48, trace=1, nelems=17, elem type=char)
ARR 809eb80 (sz=32, trace=1, nelems=4, elem type=java.lang.Thread@809e2c8)
	[0]		809eb18
	[1]		809ef10
	[2]		40d629e0
	[3]		40d639d0
OBJ 809ec18 (sz=24, trace=1, class=java.lang.ref.ReferenceQueue$Null@809eba0)
	lock		809ecd8
OBJ 809ecd8 (sz=8, trace=1, class=java.lang.ref.ReferenceQueue$Lock@809ec60)
OBJ 809ed20 (sz=24, trace=1, class=java.lang.ref.ReferenceQueue$Null@809eba0)
	lock		809ed40
OBJ 809ed40 (sz=8, trace=1, class=java.lang.ref.ReferenceQueue$Lock@809ec60)
OBJ 809edd8 (sz=24, trace=1, class=java.lang.ref.ReferenceQueue@809ed60)
	lock		809ee20
OBJ 809ee20 (sz=8, trace=1, class=java.lang.ref.ReferenceQueue$Lock@809ec60)
OBJ 809ee40 (sz=8, trace=1, class=java.lang.Object@809e680)
OBJ 809ef10 (sz=72, trace=1, class=java.lang.ref.Finalizer$FinalizerThread@809ee98)
	inheritedAccessControlContext	809e460
	group		809e1c8
	name		809ef58
ARR 809ef58 (sz=32, trace=1, nelems=9, elem type=char)
OBJ 809eff0 (sz=8, trace=1, class=java.util.Hashtable$EmptyEnumerator@809ef78)
OBJ 809f0b0 (sz=8, trace=1, class=java.util.Hashtable$EmptyIterator@809f038)
ARR 809f0f8 (sz=48, trace=1, nelems=16, elem type=char)
OBJ 809f190 (sz=48, trace=1, class=java.util.Properties@809f118)
	table		80abfd0
ARR 809f1d8 (sz=16, trace=1, nelems=0, elem type=java.io.ObjectStreamField@809dfd0)
OBJ 809f270 (sz=32, trace=1, class=sun.misc.SoftCache@809f1f8)
	queue		809f2b8
	hash		809f390
OBJ 809f2b8 (sz=24, trace=1, class=java.lang.ref.ReferenceQueue@809ed60)
	lock		809f2d8
OBJ 809f2d8 (sz=8, trace=1, class=java.lang.ref.ReferenceQueue$Lock@809ec60)
OBJ 809f2f8 (sz=8, trace=1, class=java.lang.Object@809e680)
OBJ 809f390 (sz=40, trace=1, class=java.util.HashMap@809f318)
	table		809f450
ARR 809f450 (sz=80, trace=1, nelems=16, elem type=java.util.HashMap$Entry@809f3d8)
OBJ 809f498 (sz=32, trace=1, class=sun.misc.SoftCache@809f1f8)
	queue		809f4b8
	hash		809f4f8
OBJ 809f4b8 (sz=24, trace=1, class=java.lang.ref.ReferenceQueue@809ed60)
	lock		809f4d8
OBJ 809f4d8 (sz=8, trace=1, class=java.lang.ref.ReferenceQueue$Lock@809ec60)
OBJ 809f4f8 (sz=40, trace=1, class=java.util.HashMap@809f318)
	table		809f518
ARR 809f518 (sz=80, trace=1, nelems=16, elem type=java.util.HashMap$Entry@809f3d8)
ARR 809f538 (sz=64, trace=1, nelems=26, elem type=char)
OBJ 809f558 (sz=24, trace=1, class=java.lang.String@809ded8)
	value		809f538
ARR 809f578 (sz=24, trace=1, nelems=3, elem type=char)
OBJ 809f598 (sz=24, trace=1, class=java.lang.String@809ded8)
	value		809f578
OBJ 809f630 (sz=24, trace=1, class=java.util.Hashtable$Entry@809f5b8)
	value		809f598
	key		809f558
ARR 809f678 (sz=64, trace=1, nelems=23, elem type=char)
OBJ 809f698 (sz=24, trace=1, class=java.lang.String@809ded8)
	value		809f678
ARR 809f6b8 (sz=80, trace=1, nelems=31, elem type=char)
OBJ 809f6d8 (sz=24, trace=1, class=java.lang.String@809ded8)
	value		809f6b8
OBJ 809f6f8 (sz=24, trace=1, class=java.util.Hashtable$Entry@809f5b8)
	next		809fa78
	value		809f6d8
	key		809f698
ARR 809f718 (sz=64, trace=1, nelems=25, elem type=char)
OBJ 809f738 (sz=24, trace=1, class=java.lang.String@809ded8)
	value		809f718
ARR 809f758 (sz=56, trace=1, nelems=21, elem type=char)
OBJ 809f778 (sz=24, trace=1, class=java.lang.String@809ded8)
	value		809f758
OBJ 809f798 (sz=24, trace=1, class=java.util.Hashtable$Entry@809f5b8)
	value		809f778
	key		809f738
ARR 809f7b8 (sz=40, trace=1, nelems=12, elem type=char)
OBJ 809f7d8 (sz=24, trace=1, class=java.lang.String@809ded8)
	value		809f7b8
OBJ 809f7f8 (sz=24, trace=1, class=java.util.Hashtable$Entry@809f5b8)
	value		80b98b8
	key		809f7d8
ARR 809f818 (sz=40, trace=1, nelems=11, elem type=char)
OBJ 809f838 (sz=24, trace=1, class=java.lang.String@809ded8)
	value		809f818
ARR 809f858 (sz=56, trace=1, nelems=21, elem type=char)
OBJ 809f878 (sz=24, trace=1, class=java.lang.String@809ded8)
	value		809f858
OBJ 809f898 (sz=24, trace=1, class=java.util.Hashtable$Entry@809f5b8)
	value		809f878
	key		809f838
ARR 809f8b8 (sz=48, trace=1, nelems=15, elem type=char)
OBJ 809f8d8 (sz=24, trace=1, class=java.lang.String@809ded8)
	value		809f8b8
ARR 809f8f8 (sz=56, trace=1, nelems=20, elem type=char)
OBJ 809f918 (sz=24, trace=1, class=java.lang.String@809ded8)
	value		809f8f8
OBJ 809f938 (sz=24, trace=1, class=java.util.Hashtable$Entry@809f5b8)
	value		809f918
	key		809f8d8
ARR 809f958 (sz=56, trace=1, nelems=19, elem type=char)
OBJ 809f978 (sz=24, trace=1, class=java.lang.String@809ded8)
	value		809f958
ARR 809f998 (sz=96, trace=1, nelems=41, elem type=char)
OBJ 809f9b8 (sz=24, trace=1, class=java.lang.String@809ded8)
	value		809f998
OBJ 809f9d8 (sz=24, trace=1, class=java.util.Hashtable$Entry@809f5b8)
	value		809f9b8
	key		809f978
ARR 809f9f8 (sz=48, trace=1, nelems=18, elem type=char)
OBJ 809fa18 (sz=24, trace=1, class=java.lang.String@809ded8)
	value		809f9f8
ARR 809fa38 (sz=24, trace=1, nelems=4, elem type=char)
OBJ 809fa58 (sz=24, trace=1, class=java.lang.String@809ded8)
	value		809fa38
OBJ 809fa78 (sz=24, trace=1, class=java.util.Hashtable$Entry@809f5b8)
	value		809fa58
	key		809fa18
ARR 809fa98 (sz=32, trace=1, nelems=7, elem type=char)
OBJ 809fab8 (sz=24, trace=1, class=java.lang.String@809ded8)
	value		809fa98
ARR 809fad8 (sz=24, trace=1, nelems=5, elem type=char)
OBJ 809faf8 (sz=24, trace=1, class=java.lang.String@809ded8)
	value		809fad8
OBJ 809fb18 (sz=24, trace=1, class=java.util.Hashtable$Entry@809f5b8)
	value		809faf8
	key		809fab8
ARR 809fb38 (sz=32, trace=1, nelems=10, elem type=char)
OBJ 809fb58 (sz=24, trace=1, class=java.lang.String@809ded8)
	value		809fb38
ARR 809fb78 (sz=40, trace=1, nelems=11, elem type=char)
OBJ 809fb98 (sz=24, trace=1, class=java.lang.String@809ded8)
	value		809fb78
OBJ 809fbb8 (sz=24, trace=1, class=java.util.Hashtable$Entry@809f5b8)
	value		809fb98
	key		809fb58
ARR 809fbd8 (sz=32, trace=1, nelems=7, elem type=char)
OBJ 809fbf8 (sz=24, trace=1, class=java.lang.String@809ded8)
	value		809fbd8
ARR 809fc18 (sz=24, trace=1, nelems=4, elem type=char)
OBJ 809fc38 (sz=24, trace=1, class=java.lang.String@809ded8)
	value		809fc18
OBJ 809fc58 (sz=24, trace=1, class=java.util.Hashtable$Entry@809f5b8)
	value		809fc38
	key		809fbf8
ARR 809fc78 (sz=40, trace=1, nelems=14, elem type=char)
OBJ 809fc98 (sz=24, trace=1, class=java.lang.String@809ded8)
	value		809fc78
ARR 809fcb8 (sz=16, trace=1, nelems=1, elem type=char)
OBJ 809fcd8 (sz=24, trace=1, class=java.lang.String@809ded8)
	value		809fcb8
OBJ 809fcf8 (sz=24, trace=1, class=java.util.Hashtable$Entry@809f5b8)
	value		809fcd8
	key		809fc98
ARR 809fd18 (sz=40, trace=1, nelems=14, elem type=char)
OBJ 809fd38 (sz=24, trace=1, class=java.lang.String@809ded8)
	value		809fd18
ARR 809fd58 (sz=16, trace=1, nelems=1, elem type=char)
OBJ 809fd78 (sz=24, trace=1, class=java.lang.String@809ded8)
	value		809fd58
OBJ 809fd98 (sz=24, trace=1, class=java.util.Hashtable$Entry@809f5b8)
	value		809fd78
	key		809fd38
ARR 809fdb8 (sz=40, trace=1, nelems=14, elem type=char)
OBJ 809fdd8 (sz=24, trace=1, class=java.lang.String@809ded8)
	value		809fdb8
ARR 809fdf8 (sz=16, trace=1, nelems=1, elem type=char)
OBJ 809fe18 (sz=24, trace=1, class=java.lang.String@809ded8)
	value		809fdf8
OBJ 809fe38 (sz=24, trace=1, class=java.util.Hashtable$Entry@809f5b8)
	value		809fe18
	key		809fdd8
ARR 809fe58 (sz=40, trace=1, nelems=13, elem type=char)
OBJ 809fe78 (sz=24, trace=1, class=java.lang.String@809ded8)
	value		809fe58
ARR 809fe98 (sz=16, trace=1, nelems=2, elem type=char)
OBJ 809feb8 (sz=24, trace=1, class=java.lang.String@809ded8)
	value		809fe98
OBJ 809fed8 (sz=24, trace=1, class=java.util.Hashtable$Entry@809f5b8)
	next		809f798
	value		809feb8
	key		809fe78
ARR 809fef8 (sz=40, trace=1, nelems=12, elem type=char)
OBJ 809ff18 (sz=24, trace=1, class=java.lang.String@809ded8)
	value		809fef8
ARR 809ff38 (sz=16, trace=1, nelems=2, elem type=char)
OBJ 809ff58 (sz=24, trace=1, class=java.lang.String@809ded8)
	value		809ff38
OBJ 809ff78 (sz=24, trace=1, class=java.util.Hashtable$Entry@809f5b8)
	next		80a0518
	value		809ff58
	key		809ff18
ARR 809ff98 (sz=40, trace=1, nelems=13, elem type=char)
OBJ 809ffb8 (sz=24, trace=1, class=java.lang.String@809ded8)
	value		809ff98
ARR 809ffd8 (sz=40, trace=1, nelems=14, elem type=char)
OBJ 809fff8 (sz=24, trace=1, class=java.lang.String@809ded8)
	value		809ffd8
OBJ 80a0018 (sz=24, trace=1, class=java.util.Hashtable$Entry@809f5b8)
	next		809f630
	value		809fff8
	key		809ffb8
ARR 80a0038 (sz=48, trace=1, nelems=17, elem type=char)
OBJ 80a0058 (sz=24, trace=1, class=java.lang.String@809ded8)
	value		80a0038
ARR 80a0078 (sz=24, trace=1, nelems=6, elem type=char)
OBJ 80a0098 (sz=24, trace=1, class=java.lang.String@809ded8)
	value		80a0078
OBJ 80a00b8 (sz=24, trace=1, class=java.util.Hashtable$Entry@809f5b8)
	value		80a0098
	key		80a0058
ARR 80a00d8 (sz=64, trace=1, nelems=23, elem type=char)
OBJ 80a00f8 (sz=24, trace=1, class=java.lang.String@809ded8)
	value		80a00d8
ARR 80a0118 (sz=40, trace=1, nelems=13, elem type=char)
OBJ 80a0138 (sz=24, trace=1, class=java.lang.String@809ded8)
	value		80a0118
OBJ 80a0158 (sz=24, trace=1, class=java.util.Hashtable$Entry@809f5b8)
	next		80a0298
	value		80a0138
	key		80a00f8
ARR 80a0178 (sz=48, trace=1, nelems=15, elem type=char)
OBJ 80a0198 (sz=24, trace=1, class=java.lang.String@809ded8)
	value		80a0178
ARR 80a01b8 (sz=16, trace=1, nelems=0, elem type=char)
OBJ 80a01d8 (sz=24, trace=1, class=java.lang.String@809ded8)
	value		80a01b8
OBJ 80a01f8 (sz=24, trace=1, class=java.util.Hashtable$Entry@809f5b8)
	value		80a01d8
	key		80a0198
ARR 80a0218 (sz=40, trace=1, nelems=14, elem type=char)
OBJ 80a0238 (sz=24, trace=1, class=java.lang.String@809ded8)
	value		80a0218
ARR 80a0258 (sz=24, trace=1, nelems=6, elem type=char)
OBJ 80a0278 (sz=24, trace=1, class=java.lang.String@809ded8)
	value		80a0258
OBJ 80a0298 (sz=24, trace=1, class=java.util.Hashtable$Entry@809f5b8)
	value		80a0278
	key		80a0238
ARR 80a02b8 (sz=56, trace=1, nelems=19, elem type=char)
OBJ 80a02d8 (sz=24, trace=1, class=java.lang.String@809ded8)
	value		80a02b8
ARR 80a02f8 (sz=56, trace=1, nelems=22, elem type=char)
OBJ 80a0318 (sz=24, trace=1, class=java.lang.String@809ded8)
	value		80a02f8
OBJ 80a0338 (sz=24, trace=1, class=java.util.Hashtable$Entry@809f5b8)
	value		80a0318
	key		80a02d8
ARR 80a0358 (sz=80, trace=1, nelems=34, elem type=char)
OBJ 80a0378 (sz=24, trace=1, class=java.lang.String@809ded8)
	value		80a0358
ARR 80a0398 (sz=104, trace=1, nelems=44, elem type=char)
OBJ 80a03b8 (sz=24, trace=1, class=java.lang.String@809ded8)
	value		80a0398
OBJ 80a03d8 (sz=24, trace=1, class=java.util.Hashtable$Entry@809f5b8)
	value		80a03b8
	key		80a0378
ARR 80a03f8 (sz=56, trace=1, nelems=19, elem type=char)
OBJ 80a0418 (sz=24, trace=1, class=java.lang.String@809ded8)
	value		80a03f8
ARR 80a0438 (sz=16, trace=1, nelems=2, elem type=char)
OBJ 80a0458 (sz=24, trace=1, class=java.lang.String@809ded8)
	value		80a0438
OBJ 80a0478 (sz=24, trace=1, class=java.util.Hashtable$Entry@809f5b8)
	value		80a0458
	key		80a0418
ARR 80a0498 (sz=48, trace=1, nelems=18, elem type=char)
OBJ 80a04b8 (sz=24, trace=1, class=java.lang.String@809ded8)
	value		80a0498
ARR 80a04d8 (sz=32, trace=1, nelems=7, elem type=char)
OBJ 80a04f8 (sz=24, trace=1, class=java.lang.String@809ded8)
	value		80a04d8
OBJ 80a0518 (sz=24, trace=1, class=java.util.Hashtable$Entry@809f5b8)
	value		80a04f8
	key		80a04b8
ARR 80a0538 (sz=56, trace=1, nelems=20, elem type=char)
OBJ 80a0558 (sz=24, trace=1, class=java.lang.String@809ded8)
	value		80a0538
ARR 80a0578 (sz=72, trace=1, nelems=30, elem type=char)
OBJ 80a0598 (sz=24, trace=1, class=java.lang.String@809ded8)
	value		80a0578
OBJ 80a05b8 (sz=24, trace=1, class=java.util.Hashtable$Entry@809f5b8)
	value		80a0598
	key		80a0558
OBJ 80a05d8 (sz=24, trace=1, class=java.lang.String@809ded8)
	value		80ab5b0
OBJ 80a0670 (sz=16, trace=1, class=java.lang.ThreadLocal@80a05f8)
OBJ 80a06b8 (sz=16, trace=1, class=java.lang.ThreadLocal@80a05f8)
ARR 80a06d8 (sz=24, trace=1, nelems=2, elem type=java.lang.String@809ded8)
	[0]		80b5578
	[1]		80b55b8
OBJ 80a0730 (sz=8, trace=1, class=java.lang.Object@809e680)
ARR 80a07c8 (sz=24, trace=1, nelems=2, elem type=[Ljava.lang.ref.SoftReference;@80a0750)
	[0]		80a0888
	[1]		80a08d0
ARR 80a0888 (sz=24, trace=1, nelems=3, elem type=java.lang.ref.SoftReference@80a0810)
ARR 80a08d0 (sz=24, trace=1, nelems=3, elem type=java.lang.ref.SoftReference@80a0810)
ARR 80a0968 (sz=24, trace=1, nelems=31, elem type=int)
OBJ 80a0b40 (sz=32, trace=1, class=sun.nio.cs.StandardCharsets@80a0ac8)
	packagePrefix	80b5f98
	cache		80a0d48
	aliasNameMap	80a0d28
	aliasMap	80a0d08
	classMap	80a0c00
OBJ 80a0c00 (sz=40, trace=1, class=java.util.TreeMap@80a0b88)
	root		80a1768
	comparator	80a0cc0
OBJ 80a0cc0 (sz=8, trace=1, class=sun.misc.ASCIICaseInsensitiveComparator@80a0c48)
OBJ 80a0d08 (sz=40, trace=1, class=java.util.TreeMap@80a0b88)
	root		80a0e48
	comparator	80a0cc0
OBJ 80a0d28 (sz=40, trace=1, class=java.util.TreeMap@80a0b88)
	root		80a1828
	comparator	80a0cc0
OBJ 80a0d48 (sz=40, trace=1, class=java.util.TreeMap@80a0b88)
	root		80ab2b0
	comparator	80a0cc0
ARR 80a0d68 (sz=64, trace=1, nelems=13, elem type=java.lang.String@809ded8)
	[0]		80b6058
	[1]		80b6098
	[2]		80b60d8
	[3]		80b6118
	[4]		80b6158
	[5]		80b6198
	[6]		80b61d8
	[7]		80b6218
	[8]		80b6258
	[9]		80b6298
	[10]		80b62d8
	[11]		80b6318
	[12]		80b6358
OBJ 80a0e00 (sz=32, trace=1, class=java.util.TreeMap$Entry@80a0d88)
	parent		80a1a08
	left		80a1de8
	value		80b6018
	key		80b5fd8
OBJ 80a0e48 (sz=32, trace=1, class=java.util.TreeMap$Entry@80a0d88)
	right		80a1448
	left		80a17e8
	value		80b5fd8
	key		80b6058
ARR 80a0e68 (sz=16, trace=1, nelems=2, elem type=char)
ARR 80a0e88 (sz=1040, trace=1, nelems=256, elem type=int)
OBJ 80a0ea8 (sz=32, trace=1, class=java.util.TreeMap$Entry@80a0d88)
	parent		80a0ee8
	value		80b5fd8
	key		80b6098
OBJ 80a0ec8 (sz=32, trace=1, class=java.util.TreeMap$Entry@80a0d88)
	parent		80a1648
	right		80a1308
	left		80a1888
	value		80b5fd8
	key		80b60d8
OBJ 80a0ee8 (sz=32, trace=1, class=java.util.TreeMap$Entry@80a0d88)
	parent		80a0fe8
	right		80a1008
	left		80a0ea8
	value		80b5fd8
	key		80b6118
OBJ 80a0f08 (sz=32, trace=1, class=java.util.TreeMap$Entry@80a0d88)
	parent		80a1488
	value		80b5fd8
	key		80b6158
OBJ 80a0f28 (sz=32, trace=1, class=java.util.TreeMap$Entry@80a0d88)
	parent		80a19a8
	value		80b5fd8
	key		80b6198
OBJ 80a0f48 (sz=32, trace=1, class=java.util.TreeMap$Entry@80a0d88)
	parent		80a17e8
	right		80a1528
	left		80a1908
	value		80b5fd8
	key		80b61d8
OBJ 80a0f68 (sz=32, trace=1, class=java.util.TreeMap$Entry@80a0d88)
	parent		80a0f88
	right		80a1388
	left		80a1fa8
	value		80b5fd8
	key		80b6218
OBJ 80a0f88 (sz=32, trace=1, class=java.util.TreeMap$Entry@80a0d88)
	parent		80a1ea8
	right		80a15c8
	left		80a0f68
	value		80b5fd8
	key		80b6258
OBJ 80a0fa8 (sz=32, trace=1, class=java.util.TreeMap$Entry@80a0d88)
	parent		80a13c8
	value		80b5fd8
	key		80b6298
OBJ 80a0fc8 (sz=32, trace=1, class=java.util.TreeMap$Entry@80a0d88)
	parent		80a1888
	left		80a1a28
	value		80b5fd8
	key		80b62d8
OBJ 80a0fe8 (sz=32, trace=1, class=java.util.TreeMap$Entry@80a0d88)
	parent		80a1ea8
	right		80a0ee8
	left		80a13c8
	value		80b5fd8
	key		80b6318
OBJ 80a1008 (sz=32, trace=1, class=java.util.TreeMap$Entry@80a0d88)
	parent		80a0ee8
	value		80b5fd8
	key		80b6358
OBJ 80a1028 (sz=32, trace=1, class=java.util.TreeMap$Entry@80a0d88)
	parent		80a1b08
	left		80a1e48
	value		80a0d68
	key		80b5fd8
ARR 80a1048 (sz=16, trace=1, nelems=1, elem type=java.lang.String@809ded8)
	[0]		80b6618
OBJ 80a1068 (sz=32, trace=1, class=java.util.TreeMap$Entry@80a0d88)
	parent		80a1228
	value		80b65d8
	key		80b6598
OBJ 80a1088 (sz=32, trace=1, class=java.util.TreeMap$Entry@80a0d88)
	parent		80a1448
	right		80a1188
	left		80a1328
	value		80b6598
	key		80b6618
OBJ 80a10a8 (sz=32, trace=1, class=java.util.TreeMap$Entry@80a0d88)
	parent		80a1288
	value		80a1048
	key		80b6598
ARR 80a10c8 (sz=16, trace=1, nelems=1, elem type=java.lang.String@809ded8)
	[0]		80b6698
OBJ 80a10e8 (sz=32, trace=1, class=java.util.TreeMap$Entry@80a0d88)
	parent		80a1768
	right		80a1e88
	left		80a1a08
	value		80b6698
	key		80b6658
OBJ 80a1108 (sz=32, trace=1, class=java.util.TreeMap$Entry@80a0d88)
	parent		80a1188
	value		80b6658
	key		80b6698
OBJ 80a1128 (sz=32, trace=1, class=java.util.TreeMap$Entry@80a0d88)
	parent		80a1828
	right		80a1ec8
	left		80a1b08
	value		80a10c8
	key		80b6658
ARR 80a1148 (sz=24, trace=1, nelems=3, elem type=java.lang.String@809ded8)
	[0]		80b6718
	[1]		80b6758
	[2]		80b6798
OBJ 80a1168 (sz=32, trace=1, class=java.util.TreeMap$Entry@80a0d88)
	parent		80a1228
	value		80b6718
	key		80b66d8
OBJ 80a1188 (sz=32, trace=1, class=java.util.TreeMap$Entry@80a0d88)
	parent		80a1088
	right		80a11c8
	left		80a1108
	value		80b66d8
	key		80b6718
OBJ 80a11a8 (sz=32, trace=1, class=java.util.TreeMap$Entry@80a0d88)
	parent		80a1528
	right		80a12e8
	left		80a1368
	value		80b66d8
	key		80b6758
OBJ 80a11c8 (sz=32, trace=1, class=java.util.TreeMap$Entry@80a0d88)
	parent		80a1188
	right		80a1268
	left		80a1248
	value		80b66d8
	key		80b6798
OBJ 80a11e8 (sz=32, trace=1, class=java.util.TreeMap$Entry@80a0d88)
	parent		80a1288
	value		80a1148
	key		80b66d8
ARR 80a1208 (sz=24, trace=1, nelems=2, elem type=java.lang.String@809ded8)
	[0]		80b6818
	[1]		80b6858
OBJ 80a1228 (sz=32, trace=1, class=java.util.TreeMap$Entry@80a0d88)
	parent		80a1e88
	right		80a1068
	left		80a1168
	value		80b6818
	key		80b67d8
OBJ 80a1248 (sz=32, trace=1, class=java.util.TreeMap$Entry@80a0d88)
	parent		80a11c8
	value		80b67d8
	key		80b6818
OBJ 80a1268 (sz=32, trace=1, class=java.util.TreeMap$Entry@80a0d88)
	parent		80a11c8
	value		80b67d8
	key		80b6858
OBJ 80a1288 (sz=32, trace=1, class=java.util.TreeMap$Entry@80a0d88)
	parent		80a1ec8
	right		80a10a8
	left		80a11e8
	value		80a1208
	key		80b67d8
ARR 80a12a8 (sz=72, trace=1, nelems=14, elem type=java.lang.String@809ded8)
	[0]		80b6918
	[1]		80b6958
	[2]		80b6998
	[3]		80b69d8
	[4]		80b6a18
	[5]		80b6a58
	[6]		80b6a98
	[7]		80b6ad8
	[8]		80b6b18
	[9]		80b6b58
	[10]		80b6b98
	[11]		80b68d8
	[12]		80b6bd8
	[13]		80b6c18
OBJ 80a12c8 (sz=32, trace=1, class=java.util.TreeMap$Entry@80a0d88)
	parent		80a1b48
	value		80b68d8
	key		80b6898
OBJ 80a12e8 (sz=32, trace=1, class=java.util.TreeMap$Entry@80a0d88)
	parent		80a11a8
	left		80a1c28
	value		80b6898
	key		80b6918
OBJ 80a1308 (sz=32, trace=1, class=java.util.TreeMap$Entry@80a0d88)
	parent		80a0ec8
	right		80a1be8
	value		80b6898
	key		80b6958
OBJ 80a1328 (sz=32, trace=1, class=java.util.TreeMap$Entry@80a0d88)
	parent		80a1088
	right		80a16c8
	left		80a15a8
	value		80b6898
	key		80b6998
OBJ 80a1348 (sz=32, trace=1, class=java.util.TreeMap$Entry@80a0d88)
	parent		80a15a8
	left		80a1e08
	value		80b6898
	key		80b69d8
OBJ 80a1368 (sz=32, trace=1, class=java.util.TreeMap$Entry@80a0d88)
	parent		80a11a8
	right		80a1c68
	value		80b6898
	key		80b6a18
OBJ 80a1388 (sz=32, trace=1, class=java.util.TreeMap$Entry@80a0d88)
	parent		80a0f68
	right		80a1ca8
	value		80b6898
	key		80b6a58
OBJ 80a13a8 (sz=32, trace=1, class=java.util.TreeMap$Entry@80a0d88)
	parent		80a15c8
	left		80a1d48
	value		80b6898
	key		80b6a98
OBJ 80a13c8 (sz=32, trace=1, class=java.util.TreeMap$Entry@80a0d88)
	parent		80a0fe8
	right		80a1c08
	left		80a0fa8
	value		80b6898
	key		80b6ad8
OBJ 80a13e8 (sz=32, trace=1, class=java.util.TreeMap$Entry@80a0d88)
	parent		80a1968
	right		80a1c88
	value		80b6898
	key		80b6b18
OBJ 80a1408 (sz=32, trace=1, class=java.util.TreeMap$Entry@80a0d88)
	parent		80a1648
	right		80a1d88
	left		80a1488
	value		80b6898
	key		80b6b58
OBJ 80a1428 (sz=32, trace=1, class=java.util.TreeMap$Entry@80a0d88)
	parent		80a1448
	right		80a16a8
	left		80a1648
	value		80b6898
	key		80b6b98
OBJ 80a1448 (sz=32, trace=1, class=java.util.TreeMap$Entry@80a0d88)
	parent		80a0e48
	right		80a1088
	left		80a1428
	value		80b6898
	key		80b68d8
OBJ 80a1468 (sz=32, trace=1, class=java.util.TreeMap$Entry@80a0d88)
	parent		80a1c08
	value		80b6898
	key		80b6bd8
OBJ 80a1488 (sz=32, trace=1, class=java.util.TreeMap$Entry@80a0d88)
	parent		80a1408
	right		80a1c48
	left		80a0f08
	value		80b6898
	key		80b6c18
OBJ 80a14a8 (sz=32, trace=1, class=java.util.TreeMap$Entry@80a0d88)
	parent		80a1b88
	value		80a12a8
	key		80b6898
ARR 80a14c8 (sz=40, trace=1, nelems=7, elem type=java.lang.String@809ded8)
	[0]		80b6cd8
	[1]		80b6d18
	[2]		80b6d58
	[3]		80b6d98
	[4]		80b6dd8
	[5]		80b6e18
	[6]		80b6e58
OBJ 80a14e8 (sz=32, trace=1, class=java.util.TreeMap$Entry@80a0d88)
	parent		80a1768
	right		80a1628
	left		80a1b48
	value		80b6c98
	key		80b6c58
OBJ 80a1508 (sz=32, trace=1, class=java.util.TreeMap$Entry@80a0d88)
	parent		80a1d88
	value		80b6c58
	key		80b6cd8
OBJ 80a1528 (sz=32, trace=1, class=java.util.TreeMap$Entry@80a0d88)
	parent		80a0f48
	right		80a18a8
	left		80a11a8
	value		80b6c58
	key		80b6d18
OBJ 80a1548 (sz=32, trace=1, class=java.util.TreeMap$Entry@80a0d88)
	parent		80a1568
	value		80b6c58
	key		80b6d58
OBJ 80a1568 (sz=32, trace=1, class=java.util.TreeMap$Entry@80a0d88)
	parent		80a16a8
	right		80a1688
	left		80a1548
	value		80b6c58
	key		80b6d98
OBJ 80a1588 (sz=32, trace=1, class=java.util.TreeMap$Entry@80a0d88)
	parent		80a16c8
	value		80b6c58
	key		80b6dd8
OBJ 80a15a8 (sz=32, trace=1, class=java.util.TreeMap$Entry@80a0d88)
	parent		80a1328
	right		80a1ac8
	left		80a1348
	value		80b6c58
	key		80b6e18
OBJ 80a15c8 (sz=32, trace=1, class=java.util.TreeMap$Entry@80a0d88)
	parent		80a0f88
	right		80a1808
	left		80a13a8
	value		80b6c58
	key		80b6e58
OBJ 80a15e8 (sz=32, trace=1, class=java.util.TreeMap$Entry@80a0d88)
	parent		80a1828
	right		80a1728
	left		80a1b88
	value		80a14c8
	key		80b6c58
ARR 80a1608 (sz=40, trace=1, nelems=7, elem type=java.lang.String@809ded8)
	[0]		80b6f18
	[1]		80b6f58
	[2]		80b6f98
	[3]		80b6fd8
	[4]		80b7018
	[5]		80b7058
	[6]		80b7098
OBJ 80a1628 (sz=32, trace=1, class=java.util.TreeMap$Entry@80a0d88)
	parent		80a14e8
	value		80b6ed8
	key		80b6e98
OBJ 80a1648 (sz=32, trace=1, class=java.util.TreeMap$Entry@80a0d88)
	parent		80a1428
	right		80a0ec8
	left		80a1408
	value		80b6e98
	key		80b6f18
OBJ 80a1668 (sz=32, trace=1, class=java.util.TreeMap$Entry@80a0d88)
	parent		80a18a8
	value		80b6e98
	key		80b6f58
OBJ 80a1688 (sz=32, trace=1, class=java.util.TreeMap$Entry@80a0d88)
	parent		80a1568
	value		80b6e98
	key		80b6f98
OBJ 80a16a8 (sz=32, trace=1, class=java.util.TreeMap$Entry@80a0d88)
	parent		80a1428
	right		80a18c8
	left		80a1568
	value		80b6e98
	key		80b6fd8
OBJ 80a16c8 (sz=32, trace=1, class=java.util.TreeMap$Entry@80a0d88)
	parent		80a1328
	right		80a19a8
	left		80a1588
	value		80b6e98
	key		80b7018
OBJ 80a16e8 (sz=32, trace=1, class=java.util.TreeMap$Entry@80a0d88)
	parent		80a1ac8
	value		80b6e98
	key		80b7058
OBJ 80a1708 (sz=32, trace=1, class=java.util.TreeMap$Entry@80a0d88)
	parent		80a1ae8
	value		80b6e98
	key		80b7098
OBJ 80a1728 (sz=32, trace=1, class=java.util.TreeMap$Entry@80a0d88)
	parent		80a15e8
	value		80a1608
	key		80b6e98
ARR 80a1748 (sz=32, trace=1, nelems=5, elem type=java.lang.String@809ded8)
	[0]		80b7158
	[1]		80b7198
	[2]		80b71d8
	[3]		80b7218
	[4]		80b7258
OBJ 80a1768 (sz=32, trace=1, class=java.util.TreeMap$Entry@80a0d88)
	right		80a10e8
	left		80a14e8
	value		80b7118
	key		80b70d8
OBJ 80a1788 (sz=32, trace=1, class=java.util.TreeMap$Entry@80a0d88)
	parent		80a1888
	value		80b70d8
	key		80b7158
OBJ 80a17a8 (sz=32, trace=1, class=java.util.TreeMap$Entry@80a0d88)
	parent		80a18a8
	right		80a1a48
	value		80b70d8
	key		80b7198
OBJ 80a17c8 (sz=32, trace=1, class=java.util.TreeMap$Entry@80a0d88)
	parent		80a18c8
	value		80b70d8
	key		80b71d8
OBJ 80a17e8 (sz=32, trace=1, class=java.util.TreeMap$Entry@80a0d88)
	parent		80a0e48
	right		80a0f48
	left		80a1ea8
	value		80b70d8
	key		80b7218
OBJ 80a1808 (sz=32, trace=1, class=java.util.TreeMap$Entry@80a0d88)
	parent		80a15c8
	right		80a1988
	left		80a1ae8
	value		80b70d8
	key		80b7258
OBJ 80a1828 (sz=32, trace=1, class=java.util.TreeMap$Entry@80a0d88)
	right		80a1128
	left		80a15e8
	value		80a1748
	key		80b70d8
ARR 80a1848 (sz=56, trace=1, nelems=10, elem type=java.lang.String@809ded8)
	[0]		80b7318
	[1]		80b7358
	[2]		80b7398
	[3]		80b73d8
	[4]		80b7418
	[5]		80b7458
	[6]		80b7498
	[7]		80b74d8
	[8]		80b7518
	[9]		80b7558
OBJ 80a1868 (sz=32, trace=1, class=java.util.TreeMap$Entry@80a0d88)
	parent		80a1a08
	value		80b72d8
	key		80b7298
OBJ 80a1888 (sz=32, trace=1, class=java.util.TreeMap$Entry@80a0d88)
	parent		80a0ec8
	right		80a0fc8
	left		80a1788
	value		80b7298
	key		80b7318
OBJ 80a18a8 (sz=32, trace=1, class=java.util.TreeMap$Entry@80a0d88)
	parent		80a1528
	right		80a17a8
	left		80a1668
	value		80b7298
	key		80b7358
OBJ 80a18c8 (sz=32, trace=1, class=java.util.TreeMap$Entry@80a0d88)
	parent		80a16a8
	right		80a1a68
	left		80a17c8
	value		80b7298
	key		80b7398
OBJ 80a18e8 (sz=32, trace=1, class=java.util.TreeMap$Entry@80a0d88)
	parent		80a1a68
	value		80b7298
	key		80b73d8
OBJ 80a1908 (sz=32, trace=1, class=java.util.TreeMap$Entry@80a0d88)
	parent		80a0f48
	right		80a1968
	left		80a1928
	value		80b7298
	key		80b7418
OBJ 80a1928 (sz=32, trace=1, class=java.util.TreeMap$Entry@80a0d88)
	parent		80a1908
	value		80b7298
	key		80b7458
OBJ 80a1948 (sz=32, trace=1, class=java.util.TreeMap$Entry@80a0d88)
	parent		80a1968
	value		80b7298
	key		80b7498
OBJ 80a1968 (sz=32, trace=1, class=java.util.TreeMap$Entry@80a0d88)
	parent		80a1908
	right		80a13e8
	left		80a1948
	value		80b7298
	key		80b74d8
OBJ 80a1988 (sz=32, trace=1, class=java.util.TreeMap$Entry@80a0d88)
	parent		80a1808
	right		80a1e28
	value		80b7298
	key		80b7518
OBJ 80a19a8 (sz=32, trace=1, class=java.util.TreeMap$Entry@80a0d88)
	parent		80a16c8
	right		80a0f28
	left		80a1aa8
	value		80b7298
	key		80b7558
OBJ 80a19c8 (sz=32, trace=1, class=java.util.TreeMap$Entry@80a0d88)
	parent		80a1b08
	value		80a1848
	key		80b7298
ARR 80a19e8 (sz=40, trace=1, nelems=7, elem type=java.lang.String@809ded8)
	[0]		80b7618
	[1]		80b7658
	[2]		80b7698
	[3]		80b76d8
	[4]		80b7718
	[5]		80b7758
	[6]		80b7798
OBJ 80a1a08 (sz=32, trace=1, class=java.util.TreeMap$Entry@80a0d88)
	parent		80a10e8
	right		80a0e00
	left		80a1868
	value		80b75d8
	key		80b7598
OBJ 80a1a28 (sz=32, trace=1, class=java.util.TreeMap$Entry@80a0d88)
	parent		80a0fc8
	value		80b7598
	key		80b7618
OBJ 80a1a48 (sz=32, trace=1, class=java.util.TreeMap$Entry@80a0d88)
	parent		80a17a8
	value		80b7598
	key		80b7658
OBJ 80a1a68 (sz=32, trace=1, class=java.util.TreeMap$Entry@80a0d88)
	parent		80a18c8
	right		80a1a88
	left		80a18e8
	value		80b7598
	key		80b7698
OBJ 80a1a88 (sz=32, trace=1, class=java.util.TreeMap$Entry@80a0d88)
	parent		80a1a68
	value		80b7598
	key		80b76d8
OBJ 80a1aa8 (sz=32, trace=1, class=java.util.TreeMap$Entry@80a0d88)
	parent		80a19a8
	right		80a1d08
	value		80b7598
	key		80b7718
OBJ 80a1ac8 (sz=32, trace=1, class=java.util.TreeMap$Entry@80a0d88)
	parent		80a15a8
	right		80a1ce8
	left		80a16e8
	value		80b7598
	key		80b7758
OBJ 80a1ae8 (sz=32, trace=1, class=java.util.TreeMap$Entry@80a0d88)
	parent		80a1808
	right		80a1d68
	left		80a1708
	value		80b7598
	key		80b7798
OBJ 80a1b08 (sz=32, trace=1, class=java.util.TreeMap$Entry@80a0d88)
	parent		80a1128
	right		80a1028
	left		80a19c8
	value		80a19e8
	key		80b7598
ARR 80a1b28 (sz=16, trace=1, nelems=1, elem type=java.lang.String@809ded8)
	[0]		80b7858
OBJ 80a1b48 (sz=32, trace=1, class=java.util.TreeMap$Entry@80a0d88)
	parent		80a14e8
	right		80a1bc8
	left		80a12c8
	value		80b7818
	key		80b77d8
OBJ 80a1b68 (sz=32, trace=1, class=java.util.TreeMap$Entry@80a0d88)
	parent		80a1d88
	value		80b77d8
	key		80b7858
OBJ 80a1b88 (sz=32, trace=1, class=java.util.TreeMap$Entry@80a0d88)
	parent		80a15e8
	right		80a1da8
	left		80a14a8
	value		80a1b28
	key		80b77d8
ARR 80a1ba8 (sz=72, trace=1, nelems=15, elem type=java.lang.String@809ded8)
	[0]		80b7918
	[1]		80b7958
	[2]		80b7898
	[3]		80b7918
	[4]		80b7998
	[5]		80b79d8
	[6]		80b7a18
	[7]		80b7a58
	[8]		80b7a98
	[9]		80b7ad8
	[10]		80b7b18
	[11]		80b7b58
	[12]		80b7b98
	[13]		80b7bd8
	[14]		80b7c18
OBJ 80a1bc8 (sz=32, trace=1, class=java.util.TreeMap$Entry@80a0d88)
	parent		80a1b48
	value		80b78d8
	key		80b7898
OBJ 80a1be8 (sz=32, trace=1, class=java.util.TreeMap$Entry@80a0d88)
	parent		80a1308
	value		80b7898
	key		80b7918
OBJ 80a1c08 (sz=32, trace=1, class=java.util.TreeMap$Entry@80a0d88)
	parent		80a13c8
	right		80a1cc8
	left		80a1468
	value		80b7898
	key		80b7958
OBJ 80a1c28 (sz=32, trace=1, class=java.util.TreeMap$Entry@80a0d88)
	parent		80a12e8
	value		80b7898
	key		80b7898
OBJ 80a1c48 (sz=32, trace=1, class=java.util.TreeMap$Entry@80a0d88)
	parent		80a1488
	value		80b7898
	key		80b7998
OBJ 80a1c68 (sz=32, trace=1, class=java.util.TreeMap$Entry@80a0d88)
	parent		80a1368
	value		80b7898
	key		80b79d8
OBJ 80a1c88 (sz=32, trace=1, class=java.util.TreeMap$Entry@80a0d88)
	parent		80a13e8
	value		80b7898
	key		80b7a18
OBJ 80a1ca8 (sz=32, trace=1, class=java.util.TreeMap$Entry@80a0d88)
	parent		80a1388
	value		80b7898
	key		80b7a58
OBJ 80a1cc8 (sz=32, trace=1, class=java.util.TreeMap$Entry@80a0d88)
	parent		80a1c08
	value		80b7898
	key		80b7a98
OBJ 80a1ce8 (sz=32, trace=1, class=java.util.TreeMap$Entry@80a0d88)
	parent		80a1ac8
	left		80a1d28
	value		80b7898
	key		80b7ad8
OBJ 80a1d08 (sz=32, trace=1, class=java.util.TreeMap$Entry@80a0d88)
	parent		80a1aa8
	value		80b7898
	key		80b7b18
OBJ 80a1d28 (sz=32, trace=1, class=java.util.TreeMap$Entry@80a0d88)
	parent		80a1ce8
	value		80b7898
	key		80b7b58
OBJ 80a1d48 (sz=32, trace=1, class=java.util.TreeMap$Entry@80a0d88)
	parent		80a13a8
	value		80b7898
	key		80b7b98
OBJ 80a1d68 (sz=32, trace=1, class=java.util.TreeMap$Entry@80a0d88)
	parent		80a1ae8
	value		80b7898
	key		80b7bd8
OBJ 80a1d88 (sz=32, trace=1, class=java.util.TreeMap$Entry@80a0d88)
	parent		80a1408
	right		80a1508
	left		80a1b68
	value		80b7898
	key		80b7c18
OBJ 80a1da8 (sz=32, trace=1, class=java.util.TreeMap$Entry@80a0d88)
	parent		80a1b88
	value		80a1ba8
	key		80b7898
ARR 80a1dc8 (sz=24, trace=1, nelems=2, elem type=java.lang.String@809ded8)
	[0]		80b7cd8
	[1]		80b7d18
OBJ 80a1de8 (sz=32, trace=1, class=java.util.TreeMap$Entry@80a0d88)
	parent		80a0e00
	value		80b7c98
	key		80b7c58
OBJ 80a1e08 (sz=32, trace=1, class=java.util.TreeMap$Entry@80a0d88)
	parent		80a1348
	value		80b7c58
	key		80b7cd8
OBJ 80a1e28 (sz=32, trace=1, class=java.util.TreeMap$Entry@80a0d88)
	parent		80a1988
	value		80b7c58
	key		80b7d18
OBJ 80a1e48 (sz=32, trace=1, class=java.util.TreeMap$Entry@80a0d88)
	parent		80a1028
	value		80a1dc8
	key		80b7c58
ARR 80a1e68 (sz=16, trace=1, nelems=1, elem type=java.lang.String@809ded8)
	[0]		80b7dd8
OBJ 80a1e88 (sz=32, trace=1, class=java.util.TreeMap$Entry@80a0d88)
	parent		80a10e8
	right		80a1f88
	left		80a1228
	value		80b7d98
	key		80b7d58
OBJ 80a1ea8 (sz=32, trace=1, class=java.util.TreeMap$Entry@80a0d88)
	parent		80a17e8
	right		80a0f88
	left		80a0fe8
	value		80b7d58
	key		80b7dd8
OBJ 80a1ec8 (sz=32, trace=1, class=java.util.TreeMap$Entry@80a0d88)
	parent		80a1128
	right		80a1fc8
	left		80a1288
	value		80a1e68
	key		80b7d58
ARR 80a1ee8 (sz=16, trace=1, nelems=1, elem type=java.lang.String@809ded8)
	[0]		80b7e98
OBJ 80a1f08 (sz=32, trace=1, class=java.util.TreeMap$Entry@80a0d88)
	parent		80a1f88
	value		80b7e58
	key		80b7e18
OBJ 80a1f28 (sz=32, trace=1, class=java.util.TreeMap$Entry@80a0d88)
	parent		80a1fa8
	value		80b7e18
	key		80b7e98
OBJ 80a1f48 (sz=32, trace=1, class=java.util.TreeMap$Entry@80a0d88)
	parent		80a1fc8
	value		80a1ee8
	key		80b7e18
ARR 80a1f68 (sz=16, trace=1, nelems=1, elem type=java.lang.String@809ded8)
	[0]		80b7f58
OBJ 80a1f88 (sz=32, trace=1, class=java.util.TreeMap$Entry@80a0d88)
	parent		80a1e88
	right		80a2088
	left		80a1f08
	value		80b7f18
	key		80b7ed8
OBJ 80a1fa8 (sz=32, trace=1, class=java.util.TreeMap$Entry@80a0d88)
	parent		80a0f68
	right		80a20a8
	left		80a1f28
	value		80b7ed8
	key		80b7f58
OBJ 80a1fc8 (sz=32, trace=1, class=java.util.TreeMap$Entry@80a0d88)
	parent		80a1ec8
	right		80a20c8
	left		80a1f48
	value		80a1f68
	key		80b7ed8
ARR 80a1fe8 (sz=16, trace=1, nelems=1, elem type=java.lang.String@809ded8)
	[0]		80b8018
OBJ 80a2008 (sz=32, trace=1, class=java.util.TreeMap$Entry@80a0d88)
	parent		80a2088
	value		80b7fd8
	key		80b7f98
OBJ 80a2028 (sz=32, trace=1, class=java.util.TreeMap$Entry@80a0d88)
	parent		80a20a8
	value		80b7f98
	key		80b8018
OBJ 80a2048 (sz=32, trace=1, class=java.util.TreeMap$Entry@80a0d88)
	parent		80a20c8
	value		80a1fe8
	key		80b7f98
ARR 80a2068 (sz=16, trace=1, nelems=1, elem type=java.lang.String@809ded8)
	[0]		80b80d8
OBJ 80a2088 (sz=32, trace=1, class=java.util.TreeMap$Entry@80a0d88)
	parent		80a1f88
	right		80a2108
	left		80a2008
	value		80b8098
	key		80b8058
OBJ 80a20a8 (sz=32, trace=1, class=java.util.TreeMap$Entry@80a0d88)
	parent		80a1fa8
	right		80a2128
	left		80a2028
	value		80b8058
	key		80b80d8
OBJ 80a20c8 (sz=32, trace=1, class=java.util.TreeMap$Entry@80a0d88)
	parent		80a1fc8
	right		80a2148
	left		80a2048
	value		80a2068
	key		80b8058
ARR 80a20e8 (sz=16, trace=1, nelems=1, elem type=java.lang.String@809ded8)
	[0]		80b8198
OBJ 80a2108 (sz=32, trace=1, class=java.util.TreeMap$Entry@80a0d88)
	parent		80a2088
	value		80b8158
	key		80b8118
OBJ 80a2128 (sz=32, trace=1, class=java.util.TreeMap$Entry@80a0d88)
	parent		80a20a8
	value		80b8118
	key		80b8198
OBJ 80a2148 (sz=32, trace=1, class=java.util.TreeMap$Entry@80a0d88)
	parent		80a20c8
	value		80a20e8
	key		80b8118
OBJ 80a2168 (sz=32, trace=1, class=java.lang.ref.SoftReference@80a0810)
	queue		809ec18
	referent	80a0b40
OBJ 80aad18 (sz=16, trace=1, class=java.lang.ThreadLocal@80a05f8)
OBJ 80aadb0 (sz=24, trace=1, class=java.lang.StringBuffer@80aad38)
	value		80aadf8
ARR 80aadf8 (sz=56, trace=1, nelems=20, elem type=char)
ARR 80aae90 (sz=16, trace=1, nelems=1, elem type=java.lang.reflect.Constructor@80aae18)
	[0]		80aaef8
ARR 80aaed8 (sz=16, trace=1, nelems=0, elem type=java.lang.Class@809dd88)
OBJ 80aaef8 (sz=48, trace=1, class=java.lang.reflect.Constructor@80aae18)
	constructorAccessor	80ab188
	exceptionTypes	809de38
	parameterTypes	80aaed8
	clazz		80ab1d0
OBJ 80aaf50 (sz=32, trace=1, class=java.lang.ref.SoftReference@80a0810)
	queue		809ec18
	referent	80aae90
OBJ 80aafe8 (sz=8, trace=1, class=java.lang.reflect.ReflectAccess@80aaf70)
OBJ 80ab030 (sz=48, trace=1, class=java.lang.reflect.Constructor@80aae18)
	root		80aaef8
	constructorAccessor	80ab188
	exceptionTypes	809de38
	parameterTypes	80aaed8
	clazz		80ab1d0
OBJ 80ab0c8 (sz=24, trace=1, class=sun.reflect.NativeConstructorAccessorImpl@80ab050)
	parent		80ab188
	c		80ab030
OBJ 80ab188 (sz=16, trace=1, class=sun.reflect.DelegatingConstructorAccessorImpl@80ab110)
	delegate	80ab0c8
OBJ 80ab248 (sz=24, trace=1, class=sun.nio.cs.US_ASCII@80ab1d0)
	aliases		80a0d68
	name		80b5fd8
OBJ 80ab290 (sz=32, trace=1, class=java.lang.ref.SoftReference@80a0810)
	queue		809ec18
	referent	80ab248
OBJ 80ab2b0 (sz=32, trace=1, class=java.util.TreeMap$Entry@80a0d88)
	value		80ab290
	key		80b5fd8
ARR 80ab2d0 (sz=24, trace=1, nelems=2, elem type=java.lang.Object@809e680)
	[0]		809fff8
	[1]		80ab248
ARR 80ab368 (sz=24, trace=1, nelems=3, elem type=int)
ARR 80ab3b0 (sz=32, trace=1, nelems=4, elem type=java.lang.String@809ded8)
	[0]		80b8c78
	[1]		80b8cb8
	[2]		80b8cf8
	[3]		80b8d38
ARR 80ab448 (sz=40, trace=1, nelems=7, elem type=int)
OBJ 80ab508 (sz=16, trace=1, class=java.nio.charset.CodingErrorAction@80ab490)
	name		80b8e58
OBJ 80ab550 (sz=16, trace=1, class=java.nio.charset.CodingErrorAction@80ab490)
	name		80b8e98
OBJ 80ab570 (sz=16, trace=1, class=java.nio.charset.CodingErrorAction@80ab490)
	name		80b8ed8
ARR 80ab590 (sz=32, trace=1, nelems=5, elem type=int)
ARR 80ab5b0 (sz=56, trace=1, nelems=19, elem type=char)
OBJ 80ab648 (sz=8, trace=1, class=sun.misc.Unsafe@80ab5d0)
OBJ 80ab708 (sz=16, trace=1, class=java.nio.ByteOrder@80ab690)
	name		80b92b8
OBJ 80ab750 (sz=16, trace=1, class=java.nio.ByteOrder@80ab690)
	name		80b92f8
ARR 80ab770 (sz=32, trace=1, nelems=4, elem type=java.lang.String@809ded8)
	[0]		80b9598
	[1]		80b95d8
	[2]		80b9618
	[3]		80b9658
OBJ 80ab808 (sz=16, trace=1, class=java.nio.charset.CoderResult@80ab790)
OBJ 80ab850 (sz=16, trace=1, class=java.nio.charset.CoderResult@80ab790)
OBJ 80ab8e8 (sz=16, trace=1, class=java.nio.charset.CoderResult$1@80ab870)
OBJ 80ab9a8 (sz=16, trace=1, class=java.nio.charset.CoderResult$2@80ab930)
OBJ 80ab9f0 (sz=24, trace=1, class=java.lang.String@809ded8)
	value		80aba10
ARR 80aba10 (sz=16, trace=1, nelems=0, elem type=char)
OBJ 80aba30 (sz=24, trace=1, class=java.util.Hashtable$Entry@809f5b8)
	value		80ab9f0
	key		80a05d8
OBJ 80aba50 (sz=24, trace=1, class=java.lang.String@809ded8)
	value		80aba70
ARR 80aba70 (sz=40, trace=1, nelems=14, elem type=char)
OBJ 80aba90 (sz=24, trace=1, class=java.lang.String@809ded8)
	value		80abab0
ARR 80abab0 (sz=24, trace=1, nelems=4, elem type=char)
OBJ 80abad0 (sz=24, trace=1, class=java.util.Hashtable$Entry@809f5b8)
	next		809fe38
	value		80aba90
	key		80aba50
OBJ 80abaf0 (sz=24, trace=1, class=java.lang.String@809ded8)
	value		80abb10
ARR 80abb10 (sz=32, trace=1, nelems=9, elem type=char)
OBJ 80abb30 (sz=24, trace=1, class=java.lang.String@809ded8)
	value		80abb50
ARR 80abb50 (sz=32, trace=1, nelems=9, elem type=char)
OBJ 80abb70 (sz=24, trace=1, class=java.util.Hashtable$Entry@809f5b8)
	value		80abb30
	key		80abaf0
OBJ 80abb90 (sz=24, trace=1, class=java.lang.String@809ded8)
	value		80abbb0
ARR 80abbb0 (sz=32, trace=1, nelems=9, elem type=char)
OBJ 80abbd0 (sz=24, trace=1, class=java.lang.String@809ded8)
	value		80abbf0
ARR 80abbf0 (sz=48, trace=1, nelems=15, elem type=char)
OBJ 80abc10 (sz=24, trace=1, class=java.util.Hashtable$Entry@809f5b8)
	value		80abbd0
	key		80abb90
ARR 80abc30 (sz=40, trace=1, nelems=13, elem type=char)
OBJ 80abc50 (sz=24, trace=1, class=java.lang.String@809ded8)
	value		80abc30
ARR 80abc70 (sz=16, trace=1, nelems=0, elem type=char)
OBJ 80abc90 (sz=24, trace=1, class=java.lang.String@809ded8)
	value		80abc70
OBJ 80abcb0 (sz=24, trace=1, class=java.util.Hashtable$Entry@809f5b8)
	value		80abc90
	key		80abc50
OBJ 80abcd0 (sz=24, trace=1, class=java.lang.String@809ded8)
	value		80abcf0
ARR 80abcf0 (sz=32, trace=1, nelems=8, elem type=char)
OBJ 80abd10 (sz=24, trace=1, class=java.lang.String@809ded8)
	value		80abd30
ARR 80abd30 (sz=72, trace=1, nelems=29, elem type=char)
OBJ 80abd50 (sz=24, trace=1, class=java.util.Hashtable$Entry@809f5b8)
	value		80abd10
	key		80abcd0
OBJ 80abd70 (sz=24, trace=1, class=java.lang.String@809ded8)
	value		80abd90
ARR 80abd90 (sz=72, trace=1, nelems=29, elem type=char)
OBJ 80abdb0 (sz=24, trace=1, class=java.lang.String@809ded8)
	value		80abdd0
ARR 80abdd0 (sz=24, trace=1, nelems=3, elem type=char)
OBJ 80abdf0 (sz=24, trace=1, class=java.util.Hashtable$Entry@809f5b8)
	value		80abdb0
	key		80abd70
OBJ 80abe10 (sz=24, trace=1, class=java.lang.String@809ded8)
	value		80abe30
ARR 80abe30 (sz=64, trace=1, nelems=26, elem type=char)
OBJ 80abe50 (sz=24, trace=1, class=java.lang.String@809ded8)
	value		80abe70
ARR 80abe70 (sz=80, trace=1, nelems=34, elem type=char)
OBJ 80abe90 (sz=24, trace=1, class=java.util.Hashtable$Entry@809f5b8)
	next		80abd50
	value		80abe50
	key		80abe10
OBJ 80abeb0 (sz=24, trace=1, class=java.lang.String@809ded8)
	value		80abed0
ARR 80abed0 (sz=72, trace=1, nelems=28, elem type=char)
OBJ 80abef0 (sz=24, trace=1, class=java.lang.String@809ded8)
	value		80abf10
ARR 80abf10 (sz=56, trace=1, nelems=21, elem type=char)
OBJ 80abf30 (sz=24, trace=1, class=java.util.Hashtable$Entry@809f5b8)
	value		80abef0
	key		80abeb0
OBJ 80abf50 (sz=24, trace=1, class=java.lang.String@809ded8)
	value		80abf70
ARR 80abf70 (sz=48, trace=1, nelems=15, elem type=char)
OBJ 80abf90 (sz=24, trace=1, class=java.lang.String@809ded8)
	value		80abfb0
ARR 80abfb0 (sz=40, trace=1, nelems=12, elem type=char)
ARR 80abfd0 (sz=392, trace=1, nelems=95, elem type=java.util.Hashtable$Entry@809f5b8)
	[0]		80a01f8
	[9]		80a0158
	[11]		809f9d8
	[13]		809fcf8
	[16]		809f898
	[17]		80ac5e8
	[18]		80ac268
	[19]		809f7f8
	[21]		80ac1c8
	[24]		809fed8
	[26]		80ac4e8
	[27]		80abdf0
	[33]		80ac548
	[38]		80a0018
	[39]		80a0338
	[40]		80abcb0
	[41]		80abc10
	[44]		809fbb8
	[45]		80a03d8
	[49]		809f6f8
	[54]		80ac448
	[61]		80aba30
	[63]		809fb18
	[65]		80abf30
	[67]		80abad0
	[70]		80ac308
	[72]		80a05b8
	[74]		80ac648
	[76]		80abe90
	[79]		809ff78
	[80]		80ac0c8
	[81]		809fd98
	[82]		80ac168
	[88]		80ac3a8
	[91]		80ac668
OBJ 80ac028 (sz=24, trace=1, class=java.util.Hashtable$Entry@809f5b8)
	value		80abf90
	key		80abf50
OBJ 80ac048 (sz=24, trace=1, class=java.lang.String@809ded8)
	value		80ac068
ARR 80ac068 (sz=40, trace=1, nelems=12, elem type=char)
OBJ 80ac088 (sz=24, trace=1, class=java.lang.String@809ded8)
	value		80ac0a8
ARR 80ac0a8 (sz=64, trace=1, nelems=26, elem type=char)
OBJ 80ac0c8 (sz=24, trace=1, class=java.util.Hashtable$Entry@809f5b8)
	next		80a00b8
	value		80ac088
	key		80ac048
OBJ 80ac0e8 (sz=24, trace=1, class=java.lang.String@809ded8)
	value		80ac108
ARR 80ac108 (sz=40, trace=1, nelems=14, elem type=char)
OBJ 80ac128 (sz=24, trace=1, class=java.lang.String@809ded8)
	value		80ac148
ARR 80ac148 (sz=56, trace=1, nelems=21, elem type=char)
OBJ 80ac168 (sz=24, trace=1, class=java.util.Hashtable$Entry@809f5b8)
	next		809f938
	value		80ac128
	key		80ac0e8
OBJ 80ac188 (sz=24, trace=1, class=java.lang.String@809ded8)
	value		80ac1a8
ARR 80ac1a8 (sz=40, trace=1, nelems=12, elem type=char)
OBJ 80ac1c8 (sz=24, trace=1, class=java.util.Hashtable$Entry@809f5b8)
	value		80ae5b8
	key		80ac188
OBJ 80ac1e8 (sz=24, trace=1, class=java.lang.String@809ded8)
	value		80ac208
ARR 80ac208 (sz=40, trace=1, nelems=13, elem type=char)
OBJ 80ac228 (sz=24, trace=1, class=java.lang.String@809ded8)
	value		80ac248
ARR 80ac248 (sz=88, trace=1, nelems=35, elem type=char)
OBJ 80ac268 (sz=24, trace=1, class=java.util.Hashtable$Entry@809f5b8)
	value		80ac228
	key		80ac1e8
OBJ 80ac288 (sz=24, trace=1, class=java.lang.String@809ded8)
	value		80ac2a8
ARR 80ac2a8 (sz=48, trace=1, nelems=18, elem type=char)
OBJ 80ac2c8 (sz=24, trace=1, class=java.lang.String@809ded8)
	value		80ac2e8
ARR 80ac2e8 (sz=96, trace=1, nelems=40, elem type=char)
OBJ 80ac308 (sz=24, trace=1, class=java.util.Hashtable$Entry@809f5b8)
	next		809fc58
	value		80ac2c8
	key		80ac288
OBJ 80ac328 (sz=24, trace=1, class=java.lang.String@809ded8)
	value		80ac348
ARR 80ac348 (sz=56, trace=1, nelems=21, elem type=char)
OBJ 80ac368 (sz=24, trace=1, class=java.lang.String@809ded8)
	value		80ac388
ARR 80ac388 (sz=88, trace=1, nelems=36, elem type=char)
OBJ 80ac3a8 (sz=24, trace=1, class=java.util.Hashtable$Entry@809f5b8)
	next		80ac028
	value		80ac368
	key		80ac328
OBJ 80ac3c8 (sz=24, trace=1, class=java.lang.String@809ded8)
	value		80ac3e8
ARR 80ac3e8 (sz=48, trace=1, nelems=17, elem type=char)
OBJ 80ac408 (sz=24, trace=1, class=java.lang.String@809ded8)
	value		80ac428
ARR 80ac428 (sz=328, trace=1, nelems=157, elem type=char)
OBJ 80ac448 (sz=24, trace=1, class=java.util.Hashtable$Entry@809f5b8)
	value		80ac408
	key		80ac3c8
OBJ 80ac468 (sz=24, trace=1, class=java.lang.String@809ded8)
	value		80ac488
ARR 80ac488 (sz=32, trace=1, nelems=9, elem type=char)
OBJ 80ac4a8 (sz=24, trace=1, class=java.lang.String@809ded8)
	value		80ac4c8
ARR 80ac4c8 (sz=72, trace=1, nelems=27, elem type=char)
OBJ 80ac4e8 (sz=24, trace=1, class=java.util.Hashtable$Entry@809f5b8)
	next		80a0478
	value		80ac4a8
	key		80ac468
OBJ 80ac508 (sz=24, trace=1, class=java.lang.String@809ded8)
	value		80ac528
ARR 80ac528 (sz=48, trace=1, nelems=15, elem type=char)
OBJ 80ac548 (sz=24, trace=1, class=java.util.Hashtable$Entry@809f5b8)
	next		80abb70
	value		80ac608
	key		80ac508
OBJ 80ac568 (sz=24, trace=1, class=java.lang.String@809ded8)
	value		80ac588
ARR 80ac588 (sz=56, trace=1, nelems=19, elem type=char)
OBJ 80ac5a8 (sz=24, trace=1, class=java.lang.String@809ded8)
	value		80ac5c8
ARR 80ac5c8 (sz=592, trace=1, nelems=288, elem type=char)
OBJ 80ac5e8 (sz=24, trace=1, class=java.util.Hashtable$Entry@809f5b8)
	value		80ac5a8
	key		80ac568
OBJ 80ac608 (sz=24, trace=1, class=java.lang.String@809ded8)
	value		80ac628
ARR 80ac628 (sz=32, trace=1, nelems=9, elem type=char)
OBJ 80ac648 (sz=24, trace=1, class=java.util.Hashtable$Entry@809f5b8)
	value		80b9938
	key		80b99b8
OBJ 80ac668 (sz=24, trace=1, class=java.util.Hashtable$Entry@809f5b8)
	value		80b98f8
	key		80b99f8
OBJ 80ac700 (sz=16, trace=1, class=java.io.FileInputStream@80ac688)
	fd		80ac880
OBJ 80ac7c0 (sz=32, trace=1, class=java.lang.ref.Finalizer@80ac748)
	prev		80ac9c8
	queue		809edd8
	referent	80ac700
OBJ 80ac880 (sz=16, trace=1, class=java.io.FileDescriptor@80ac808)
OBJ 80ac8c8 (sz=16, trace=1, class=java.io.FileDescriptor@80ac808)
OBJ 80ac8e8 (sz=16, trace=1, class=java.io.FileDescriptor@80ac808)
OBJ 80ac980 (sz=24, trace=1, class=java.io.FileOutputStream@80ac908)
	fd		80ac8c8
OBJ 80ac9c8 (sz=32, trace=1, class=java.lang.ref.Finalizer@80ac748)
	prev		80aca08
	next		80ac7c0
	queue		809edd8
	referent	80ac980
OBJ 80ac9e8 (sz=24, trace=1, class=java.io.FileOutputStream@80ac908)
	fd		80ac8e8
OBJ 80aca08 (sz=32, trace=1, class=java.lang.ref.Finalizer@80ac748)
	prev		80addd8
	next		80ac9c8
	queue		809edd8
	referent	80ac9e8
OBJ 80acaa0 (sz=32, trace=1, class=java.io.BufferedInputStream@80aca28)
	buf		80acae8
	in		80ac700
ARR 80acae8 (sz=2064, trace=1, nelems=2048, elem type=byte)
OBJ 80acbb8 (sz=24, trace=1, class=java.io.PrintStream@80acb40)
	charOut		80acd58
	textOut		80ad238
	out		80acc78
OBJ 80acc78 (sz=24, trace=1, class=java.io.BufferedOutputStream@80acc00)
	buf		80accc0
	out		80ac980
ARR 80accc0 (sz=144, trace=1, nelems=128, elem type=byte)
OBJ 80acd58 (sz=24, trace=1, class=java.io.OutputStreamWriter@80acce0)
	se		80ace18
	lock		80acbb8
OBJ 80ace18 (sz=56, trace=1, class=sun.nio.cs.StreamEncoder$CharsetSE@80acda0)
	out		80acbb8
	bb		80ad158
	encoder		80acef8
	cs		80ab248
	lock		80acd58
ARR 80ace60 (sz=32, trace=1, nelems=4, elem type=java.lang.String@809ded8)
	[0]		80b8c78
	[1]		80b8cb8
	[2]		80b8cf8
	[3]		80b8d38
OBJ 80acef8 (sz=48, trace=1, class=sun.nio.cs.US_ASCII$Encoder@80ace80)
	sgp		80ad098
	cachedDecoder	80acfd8
	unmappableCharacterAction	80ab550
	malformedInputAction	80ab550
	replacement	80acf40
	charset		80ab248
ARR 80acf40 (sz=16, trace=1, nelems=1, elem type=byte)
OBJ 80acfd8 (sz=24, trace=1, class=java.lang.ref.WeakReference@80acf60)
	next		80acfd8
	queue		809ec18
OBJ 80ad098 (sz=24, trace=1, class=sun.nio.cs.Surrogate$Parser@80ad020)
	error		80ab808
OBJ 80ad158 (sz=48, trace=1, class=java.nio.HeapByteBuffer@80ad0e0)
	hb		80ad1a0
ARR 80ad1a0 (sz=8208, trace=1, nelems=8192, elem type=byte)
OBJ 80ad238 (sz=40, trace=1, class=java.io.BufferedWriter@80ad1c0)
	lineSeparator	809fe18
	cb		80ad280
	out		80acd58
	lock		80acd58
ARR 80ad280 (sz=16400, trace=1, nelems=8192, elem type=char)
OBJ 80ad2a0 (sz=24, trace=1, class=java.io.PrintStream@80acb40)
	charOut		80ad300
	textOut		80ad400
	out		80ad2c0
OBJ 80ad2c0 (sz=24, trace=1, class=java.io.BufferedOutputStream@80acc00)
	buf		80ad2e0
	out		80ac9e8
ARR 80ad2e0 (sz=144, trace=1, nelems=128, elem type=byte)
OBJ 80ad300 (sz=24, trace=1, class=java.io.OutputStreamWriter@80acce0)
	se		80ad320
	lock		80ad2a0
OBJ 80ad320 (sz=56, trace=1, class=sun.nio.cs.StreamEncoder$CharsetSE@80acda0)
	out		80ad2a0
	bb		80ad3c0
	encoder		80ad340
	cs		80ab248
	lock		80ad300
OBJ 80ad340 (sz=48, trace=1, class=sun.nio.cs.US_ASCII$Encoder@80ace80)
	sgp		80ad3a0
	cachedDecoder	80ad380
	unmappableCharacterAction	80ab550
	malformedInputAction	80ab550
	replacement	80ad360
	charset		80ab248
ARR 80ad360 (sz=16, trace=1, nelems=1, elem type=byte)
OBJ 80ad380 (sz=24, trace=1, class=java.lang.ref.WeakReference@80acf60)
	next		80ad380
	queue		809ec18
OBJ 80ad3a0 (sz=24, trace=1, class=sun.nio.cs.Surrogate$Parser@80ad020)
	error		80ab808
OBJ 80ad3c0 (sz=48, trace=1, class=java.nio.HeapByteBuffer@80ad0e0)
	hb		80ad3e0
ARR 80ad3e0 (sz=8208, trace=1, nelems=8192, elem type=byte)
OBJ 80ad400 (sz=40, trace=1, class=java.io.BufferedWriter@80ad1c0)
	lineSeparator	809fe18
	cb		80ad420
	out		80ad300
	lock		80ad300
ARR 80ad420 (sz=16400, trace=1, nelems=8192, elem type=char)
OBJ 80ad4b8 (sz=8, trace=1, class=java.lang.Runtime@80ad440)
OBJ 80ad578 (sz=24, trace=1, class=java.io.UnixFileSystem@80ad500)
	javaHomePrefixCache	80ad6c0
	cache		80ad638
	javaHome	80ac4a8
OBJ 80ad638 (sz=32, trace=1, class=java.io.ExpiringCache@80ad5c0)
	map		80ad680
OBJ 80ad680 (sz=40, trace=1, class=java.util.HashMap@809f318)
	table		80ad6a0
ARR 80ad6a0 (sz=80, trace=1, nelems=16, elem type=java.util.HashMap$Entry@809f3d8)
	[1]		80adc60
	[2]		40d83168
	[4]		40d8c310
	[5]		80afdc8
	[6]		80af3e8
	[7]		80af508
OBJ 80ad6c0 (sz=32, trace=1, class=java.io.ExpiringCache@80ad5c0)
	map		80ad6e0
OBJ 80ad6e0 (sz=40, trace=1, class=java.util.HashMap@809f318)
	table		80ad700
ARR 80ad700 (sz=80, trace=1, nelems=16, elem type=java.util.HashMap$Entry@809f3d8)
	[5]		80adcf8
	[9]		80aea50
ARR 80ad720 (sz=48, trace=1, nelems=16, elem type=char)
OBJ 80ad740 (sz=24, trace=1, class=java.lang.String@809ded8)
	value		80ad720
ARR 80ad760 (sz=48, trace=1, nelems=16, elem type=char)
OBJ 80ad780 (sz=24, trace=1, class=java.lang.String@809ded8)
	value		80ad760
OBJ 80ad7a0 (sz=8, trace=1, class=java.lang.Object@809e680)
ARR 80ad7c0 (sz=32, trace=1, nelems=4, elem type=java.lang.String@809ded8)
	[0]		80ad7e0
	[1]		80ad800
	[2]		80ad820
	[3]		80ad840
OBJ 80ad7e0 (sz=24, trace=1, class=java.lang.String@809ded8)
	value		80ac428
OBJ 80ad800 (sz=24, trace=1, class=java.lang.String@809ded8)
	value		80ac428
OBJ 80ad820 (sz=24, trace=1, class=java.lang.String@809ded8)
	value		80ac428
OBJ 80ad840 (sz=24, trace=1, class=java.lang.String@809ded8)
	value		80ac428
ARR 80ad860 (sz=16, trace=1, nelems=1, elem type=java.lang.String@809ded8)
	[0]		80ac368
ARR 80ad880 (sz=160, trace=1, nelems=74, elem type=char)
OBJ 80ad8a0 (sz=24, trace=1, class=java.lang.String@809ded8)
	value		80ad880
OBJ 80ad938 (sz=16, trace=1, class=java.lang.Boolean@80ad8c0)
OBJ 80ad980 (sz=16, trace=1, class=java.lang.Boolean@80ad8c0)
ARR 80ad9a0 (sz=32, trace=1, nelems=57, elem type=int)
OBJ 80adb40 (sz=24, trace=1, class=java.lang.String@809ded8)
	value		80ad880
OBJ 80adb60 (sz=24, trace=1, class=java.lang.String@809ded8)
	value		80adb80
ARR 80adb80 (sz=104, trace=1, nelems=46, elem type=char)
OBJ 80adc18 (sz=24, trace=1, class=java.io.ExpiringCache$Entry@80adba0)
	val		80adb60
OBJ 80adc60 (sz=24, trace=1, class=java.util.HashMap$Entry@809f3d8)
	value		80adc18
	key		80ad8a0
OBJ 80adcb8 (sz=24, trace=1, class=java.lang.String@809ded8)
	value		80adb80
OBJ 80adcd8 (sz=24, trace=1, class=java.io.ExpiringCache$Entry@80adba0)
	val		80adcb8
OBJ 80adcf8 (sz=24, trace=1, class=java.util.HashMap$Entry@809f3d8)
	value		80adcd8
	key		80adb40
OBJ 80add90 (sz=32, trace=1, class=java.lang.ClassLoader$NativeLibrary@80add18)
	name		80adb60
	fromClass	80b0bf8
OBJ 80addd8 (sz=32, trace=1, class=java.lang.ref.Finalizer@80ac748)
	prev		40d6ef20
	next		80aca08
	queue		809edd8
	referent	80add90
OBJ 80ade70 (sz=8, trace=1, class=java.lang.Terminator$1@80addf8)
OBJ 80adf30 (sz=40, trace=1, class=java.util.Hashtable@80adeb8)
	table		80adf78
ARR 80adf78 (sz=32, trace=1, nelems=4, elem type=java.util.Hashtable$Entry@809f5b8)
	[1]		80ae298
	[2]		80ae3f8
	[3]		80ae478
OBJ 80adf98 (sz=40, trace=1, class=java.util.Hashtable@80adeb8)
	table		80adfb8
ARR 80adfb8 (sz=32, trace=1, nelems=4, elem type=java.util.Hashtable$Entry@809f5b8)
	[1]		80ae278
	[2]		80ae3d8
	[3]		80ae458
OBJ 80ae050 (sz=16, trace=1, class=sun.misc.Signal@80adfd8)
	name		80bb498
ARR 80ae098 (sz=88, trace=1, nelems=36, elem type=char)
ARR 80ae0b8 (sz=216, trace=1, nelems=100, elem type=char)
ARR 80ae0d8 (sz=216, trace=1, nelems=100, elem type=char)
OBJ 80ae170 (sz=16, trace=1, class=java.lang.Integer$1@80ae0f8)
OBJ 80ae230 (sz=16, trace=1, class=java.lang.Integer@80ae1b8)
OBJ 80ae278 (sz=24, trace=1, class=java.util.Hashtable$Entry@809f5b8)
	value		80ae050
	key		80ae230
OBJ 80ae298 (sz=24, trace=1, class=java.util.Hashtable$Entry@809f5b8)
	value		80ade70
	key		80ae050
OBJ 80ae330 (sz=16, trace=1, class=sun.misc.NativeSignalHandler@80ae2b8)
OBJ 80ae378 (sz=16, trace=1, class=sun.misc.NativeSignalHandler@80ae2b8)
OBJ 80ae398 (sz=16, trace=1, class=sun.misc.Signal@80adfd8)
	name		80bb618
OBJ 80ae3b8 (sz=16, trace=1, class=java.lang.Integer@80ae1b8)
OBJ 80ae3d8 (sz=24, trace=1, class=java.util.Hashtable$Entry@809f5b8)
	value		80ae398
	key		80ae3b8
OBJ 80ae3f8 (sz=24, trace=1, class=java.util.Hashtable$Entry@809f5b8)
	value		80ade70
	key		80ae398
OBJ 80ae418 (sz=16, trace=1, class=sun.misc.Signal@80adfd8)
	name		80bb658
OBJ 80ae438 (sz=16, trace=1, class=java.lang.Integer@80ae1b8)
OBJ 80ae458 (sz=24, trace=1, class=java.util.Hashtable$Entry@809f5b8)
	value		80ae418
	key		80ae438
OBJ 80ae478 (sz=24, trace=1, class=java.util.Hashtable$Entry@809f5b8)
	value		80ade70
	key		80ae418
OBJ 80ae510 (sz=16, trace=1, class=java.lang.Long$1@80ae498)
ARR 40dfc150 (sz=64, trace=0, nelems=13, elem type=int)
ARR 80ae598 (sz=32, trace=1, nelems=10, elem type=char)
OBJ 80ae5b8 (sz=24, trace=1, class=java.lang.String@809ded8)
	value		80ae598
OBJ 80ae650 (sz=8, trace=1, class=sun.misc.Launcher$Factory@80ae5d8)
OBJ 80ae710 (sz=16, trace=1, class=sun.misc.Launcher@80ae698)
	loader		80afec0
ARR 80ae7d0 (sz=16, trace=1, nelems=1, elem type=java.io.File@80ae758)
	[0]		80ae818
OBJ 80ae818 (sz=16, trace=1, class=java.io.File@80ae758)
	path		80ac228
OBJ 80ae8e8 (sz=72, trace=1, class=sun.misc.Launcher$ExtClassLoader@80ae870)
	dirs		80ae7d0
	acc		80afd08
	ucp		80af980
	pdcache		80af8c8
	nativeLibraries	80af888
	packages	80af848
	domains		80af7c0
	classes		80af6e8
	package2certs	80af6a8
ARR 80ae930 (sz=160, trace=1, nelems=72, elem type=char)
OBJ 80ae950 (sz=24, trace=1, class=java.lang.String@809ded8)
	value		80ae930
OBJ 80ae970 (sz=24, trace=1, class=java.lang.String@809ded8)
	value		80ae930
OBJ 80ae990 (sz=24, trace=1, class=java.lang.String@809ded8)
	value		80ae9b0
ARR 80ae9b0 (sz=128, trace=1, nelems=55, elem type=char)
OBJ 80ae9d0 (sz=24, trace=1, class=java.io.ExpiringCache$Entry@80adba0)
	val		80ae990
OBJ 80ae9f0 (sz=24, trace=1, class=java.util.HashMap$Entry@809f3d8)
	value		80ae9d0
	key		80ae950
OBJ 80aea10 (sz=24, trace=1, class=java.lang.String@809ded8)
	value		80ae9b0
OBJ 80aea30 (sz=24, trace=1, class=java.io.ExpiringCache$Entry@80adba0)
	val		80aea10
OBJ 80aea50 (sz=24, trace=1, class=java.util.HashMap$Entry@809f3d8)
	value		80aea30
	key		80ae970
ARR 80aea70 (sz=272, trace=1, nelems=256, elem type=byte)
OBJ 80aeb08 (sz=16, trace=1, class=java.util.BitSet@80aea90)
	bits		80aeb50
ARR 80aeb50 (sz=48, trace=1, nelems=4, elem type=long)
ARR 80aeba8 (sz=152, trace=1, nelems=70, elem type=char)
OBJ 80aebc8 (sz=24, trace=1, class=java.lang.String@809ded8)
	value		80aeba8
OBJ 80aebe8 (sz=40, trace=1, class=java.util.Hashtable@80adeb8)
	table		80aec08
ARR 80aec08 (sz=56, trace=1, nelems=11, elem type=java.util.Hashtable$Entry@809f5b8)
	[6]		80af208
OBJ 80aec28 (sz=8, trace=1, class=java.lang.Object@809e680)
OBJ 80aecc0 (sz=56, trace=1, class=java.net.URL@80aec48)
	handler		80af1c0
	path		80aebc8
	authority	80b50b8
	file		80aebc8
	host		80b50b8
	protocol	80bc438
OBJ 80aed80 (sz=24, trace=1, class=java.util.Locale@80aed08)
	variant		80b50b8
	country		80b50b8
	language	80bc638
OBJ 80aedc8 (sz=24, trace=1, class=java.util.Locale@80aed08)
	variant		80b50b8
	country		80b50b8
	language	80bc738
OBJ 80aede8 (sz=24, trace=1, class=java.util.Locale@80aed08)
	variant		80b50b8
	country		80b50b8
	language	80bc778
OBJ 80aee08 (sz=24, trace=1, class=java.util.Locale@80aed08)
	variant		80b50b8
	country		80b50b8
	language	80bc7b8
OBJ 80aee28 (sz=24, trace=1, class=java.util.Locale@80aed08)
	variant		80b50b8
	country		80b50b8
	language	80bc7f8
OBJ 80aee48 (sz=24, trace=1, class=java.util.Locale@80aed08)
	variant		80b50b8
	country		80b50b8
	language	80bc838
OBJ 80aee68 (sz=24, trace=1, class=java.util.Locale@80aed08)
	variant		80b50b8
	country		80b50b8
	language	80bc878
OBJ 80aee88 (sz=24, trace=1, class=java.util.Locale@80aed08)
	variant		80b50b8
	country		80bc8b8
	language	80bc878
OBJ 80aeea8 (sz=24, trace=1, class=java.util.Locale@80aed08)
	variant		80b50b8
	country		80bc8f8
	language	80bc878
OBJ 80aeec8 (sz=24, trace=1, class=java.util.Locale@80aed08)
	variant		80b50b8
	country		80bc938
	language	80bc738
OBJ 80aeee8 (sz=24, trace=1, class=java.util.Locale@80aed08)
	variant		80b50b8
	country		80bc978
	language	80bc778
OBJ 80aef08 (sz=24, trace=1, class=java.util.Locale@80aed08)
	variant		80b50b8
	country		80bc9b8
	language	80bc7b8
OBJ 80aef28 (sz=24, trace=1, class=java.util.Locale@80aed08)
	variant		80b50b8
	country		80bc9f8
	language	80bc7f8
OBJ 80aef48 (sz=24, trace=1, class=java.util.Locale@80aed08)
	variant		80b50b8
	country		80bca38
	language	80bc838
OBJ 80aef68 (sz=24, trace=1, class=java.util.Locale@80aed08)
	variant		80b50b8
	country		80bc8b8
	language	80bc878
OBJ 80aef88 (sz=24, trace=1, class=java.util.Locale@80aed08)
	variant		80b50b8
	country		80bc8b8
	language	80bc878
OBJ 80aefa8 (sz=24, trace=1, class=java.util.Locale@80aed08)
	variant		80b50b8
	country		80bc8f8
	language	80bc878
OBJ 80aefc8 (sz=24, trace=1, class=java.util.Locale@80aed08)
	variant		80b50b8
	country		80bca78
	language	80bc638
OBJ 80aefe8 (sz=24, trace=1, class=java.util.Locale@80aed08)
	variant		80b50b8
	country		80bcab8
	language	80bc638
OBJ 80af008 (sz=24, trace=1, class=java.util.Locale@80aed08)
	variant		80b50b8
	country		80bcaf8
	language	80bc638
OBJ 80af028 (sz=24, trace=1, class=java.util.Locale@80aed08)
	variant		80b50b8
	country		80bcaf8
	language	80bc738
OBJ 80af048 (sz=24, trace=1, class=java.util.Locale@80aed08)
	variant		80b50b8
	country		80bcab8
	language	80bc638
ARR 80af068 (sz=16, trace=1, nelems=1, elem type=java.lang.reflect.Constructor@80aae18)
	[0]		80af0a8
ARR 80af088 (sz=16, trace=1, nelems=0, elem type=java.lang.Class@809dd88)
OBJ 80af0a8 (sz=48, trace=1, class=java.lang.reflect.Constructor@80aae18)
	constructorAccessor	80af128
	exceptionTypes	809de38
	parameterTypes	80af088
	clazz		80af148
OBJ 80af0c8 (sz=32, trace=1, class=java.lang.ref.SoftReference@80a0810)
	queue		809ec18
	referent	80af068
OBJ 80af0e8 (sz=48, trace=1, class=java.lang.reflect.Constructor@80aae18)
	root		80af0a8
	constructorAccessor	80af128
	exceptionTypes	809de38
	parameterTypes	80af088
	clazz		80af148
OBJ 80af108 (sz=24, trace=1, class=sun.reflect.NativeConstructorAccessorImpl@80ab050)
	parent		80af128
	c		80af0e8
OBJ 80af128 (sz=16, trace=1, class=sun.reflect.DelegatingConstructorAccessorImpl@80ab110)
	delegate	80af108
OBJ 80af1c0 (sz=8, trace=1, class=sun.net.www.protocol.file.Handler@80af148)
OBJ 80af208 (sz=24, trace=1, class=java.util.Hashtable$Entry@809f5b8)
	value		80af1c0
	key		80bc438
ARR 80af228 (sz=160, trace=1, nelems=72, elem type=char)
OBJ 80af248 (sz=24, trace=1, class=java.lang.String@809ded8)
	value		80af228
ARR 80af268 (sz=160, trace=1, nelems=72, elem type=char)
OBJ 80af288 (sz=24, trace=1, class=java.lang.String@809ded8)
	value		80af268
OBJ 80af2a8 (sz=24, trace=1, class=java.io.ExpiringCache$Entry@80adba0)
	val		80af248
OBJ 80af2c8 (sz=24, trace=1, class=java.util.HashMap$Entry@809f3d8)
	next		80ae9f0
	value		80af2a8
	key		80af288
ARR 80af2e8 (sz=152, trace=1, nelems=70, elem type=char)
OBJ 80af308 (sz=24, trace=1, class=java.lang.String@809ded8)
	value		80af2e8
OBJ 80af328 (sz=56, trace=1, class=java.net.URL@80aec48)
	handler		80af1c0
	path		80af308
	authority	80b50b8
	file		80af308
	host		80b50b8
	protocol	80bc438
ARR 80af348 (sz=160, trace=1, nelems=72, elem type=char)
OBJ 80af368 (sz=24, trace=1, class=java.lang.String@809ded8)
	value		80af348
ARR 80af388 (sz=160, trace=1, nelems=72, elem type=char)
OBJ 80af3a8 (sz=24, trace=1, class=java.lang.String@809ded8)
	value		80af388
OBJ 80af3c8 (sz=24, trace=1, class=java.io.ExpiringCache$Entry@80adba0)
	val		80af368
OBJ 80af3e8 (sz=24, trace=1, class=java.util.HashMap$Entry@809f3d8)
	value		80af3c8
	key		80af3a8
ARR 80af408 (sz=184, trace=1, nelems=86, elem type=char)
OBJ 80af428 (sz=24, trace=1, class=java.lang.String@809ded8)
	value		80af408
OBJ 80af448 (sz=56, trace=1, class=java.net.URL@80aec48)
	handler		80af1c0
	path		80af428
	authority	80b50b8
	file		80af428
	host		80b50b8
	protocol	80bc438
ARR 80af468 (sz=160, trace=1, nelems=72, elem type=char)
OBJ 80af488 (sz=24, trace=1, class=java.lang.String@809ded8)
	value		80af468
ARR 80af4a8 (sz=160, trace=1, nelems=72, elem type=char)
OBJ 80af4c8 (sz=24, trace=1, class=java.lang.String@809ded8)
	value		80af4a8
OBJ 80af4e8 (sz=24, trace=1, class=java.io.ExpiringCache$Entry@80adba0)
	val		80af488
OBJ 80af508 (sz=24, trace=1, class=java.util.HashMap$Entry@809f3d8)
	value		80af4e8
	key		80af4c8
ARR 80af528 (sz=152, trace=1, nelems=70, elem type=char)
OBJ 80af548 (sz=24, trace=1, class=java.lang.String@809ded8)
	value		80af528
OBJ 80af568 (sz=56, trace=1, class=java.net.URL@80aec48)
	handler		80af1c0
	path		80af548
	authority	80b50b8
	file		80af548
	host		80b50b8
	protocol	80bc438
ARR 80af588 (sz=160, trace=1, nelems=72, elem type=char)
OBJ 80af5a8 (sz=24, trace=1, class=java.lang.String@809ded8)
	value		80af588
ARR 80af5c8 (sz=160, trace=1, nelems=72, elem type=char)
OBJ 80af5e8 (sz=24, trace=1, class=java.lang.String@809ded8)
	value		80af5c8
OBJ 80af608 (sz=24, trace=1, class=java.io.ExpiringCache$Entry@80adba0)
	val		80af5a8
OBJ 80af628 (sz=24, trace=1, class=java.util.HashMap$Entry@809f3d8)
	value		80af608
	key		80af5e8
ARR 80af648 (sz=152, trace=1, nelems=70, elem type=char)
OBJ 80af668 (sz=24, trace=1, class=java.lang.String@809ded8)
	value		80af648
OBJ 80af688 (sz=56, trace=1, class=java.net.URL@80aec48)
	handler		80af1c0
	path		80af668
	authority	80b50b8
	file		80af668
	host		80b50b8
	protocol	80bc438
OBJ 80af6a8 (sz=40, trace=1, class=java.util.Hashtable@80adeb8)
	table		80af6c8
ARR 80af6c8 (sz=56, trace=1, nelems=11, elem type=java.util.Hashtable$Entry@809f5b8)
OBJ 80af6e8 (sz=24, trace=1, class=java.util.Vector@809e5c0)
	elementData	80af708
ARR 80af708 (sz=56, trace=1, nelems=10, elem type=java.lang.Object@809e680)
OBJ 80af728 (sz=8, trace=1, class=java.lang.Object@809e680)
OBJ 80af7c0 (sz=16, trace=1, class=java.util.HashSet@80af748)
	map		80af808
OBJ 80af808 (sz=40, trace=1, class=java.util.HashMap@809f318)
	table		80af828
ARR 80af828 (sz=80, trace=1, nelems=16, elem type=java.util.HashMap$Entry@809f3d8)
OBJ 80af848 (sz=40, trace=1, class=java.util.HashMap@809f318)
	table		80af868
ARR 80af868 (sz=80, trace=1, nelems=16, elem type=java.util.HashMap$Entry@809f3d8)
OBJ 80af888 (sz=24, trace=1, class=java.util.Vector@809e5c0)
	elementData	80af8a8
ARR 80af8a8 (sz=56, trace=1, nelems=10, elem type=java.lang.Object@809e680)
OBJ 80af8c8 (sz=40, trace=1, class=java.util.HashMap@809f318)
	table		80af8e8
ARR 80af8e8 (sz=80, trace=1, nelems=16, elem type=java.util.HashMap$Entry@809f3d8)
OBJ 80af980 (sz=32, trace=1, class=sun.misc.URLClassPath@80af908)
	jarHandler	80afcc0
	lmap		80afb28
	loaders		80afae8
	urls		80afaa8
	path		80afa40
OBJ 80afa40 (sz=24, trace=1, class=java.util.ArrayList@80af9c8)
	elementData	80afa88
ARR 80afa88 (sz=56, trace=1, nelems=10, elem type=java.lang.Object@809e680)
	[0]		80aecc0
	[1]		80af328
	[2]		80af448
	[3]		80af568
	[4]		80af688
OBJ 80afaa8 (sz=24, trace=1, class=java.util.Stack@809e780)
	elementData	80afac8
ARR 80afac8 (sz=56, trace=1, nelems=10, elem type=java.lang.Object@809e680)
OBJ 80afae8 (sz=24, trace=1, class=java.util.ArrayList@80af9c8)
	elementData	80afb08
ARR 80afb08 (sz=56, trace=1, nelems=10, elem type=java.lang.Object@809e680)
	[0]		40d68e88
	[1]		40d72628
	[2]		40d73320
	[3]		40d74a98
	[4]		40d757c8
OBJ 80afb28 (sz=40, trace=1, class=java.util.HashMap@809f318)
	table		80afb48
ARR 80afb48 (sz=80, trace=1, nelems=16, elem type=java.util.HashMap$Entry@809f3d8)
	[7]		40d72e70
	[8]		40d76420
	[14]		40d724a8
ARR 80afb68 (sz=16, trace=1, nelems=1, elem type=java.lang.reflect.Constructor@80aae18)
	[0]		80afba8
ARR 80afb88 (sz=16, trace=1, nelems=0, elem type=java.lang.Class@809dd88)
OBJ 80afba8 (sz=48, trace=1, class=java.lang.reflect.Constructor@80aae18)
	constructorAccessor	80afc28
	exceptionTypes	809de38
	parameterTypes	80afb88
	clazz		80afc48
OBJ 80afbc8 (sz=32, trace=1, class=java.lang.ref.SoftReference@80a0810)
	queue		809ec18
	referent	80afb68
OBJ 80afbe8 (sz=48, trace=1, class=java.lang.reflect.Constructor@80aae18)
	root		80afba8
	constructorAccessor	80afc28
	exceptionTypes	809de38
	parameterTypes	80afb88
	clazz		80afc48
OBJ 80afc08 (sz=24, trace=1, class=sun.reflect.NativeConstructorAccessorImpl@80ab050)
	parent		80afc28
	c		80afbe8
OBJ 80afc28 (sz=16, trace=1, class=sun.reflect.DelegatingConstructorAccessorImpl@80ab110)
	delegate	80afc08
OBJ 80afcc0 (sz=8, trace=1, class=sun.net.www.protocol.jar.Handler@80afc48)
OBJ 80afd08 (sz=24, trace=1, class=java.security.AccessControlContext@809e3e8)
ARR 80afd28 (sz=152, trace=1, nelems=70, elem type=char)
OBJ 80afd48 (sz=24, trace=1, class=java.lang.String@809ded8)
	value		80afd28
OBJ 80afd68 (sz=24, trace=1, class=java.lang.String@809ded8)
	value		80afd88
ARR 80afd88 (sz=24, trace=1, nelems=6, elem type=char)
OBJ 80afda8 (sz=24, trace=1, class=java.io.ExpiringCache$Entry@80adba0)
	val		80afd68
OBJ 80afdc8 (sz=24, trace=1, class=java.util.HashMap$Entry@809f3d8)
	next		80af2c8
	value		80afda8
	key		80afd48
ARR 80afde8 (sz=48, trace=1, nelems=16, elem type=char)
OBJ 80afe08 (sz=24, trace=1, class=java.lang.String@809ded8)
	value		80afde8
OBJ 80afe28 (sz=56, trace=1, class=java.net.URL@80aec48)
	handler		80af1c0
	path		80afe08
	authority	80b50b8
	file		80afe08
	host		80b50b8
	protocol	80bc438
OBJ 80afec0 (sz=72, trace=1, class=sun.misc.Launcher$AppClassLoader@80afe48)
	acc		80b01e8
	ucp		80b00a8
	pdcache		80b0068
	nativeLibraries	80b0028
	packages	80affe8
	domains		80aff88
	classes		80aff48
	nocerts		40d87cd8
	package2certs	80aff08
	parent		80ae8e8
OBJ 80aff08 (sz=40, trace=1, class=java.util.Hashtable@80adeb8)
	table		80aff28
ARR 80aff28 (sz=56, trace=1, nelems=11, elem type=java.util.Hashtable$Entry@809f5b8)
	[3]		40d87da0
OBJ 80aff48 (sz=24, trace=1, class=java.util.Vector@809e5c0)
	elementData	80aff68
ARR 80aff68 (sz=56, trace=1, nelems=10, elem type=java.lang.Object@809e680)
	[0]		40d88a50
	[1]		40d8acc0
	[2]		40d8ea88
OBJ 80aff88 (sz=16, trace=1, class=java.util.HashSet@80af748)
	map		80affa8
OBJ 80affa8 (sz=40, trace=1, class=java.util.HashMap@809f318)
	table		80affc8
ARR 80affc8 (sz=80, trace=1, nelems=16, elem type=java.util.HashMap$Entry@809f3d8)
	[8]		40d888e0
OBJ 80affe8 (sz=40, trace=1, class=java.util.HashMap@809f318)
	table		80b0008
ARR 80b0008 (sz=80, trace=1, nelems=16, elem type=java.util.HashMap$Entry@809f3d8)
	[15]		40d79918
OBJ 80b0028 (sz=24, trace=1, class=java.util.Vector@809e5c0)
	elementData	80b0048
ARR 80b0048 (sz=56, trace=1, nelems=10, elem type=java.lang.Object@809e680)
	[0]		40d8c3a0
OBJ 80b0068 (sz=40, trace=1, class=java.util.HashMap@809f318)
	table		80b0088
ARR 80b0088 (sz=80, trace=1, nelems=16, elem type=java.util.HashMap$Entry@809f3d8)
	[9]		40d871a8
OBJ 80b00a8 (sz=32, trace=1, class=sun.misc.URLClassPath@80af908)
	jarHandler	80b01c8
	lmap		80b0188
	loaders		80b0148
	urls		80b0108
	path		80b00c8
OBJ 80b00c8 (sz=24, trace=1, class=java.util.ArrayList@80af9c8)
	elementData	80b00e8
ARR 80b00e8 (sz=56, trace=1, nelems=10, elem type=java.lang.Object@809e680)
	[0]		80afe28
OBJ 80b0108 (sz=24, trace=1, class=java.util.Stack@809e780)
	elementData	80b0128
ARR 80b0128 (sz=56, trace=1, nelems=10, elem type=java.lang.Object@809e680)
OBJ 80b0148 (sz=24, trace=1, class=java.util.ArrayList@80af9c8)
	elementData	80b0168
ARR 80b0168 (sz=56, trace=1, nelems=10, elem type=java.lang.Object@809e680)
	[0]		40d76d08
OBJ 80b0188 (sz=40, trace=1, class=java.util.HashMap@809f318)
	table		80b01a8
ARR 80b01a8 (sz=80, trace=1, nelems=16, elem type=java.util.HashMap$Entry@809f3d8)
	[9]		40d76e28
OBJ 80b01c8 (sz=8, trace=1, class=sun.net.www.protocol.jar.Handler@80afc48)
OBJ 80b01e8 (sz=24, trace=1, class=java.security.AccessControlContext@809e3e8)
OBJ 40d629e0 (sz=72, trace=1, class=java.lang.Thread@809e2c8)
	inheritedAccessControlContext	809e460
	contextClassLoader	80afec0
	group		809e1c8
	name		40d62b10
ARR 40dfc108 (sz=72, trace=0, nelems=15, elem type=int)
ARR 40d62b10 (sz=48, trace=2, nelems=17, elem type=char)
ARR 40dfc0b0 (sz=96, trace=0, nelems=21, elem type=int)
OBJ 40d639d0 (sz=72, trace=1, class=java.lang.Thread@809e2c8)
	inheritedAccessControlContext	809e460
	contextClassLoader	80afec0
	group		809e1c8
	name		40d63a60
ARR 40dfbb38 (sz=72, trace=0, nelems=15, elem type=int)
ARR 40d63a60 (sz=48, trace=2, nelems=15, elem type=char)
ARR 40dfbb18 (sz=1680, trace=0, nelems=417, elem type=int)
ARR 40d66990 (sz=72, trace=1, nelems=27, elem type=char)
ARR 40db3ff8 (sz=960, trace=0, nelems=237, elem type=int)
OBJ 40d68e88 (sz=32, trace=19, class=sun.misc.URLClassPath$JarLoader@40d68398)
	lmap		80afb28
	handler		80afcc0
	csu		80aecc0
	jar		40d6ee68
	base		40d68f40
OBJ 40d68f40 (sz=56, trace=20, class=java.net.URL@80aec48)
	handler		80afcc0
	path		40d69630
	authority	80b50b8
	file		40d69630
	host		80b50b8
	protocol	80bd498
ARR 40db3fa0 (sz=392, trace=0, nelems=95, elem type=int)
ARR 40d69598 (sz=256, trace=27, nelems=122, elem type=char)
OBJ 40d69630 (sz=24, trace=28, class=java.lang.String@809ded8)
	value		40d69598
ARR 40d85850 (sz=192, trace=0, nelems=45, elem type=int)
ARR 40d69df8 (sz=152, trace=33, nelems=70, elem type=char)
OBJ 40d69e88 (sz=24, trace=34, class=java.lang.String@809ded8)
	value		40d69df8
ARR 40d84d40 (sz=960, trace=0, nelems=237, elem type=int)
OBJ 40d6e780 (sz=8, trace=52, class=java.util.jar.JavaUtilJarAccessImpl@40d6e5e0)
ARR 40d6eca0 (sz=32, trace=53, nelems=10, elem type=char)
ARR 40d6ed58 (sz=528, trace=54, nelems=128, elem type=int)
ARR 40d6ee10 (sz=56, trace=55, nelems=10, elem type=int)
OBJ 40d6ee68 (sz=48, trace=40, class=java.util.jar.JarFile@40d6c530)
	inflaters	40d6f0e0
	name		40d69e88
OBJ 40d6ef20 (sz=32, trace=56, class=java.lang.ref.Finalizer@80ac748)
	prev		40d72940
	next		80addd8
	queue		809edd8
	referent	40d6ee68
ARR 40d83a88 (sz=16, trace=0, nelems=1, elem type=int)
OBJ 40d6f0e0 (sz=24, trace=58, class=java.util.Vector@809e5c0)
	elementData	40d6f1a8
ARR 40d6f1a8 (sz=56, trace=59, nelems=10, elem type=java.lang.Object@809e680)
ARR 40d81b38 (sz=856, trace=0, nelems=211, elem type=int)
OBJ 40d724a8 (sz=24, trace=71, class=java.util.HashMap$Entry@809f3d8)
	value		40d68e88
	key		80aecc0
ARR 40d7ac70 (sz=192, trace=0, nelems=45, elem type=int)
OBJ 40d72628 (sz=32, trace=19, class=sun.misc.URLClassPath$JarLoader@40d68398)
	lmap		80afb28
	handler		80afcc0
	csu		80af328
	jar		40d72920
	base		40d72648
OBJ 40d72648 (sz=56, trace=20, class=java.net.URL@80aec48)
	handler		80afcc0
	path		40d72748
	authority	80b50b8
	file		40d72748
	host		80b50b8
	protocol	80bd498
ARR 80bd3d8 (sz=344, trace=0, nelems=83, elem type=int)
ARR 40d72728 (sz=216, trace=27, nelems=102, elem type=char)
OBJ 40d72748 (sz=24, trace=28, class=java.lang.String@809ded8)
	value		40d72728
ARR 80bd138 (sz=192, trace=0, nelems=45, elem type=int)
ARR 40d72808 (sz=152, trace=33, nelems=70, elem type=char)
OBJ 40d72828 (sz=24, trace=34, class=java.lang.String@809ded8)
	value		40d72808
ARR 80bd058 (sz=200, trace=0, nelems=47, elem type=int)
OBJ 40d72920 (sz=48, trace=40, class=java.util.jar.JarFile@40d6c530)
	inflaters	40d72980
	name		40d72828
OBJ 40d72940 (sz=32, trace=56, class=java.lang.ref.Finalizer@80ac748)
	prev		40d74db0
	next		40d6ef20
	queue		809edd8
	referent	40d72920
ARR 80b5d78 (sz=16, trace=0, nelems=1, elem type=int)
OBJ 40d72980 (sz=24, trace=58, class=java.util.Vector@809e5c0)
	elementData	40d729a0
ARR 40d729a0 (sz=56, trace=59, nelems=10, elem type=java.lang.Object@809e680)
ARR 80b4c58 (sz=496, trace=0, nelems=121, elem type=int)
OBJ 40d72e70 (sz=24, trace=71, class=java.util.HashMap$Entry@809f3d8)
	value		40d72628
	key		80af328
ARR 80b4b78 (sz=192, trace=0, nelems=45, elem type=int)
OBJ 40d73320 (sz=16, trace=73, class=sun.misc.URLClassPath$FileLoader@40d730f0)
	dir		40d73678
	base		80af448
ARR 80b3cb8 (sz=328, trace=0, nelems=79, elem type=int)
OBJ 40d73678 (sz=16, trace=78, class=java.io.File@80ae758)
	path		40d73978
ARR 80b2878 (sz=24, trace=0, nelems=3, elem type=int)
ARR 40d73808 (sz=104, trace=80, nelems=43, elem type=char)
ARR 80b2738 (sz=24, trace=0, nelems=3, elem type=int)
OBJ 40d73978 (sz=24, trace=82, class=java.lang.String@809ded8)
	value		40d73808
OBJ 40d739c0 (sz=24, trace=71, class=java.util.HashMap$Entry@809f3d8)
	value		40d73320
	key		80af448
ARR 40dfd078 (sz=1536, trace=0, nelems=381, elem type=int)
OBJ 40d74a98 (sz=32, trace=19, class=sun.misc.URLClassPath$JarLoader@40d68398)
	lmap		80afb28
	handler		80afcc0
	csu		80af568
	jar		40d74d90
	base		40d74ab8
OBJ 40d74ab8 (sz=56, trace=20, class=java.net.URL@80aec48)
	handler		80afcc0
	path		40d74bb8
	authority	80b50b8
	file		40d74bb8
	host		80b50b8
	protocol	80bd498
ARR 40dfd020 (sz=360, trace=0, nelems=87, elem type=int)
ARR 40d74b98 (sz=224, trace=27, nelems=106, elem type=char)
OBJ 40d74bb8 (sz=24, trace=28, class=java.lang.String@809ded8)
	value		40d74b98
ARR 40dfcf50 (sz=192, trace=0, nelems=45, elem type=int)
ARR 40d74c78 (sz=152, trace=33, nelems=70, elem type=char)
OBJ 40d74c98 (sz=24, trace=34, class=java.lang.String@809ded8)
	value		40d74c78
ARR 40dfcf30 (sz=200, trace=0, nelems=47, elem type=int)
OBJ 40d74d90 (sz=48, trace=40, class=java.util.jar.JarFile@40d6c530)
	inflaters	40d74df0
	name		40d74c98
OBJ 40d74db0 (sz=32, trace=56, class=java.lang.ref.Finalizer@80ac748)
	prev		40d75aa8
	next		40d72940
	queue		809edd8
	referent	40d74d90
ARR 40dfcf10 (sz=16, trace=0, nelems=1, elem type=int)
OBJ 40d74df0 (sz=24, trace=58, class=java.util.Vector@809e5c0)
	elementData	40d74e10
ARR 40d74e10 (sz=56, trace=59, nelems=10, elem type=java.lang.Object@809e680)
ARR 40dfcef0 (sz=496, trace=0, nelems=121, elem type=int)
OBJ 40d75708 (sz=24, trace=71, class=java.util.HashMap$Entry@809f3d8)
	next		40d739c0
	value		40d74a98
	key		80af568
ARR 40dfced0 (sz=192, trace=0, nelems=45, elem type=int)
OBJ 40d757c8 (sz=32, trace=19, class=sun.misc.URLClassPath$JarLoader@40d68398)
	lmap		80afb28
	handler		80afcc0
	csu		80af688
	jar		40d75a88
	base		40d757e8
OBJ 40d757e8 (sz=56, trace=20, class=java.net.URL@80aec48)
	handler		80afcc0
	path		40d758e8
	authority	80b50b8
	file		40d758e8
	host		80b50b8
	protocol	80bd498
ARR 40dfceb0 (sz=376, trace=0, nelems=91, elem type=int)
ARR 40d758c8 (sz=240, trace=27, nelems=112, elem type=char)
OBJ 40d758e8 (sz=24, trace=28, class=java.lang.String@809ded8)
	value		40d758c8
ARR 40dfce90 (sz=192, trace=0, nelems=45, elem type=int)
ARR 40d759a8 (sz=152, trace=33, nelems=70, elem type=char)
OBJ 40d759c8 (sz=24, trace=34, class=java.lang.String@809ded8)
	value		40d759a8
ARR 40dfce70 (sz=200, trace=0, nelems=47, elem type=int)
OBJ 40d75a88 (sz=48, trace=40, class=java.util.jar.JarFile@40d6c530)
	inflaters	40d75b78
	name		40d759c8
OBJ 40d75aa8 (sz=32, trace=56, class=java.lang.ref.Finalizer@80ac748)
	prev		40d8c438
	next		40d74db0
	queue		809edd8
	referent	40d75a88
ARR 40dfce50 (sz=16, trace=0, nelems=1, elem type=int)
OBJ 40d75b78 (sz=24, trace=58, class=java.util.Vector@809e5c0)
	elementData	40d75bc8
ARR 40d75bc8 (sz=56, trace=59, nelems=10, elem type=java.lang.Object@809e680)
ARR 40dfce30 (sz=496, trace=0, nelems=121, elem type=int)
OBJ 40d76420 (sz=24, trace=71, class=java.util.HashMap$Entry@809f3d8)
	next		40d75708
	value		40d757c8
	key		80af688
ARR 40dfce10 (sz=968, trace=0, nelems=239, elem type=int)
OBJ 40d76d08 (sz=16, trace=73, class=sun.misc.URLClassPath$FileLoader@40d730f0)
	dir		40d76d88
	base		80afe28
ARR 40dfcdf0 (sz=96, trace=0, nelems=21, elem type=int)
OBJ 40d76d88 (sz=16, trace=78, class=java.io.File@80ae758)
	path		40d76e08
ARR 40dfcdd0 (sz=24, trace=0, nelems=3, elem type=int)
ARR 40d76dc8 (sz=32, trace=80, nelems=7, elem type=char)
ARR 40dfcdb0 (sz=24, trace=0, nelems=3, elem type=int)
OBJ 40d76e08 (sz=24, trace=82, class=java.lang.String@809ded8)
	value		40d76dc8
OBJ 40d76e28 (sz=24, trace=71, class=java.util.HashMap$Entry@809f3d8)
	value		40d76d08
	key		80afe28
ARR 40dfcd90 (sz=832, trace=0, nelems=205, elem type=int)
OBJ 40d77c08 (sz=24, trace=106, class=java.lang.String@809ded8)
	value		40d66990
OBJ 40d79110 (sz=40, trace=108, class=java.util.HashMap@809f318)
	table		40d791e8
ARR 40d791e8 (sz=144, trace=109, nelems=32, elem type=java.util.HashMap$Entry@809f3d8)
OBJ 40d792a0 (sz=40, trace=110, class=java.util.HashMap@809f318)
	table		40d79338
ARR 40d79338 (sz=80, trace=111, nelems=16, elem type=java.util.HashMap$Entry@809f3d8)
OBJ 40d793f0 (sz=40, trace=112, class=java.util.HashMap@809f318)
	table		40d79488
ARR 40d79488 (sz=80, trace=113, nelems=16, elem type=java.util.HashMap$Entry@809f3d8)
ARR 40dfcd70 (sz=336, trace=0, nelems=81, elem type=int)
OBJ 40d79860 (sz=40, trace=118, class=java.lang.Package@40d77eb8)
	pkgName		40d77c08
OBJ 40d79918 (sz=24, trace=119, class=java.util.HashMap$Entry@809f3d8)
	value		40d79860
	key		40d77c08
ARR 40d79a10 (sz=16, trace=120, nelems=589, elem type=int)
OBJ 40d7a5e0 (sz=24, trace=124, class=java.security.CodeSource@40d79f98)
	location	80afe28
ARR 40d7b4e8 (sz=24, trace=126, nelems=2, elem type=java.io.ObjectStreamField@809dfd0)
	[0]		40d7b540
	[1]		40d7bda0
OBJ 40d7b540 (sz=32, trace=126, class=java.io.ObjectStreamField@809dfd0)
	type		80adeb8
	signature	40d7bd58
	name		40d7b5f0
ARR 40dfcd50 (sz=432, trace=0, nelems=105, elem type=int)
OBJ 40d7bda0 (sz=32, trace=126, class=java.io.ObjectStreamField@809dfd0)
	type		40d7a8d0
	signature	40d7c070
	name		40d7bde0
ARR 40dfcd30 (sz=632, trace=0, nelems=155, elem type=int)
OBJ 40d7c0a0 (sz=24, trace=125, class=java.security.Permissions@40d7ad50)
	permsMap	40d7c128
OBJ 40d7c128 (sz=40, trace=138, class=java.util.HashMap@809f318)
	table		40d7c1c0
ARR 40d7c1c0 (sz=80, trace=139, nelems=16, elem type=java.util.HashMap$Entry@809f3d8)
	[13]		40d869f8
ARR 40dfcd10 (sz=216, trace=0, nelems=51, elem type=int)
OBJ 40d7fb88 (sz=40, trace=146, class=java.util.Hashtable@80adeb8)
	table		40d7fc60
ARR 40d7fc60 (sz=56, trace=147, nelems=11, elem type=java.util.Hashtable$Entry@809f5b8)
OBJ 40d802c8 (sz=8, trace=148, class=java.net.UnknownContentHandler@40d80168)
ARR 40dfccf0 (sz=360, trace=0, nelems=87, elem type=int)
ARR 40d82db0 (sz=32, trace=80, nelems=7, elem type=char)
ARR 40dfccd0 (sz=24, trace=0, nelems=3, elem type=int)
OBJ 40d82df0 (sz=24, trace=82, class=java.lang.String@809ded8)
	value		40d82db0
ARR 40dfccb0 (sz=144, trace=0, nelems=33, elem type=int)
OBJ 40d82fa8 (sz=24, trace=164, class=java.lang.String@809ded8)
	value		40d825b8
ARR 40d825b8 (sz=24, trace=6, nelems=6, elem type=char)
ARR 40dfcc90 (sz=96, trace=0, nelems=21, elem type=int)
OBJ 40d830d0 (sz=24, trace=165, class=java.io.ExpiringCache$Entry@80adba0)
	val		40d82fa8
OBJ 40d83168 (sz=24, trace=166, class=java.util.HashMap$Entry@809f3d8)
	value		40d830d0
	key		40d82df0
ARR 40dfcc70 (sz=24, trace=0, nelems=3, elem type=int)
ARR 40d832d8 (sz=48, trace=168, nelems=16, elem type=char)
OBJ 40d83420 (sz=24, trace=169, class=java.lang.String@809ded8)
	value		40d832d8
OBJ 40d834d8 (sz=32, trace=170, class=java.io.FilePermission@40d81c00)
	cpath		40d838b0
	name		40d83420
ARR 40dfcc50 (sz=184, trace=0, nelems=43, elem type=int)
ARR 40d83818 (sz=48, trace=174, nelems=16, elem type=char)
OBJ 40d838b0 (sz=24, trace=175, class=java.lang.String@809ded8)
	value		40d83818
ARR 40d84018 (sz=16, trace=177, nelems=1, elem type=java.io.ObjectStreamField@809dfd0)
	[0]		40d84070
OBJ 40d84070 (sz=32, trace=177, class=java.io.ObjectStreamField@809dfd0)
	type		809e5c0
	signature	40d84480
	name		40d84120
ARR 40dfcc30 (sz=424, trace=0, nelems=103, elem type=int)
OBJ 40d844d8 (sz=16, trace=176, class=java.io.FilePermissionCollection@40d83ba8)
	perms		40d84590
OBJ 40d84590 (sz=24, trace=181, class=java.util.ArrayList@80af9c8)
	elementData	40d84668
ARR 40d84668 (sz=56, trace=182, nelems=10, elem type=java.lang.Object@809e680)
	[0]		40d834d8
OBJ 40d84720 (sz=24, trace=183, class=java.util.HashMap$Entry@809f3d8)
	value		40d844d8
	key		40d81c00
OBJ 40d85628 (sz=24, trace=186, class=java.lang.RuntimePermission@809e860)
	path		40d856d8
	name		40d856d8
ARR 40d85df0 (sz=24, trace=188, nelems=3, elem type=java.io.ObjectStreamField@809dfd0)
	[0]		40d85e48
	[1]		40d860d0
	[2]		40d86670
OBJ 40d85e48 (sz=32, trace=188, class=java.io.ObjectStreamField@809dfd0)
	type		80adeb8
	signature	40d7bd58
	name		40d84120
ARR 40dfcc10 (sz=432, trace=0, nelems=105, elem type=int)
OBJ 40d860d0 (sz=32, trace=188, class=java.io.ObjectStreamField@809dfd0)
	type		80b3318
	signature	40d86628
	name		40d86148
ARR 40dfcbf0 (sz=96, trace=0, nelems=21, elem type=int)
OBJ 40d86670 (sz=32, trace=188, class=java.io.ObjectStreamField@809dfd0)
	type		809dd88
	signature	40d86830
	name		40d866b0
ARR 40dfcbd0 (sz=424, trace=0, nelems=103, elem type=int)
OBJ 40d86860 (sz=24, trace=187, class=java.security.BasicPermissionCollection@40d85970)
	permClass	809e860
	perms		40d86918
OBJ 40d86918 (sz=40, trace=195, class=java.util.HashMap@809f318)
	table		40d869b0
ARR 40d869b0 (sz=80, trace=196, nelems=16, elem type=java.util.HashMap$Entry@809f3d8)
	[1]		40d86aa8
OBJ 40d869f8 (sz=24, trace=183, class=java.util.HashMap$Entry@809f3d8)
	next		40d84720
	value		40d86860
	key		809e860
OBJ 40d86aa8 (sz=24, trace=197, class=java.util.HashMap$Entry@809f3d8)
	value		40d85628
	key		40d856d8
OBJ 40d86c70 (sz=32, trace=199, class=java.security.ProtectionDomain@80b0f98)
	permissions	40d7c0a0
	principals	40d870f0
	classloader	80afec0
	codesource	40d7a5e0
ARR 40d870f0 (sz=16, trace=200, nelems=0, elem type=java.security.Principal@40d86e70)
OBJ 40d871a8 (sz=24, trace=201, class=java.util.HashMap$Entry@809f3d8)
	value		40d86c70
	key		40d7a5e0
OBJ 40d87390 (sz=24, trace=203, class=java.lang.String@809ded8)
	value		40d66990
ARR 40d87cd8 (sz=16, trace=204, nelems=0, elem type=java.security.cert.Certificate@40d87610)
OBJ 40d87da0 (sz=24, trace=205, class=java.util.Hashtable$Entry@809f5b8)
	value		40d87cd8
	key		40d87390
ARR 40dfcbb0 (sz=288, trace=0, nelems=69, elem type=int)
OBJ 40d888e0 (sz=24, trace=207, class=java.util.HashMap$Entry@809f3d8)
	value		80af728
	key		40d86c70
ARR 40dfcb90 (sz=18808, trace=0, nelems=4699, elem type=int)
ARR 40d8a9d0 (sz=160, trace=47, nelems=72, elem type=char)
OBJ 40d8a9f0 (sz=24, trace=219, class=java.lang.String@809ded8)
	value		40d8a9d0
ARR 40dfcb70 (sz=464, trace=0, nelems=113, elem type=int)
OBJ 40d8c1d0 (sz=24, trace=227, class=java.lang.String@809ded8)
	value		40d8c218
ARR 40d8c218 (sz=120, trace=6, nelems=51, elem type=char)
ARR 40dfcb50 (sz=96, trace=0, nelems=21, elem type=int)
OBJ 40d8c2c8 (sz=24, trace=228, class=java.io.ExpiringCache$Entry@80adba0)
	val		40d8c1d0
OBJ 40d8c310 (sz=24, trace=166, class=java.util.HashMap$Entry@809f3d8)
	next		80af628
	value		40d8c2c8
	key		40d8a9f0
OBJ 40d8c3a0 (sz=32, trace=229, class=java.lang.ClassLoader$NativeLibrary@80add18)
	name		40d8c1d0
	fromClass	40d8acc0
OBJ 40d8c438 (sz=32, trace=230, class=java.lang.ref.Finalizer@80ac748)
	next		40d75aa8
	queue		809edd8
	referent	40d8c3a0
ARR 40dfcb30 (sz=1648, trace=0, nelems=409, elem type=int)
ARR 40dc2408 (sz=56, trace=240, nelems=11, elem type=java.lang.reflect.Constructor@80aae18)
	[0]		40d8f7c8
	[1]		40d8f830
	[2]		40d8f870
	[3]		40d8f8b0
	[4]		40db3560
	[5]		40db35a0
	[6]		40db35e0
	[7]		40db3620
	[8]		40db1638
	[9]		40db1698
	[10]		40db16d8
ARR 40dfac50 (sz=16, trace=240, nelems=0, elem type=java.lang.Class@809dd88)
OBJ 40d8f7c8 (sz=48, trace=240, class=java.lang.reflect.Constructor@80aae18)
	exceptionTypes	809de38
	parameterTypes	40dfac50
	clazz		809ded8
ARR 40d8f810 (sz=16, trace=240, nelems=1, elem type=java.lang.Class@809dd88)
	[0]		80b0798
OBJ 40d8f830 (sz=48, trace=240, class=java.lang.reflect.Constructor@80aae18)
	exceptionTypes	809de38
	parameterTypes	40d8f810
	clazz		809ded8
ARR 40d8f850 (sz=24, trace=240, nelems=2, elem type=java.lang.Class@809dd88)
	[0]		80b0798
	[1]		80b3298
OBJ 40d8f870 (sz=48, trace=240, class=java.lang.reflect.Constructor@80aae18)
	exceptionTypes	809de38
	parameterTypes	40d8f850
	clazz		809ded8
ARR 40d8f890 (sz=24, trace=240, nelems=3, elem type=java.lang.Class@809dd88)
	[0]		80b0798
	[1]		80b3298
	[2]		80b3298
OBJ 40d8f8b0 (sz=48, trace=240, class=java.lang.reflect.Constructor@80aae18)
	exceptionTypes	809de38
	parameterTypes	40d8f890
	clazz		809ded8
ARR 40d8f8d0 (sz=32, trace=240, nelems=4, elem type=java.lang.Class@809dd88)
	[0]		80b0798
	[1]		80b3298
	[2]		80b3298
	[3]		80b3298
OBJ 40db3560 (sz=48, trace=240, class=java.lang.reflect.Constructor@80aae18)
	exceptionTypes	809de38
	parameterTypes	40d8f8d0
	clazz		809ded8
ARR 40db3580 (sz=16, trace=240, nelems=1, elem type=java.lang.Class@809dd88)
	[0]		80b0738
OBJ 40db35a0 (sz=48, trace=240, class=java.lang.reflect.Constructor@80aae18)
	exceptionTypes	809de38
	parameterTypes	40db3580
	clazz		809ded8
ARR 40db35c0 (sz=24, trace=240, nelems=3, elem type=java.lang.Class@809dd88)
	[0]		80b0738
	[1]		80b3298
	[2]		80b3298
OBJ 40db35e0 (sz=48, trace=240, class=java.lang.reflect.Constructor@80aae18)
	exceptionTypes	809de38
	parameterTypes	40db35c0
	clazz		809ded8
ARR 40db3600 (sz=16, trace=240, nelems=1, elem type=java.lang.Class@809dd88)
	[0]		809ded8
OBJ 40db3620 (sz=48, trace=240, class=java.lang.reflect.Constructor@80aae18)
	exceptionTypes	809de38
	parameterTypes	40db3600
	clazz		809ded8
ARR 40db3640 (sz=32, trace=240, nelems=4, elem type=java.lang.Class@809dd88)
	[0]		80b0798
	[1]		80b3298
	[2]		80b3298
	[3]		809ded8
ARR 40db3660 (sz=16, trace=240, nelems=1, elem type=java.lang.Class@809dd88)
	[0]		40db14c8
OBJ 40db1638 (sz=48, trace=240, class=java.lang.reflect.Constructor@80aae18)
	exceptionTypes	40db3660
	parameterTypes	40db3640
	clazz		809ded8
ARR 40db1658 (sz=24, trace=240, nelems=2, elem type=java.lang.Class@809dd88)
	[0]		80b0798
	[1]		809ded8
ARR 40db1678 (sz=16, trace=240, nelems=1, elem type=java.lang.Class@809dd88)
	[0]		40db14c8
OBJ 40db1698 (sz=48, trace=240, class=java.lang.reflect.Constructor@80aae18)
	exceptionTypes	40db1678
	parameterTypes	40db1658
	clazz		809ded8
ARR 40db16b8 (sz=16, trace=240, nelems=1, elem type=java.lang.Class@809dd88)
	[0]		80aad38
OBJ 40db16d8 (sz=48, trace=240, class=java.lang.reflect.Constructor@80aae18)
	exceptionTypes	809de38
	parameterTypes	40db16b8
	clazz		809ded8
OBJ 40db1768 (sz=32, trace=241, class=java.lang.ref.SoftReference@80a0810)
	queue		809ec18
	referent	40dc2408
ARR 40dfca90 (sz=768, trace=0, nelems=189, elem type=int)
ARR 40dfb958 (sz=16, trace=246, nelems=0, elem type=java.lang.StackTraceElement@40db4278)
ARR 40dfca70 (sz=3872, trace=0, nelems=965, elem type=int)
OBJ 40dfc2b0 (sz=72, trace=1, class=java.lang.Thread@809e2c8)
	inheritedAccessControlContext	40dfc210
	group		809e210
	name		40dfc250
ARR 40dfc290 (sz=40, trace=1, nelems=13, elem type=int)
ARR 40dfc250 (sz=40, trace=2, nelems=13, elem type=char)
OBJ 40dfc210 (sz=24, trace=3, class=java.security.AccessControlContext@809e3e8)
ARR 40dfc190 (sz=48, trace=212, nelems=21, elem type=int)
ARR 80b0208 (sz=16, trace=1, nelems=0, elem type=short)
ARR 80b0260 (sz=16, trace=1, nelems=0, elem type=int)
ARR 80b02e0 (sz=88, trace=1, nelems=76, elem type=byte)
ARR 80b0300 (sz=16, trace=1, nelems=0, elem type=short)
ARR 80b0340 (sz=336, trace=1, nelems=317, elem type=byte)
ARR 80b0380 (sz=24, trace=1, nelems=7, elem type=byte)
ARR 80b03a0 (sz=16, trace=1, nelems=0, elem type=short)
ARR 80b03c0 (sz=24, trace=1, nelems=9, elem type=byte)
ARR 80b03e0 (sz=16, trace=1, nelems=0, elem type=short)
ARR 80b0420 (sz=32, trace=1, nelems=15, elem type=byte)
ARR 80b0440 (sz=16, trace=1, nelems=0, elem type=short)
ARR 80b0480 (sz=96, trace=1, nelems=42, elem type=short)
ARR 80b04c0 (sz=48, trace=1, nelems=8, elem type=int)
ARR 80b04e0 (sz=80, trace=1, nelems=16, elem type=int)
ARR 80b0500 (sz=32, trace=1, nelems=8, elem type=short)
ARR 80b0520 (sz=616, trace=1, nelems=597, elem type=byte)
ARR 80b0560 (sz=216, trace=1, nelems=102, elem type=short)
ARR 80b05a0 (sz=48, trace=1, nelems=8, elem type=int)
ARR 80b05c0 (sz=48, trace=1, nelems=8, elem type=int)
ARR 80b05e0 (sz=32, trace=1, nelems=4, elem type=int)
ARR 80b0600 (sz=56, trace=1, nelems=20, elem type=short)
CLS 809e680 (name=java.lang.Object, trace=1)
CLS 80b08d8 (name=java.io.Serializable, trace=1)
	super		809e680
CLS 80b08f8 (name=java.lang.Comparable, trace=1)
	super		809e680
CLS 80b0918 (name=java.lang.CharSequence, trace=1)
	super		809e680
CLS 809ded8 (name=java.lang.String, trace=1)
	super		809e680
	static CASE_INSENSITIVE_ORDER	809e108
	static serialPersistentFields	809e048
CLS 809dd88 (name=java.lang.Class, trace=1)
	super		809e680
	static class$java$lang$Class	809dd88
	static reflectionFactory	809e998
	static serialPersistentFields	809f1d8
ARR 80b0938 (sz=24, trace=1, nelems=7, elem type=byte)
ARR 80b0958 (sz=16, trace=1, nelems=0, elem type=short)
CLS 80b0978 (name=java.lang.Cloneable, trace=1)
	super		809e680
ARR 80b0998 (sz=680, trace=1, nelems=663, elem type=byte)
ARR 80b09b8 (sz=256, trace=1, nelems=120, elem type=short)
ARR 80b09f8 (sz=32, trace=1, nelems=4, elem type=int)
ARR 80b0a18 (sz=48, trace=1, nelems=8, elem type=int)
ARR 80b0a38 (sz=208, trace=1, nelems=48, elem type=int)
ARR 80b0a58 (sz=32, trace=1, nelems=4, elem type=int)
ARR 80b0a78 (sz=32, trace=1, nelems=4, elem type=int)
ARR 80b0a98 (sz=32, trace=1, nelems=4, elem type=int)
ARR 80b0ab8 (sz=48, trace=1, nelems=8, elem type=int)
ARR 80b0ad8 (sz=64, trace=1, nelems=12, elem type=int)
ARR 80b0af8 (sz=48, trace=1, nelems=8, elem type=int)
ARR 80b0b18 (sz=48, trace=1, nelems=8, elem type=int)
CLS 80b0b38 (name=java.lang.ClassLoader, trace=1)
	super		809e680
	static sys_paths	80ad860
	static usr_paths	80ad7c0
	static nativeLibraryContext	809e7f8
	static systemNativeLibraries	809e740
	static loadedLibraryNames	809e638
	static scl	80afec0
ARR 80b0b58 (sz=48, trace=1, nelems=16, elem type=short)
ARR 80b0b78 (sz=304, trace=1, nelems=288, elem type=byte)
ARR 80b0b98 (sz=72, trace=1, nelems=30, elem type=short)
ARR 80b0bd8 (sz=32, trace=1, nelems=4, elem type=int)
CLS 80b0bf8 (name=java.lang.System, trace=1)
	super		809e680
	static props	809f190
	static err	80ad2a0
	static out	80acbb8
	static in	80acaa0
ARR 80b0c18 (sz=24, trace=1, nelems=4, elem type=short)
ARR 80b0c38 (sz=192, trace=1, nelems=174, elem type=byte)
ARR 80b0c78 (sz=72, trace=1, nelems=30, elem type=short)
ARR 80b0cb8 (sz=48, trace=1, nelems=8, elem type=int)
ARR 80b0cd8 (sz=48, trace=1, nelems=8, elem type=int)
CLS 80b0cf8 (name=java.lang.Throwable, trace=1)
	super		809e680
ARR 80b0d18 (sz=40, trace=1, nelems=27, elem type=byte)
ARR 80b0d38 (sz=24, trace=1, nelems=6, elem type=short)
CLS 80b0d78 (name=java.lang.Error, trace=1)
	super		80b0cf8
ARR 80b0d98 (sz=32, trace=1, nelems=13, elem type=byte)
ARR 80b0db8 (sz=16, trace=1, nelems=0, elem type=short)
CLS 80b0df8 (name=java.lang.ThreadDeath, trace=1)
	super		80b0d78
ARR 80b0e18 (sz=40, trace=1, nelems=27, elem type=byte)
ARR 80b0e38 (sz=24, trace=1, nelems=6, elem type=short)
CLS 80b0e78 (name=java.lang.Exception, trace=1)
	super		80b0cf8
ARR 80b0e98 (sz=40, trace=1, nelems=27, elem type=byte)
ARR 80b0eb8 (sz=24, trace=1, nelems=6, elem type=short)
CLS 80b0ef8 (name=java.lang.RuntimeException, trace=1)
	super		80b0e78
ARR 80b0f18 (sz=232, trace=1, nelems=214, elem type=byte)
ARR 80b0f38 (sz=72, trace=1, nelems=30, elem type=short)
ARR 80b0f78 (sz=32, trace=1, nelems=4, elem type=int)
CLS 80b0f98 (name=java.security.ProtectionDomain, trace=1)
	super		809e680
ARR 80b0fb8 (sz=24, trace=1, nelems=4, elem type=short)
ARR 80b0fd8 (sz=248, trace=1, nelems=230, elem type=byte)
ARR 80b0ff8 (sz=88, trace=1, nelems=36, elem type=short)
CLS 809e3e8 (name=java.security.AccessControlContext, trace=1)
	super		809e680
ARR 80b1038 (sz=24, trace=1, nelems=4, elem type=short)
ARR 80b1058 (sz=48, trace=1, nelems=32, elem type=byte)
ARR 80b1078 (sz=40, trace=1, nelems=12, elem type=short)
CLS 80b10b8 (name=java.lang.ClassNotFoundException, trace=1)
	super		80b0e78
ARR 80b10d8 (sz=32, trace=1, nelems=16, elem type=byte)
ARR 80b10f8 (sz=32, trace=1, nelems=16, elem type=byte)
ARR 80b1118 (sz=16, trace=1, nelems=0, elem type=short)
CLS 80b1158 (name=java.lang.LinkageError, trace=1)
	super		80b0d78
ARR 80b1178 (sz=16, trace=1, nelems=0, elem type=short)
CLS 80b11b8 (name=java.lang.NoClassDefFoundError, trace=1)
	super		80b1158
ARR 80b11d8 (sz=32, trace=1, nelems=16, elem type=byte)
ARR 80b11f8 (sz=16, trace=1, nelems=0, elem type=short)
CLS 80b1238 (name=java.lang.ClassCastException, trace=1)
	super		80b0ef8
ARR 80b1258 (sz=32, trace=1, nelems=16, elem type=byte)
ARR 80b1278 (sz=16, trace=1, nelems=0, elem type=short)
CLS 80b12b8 (name=java.lang.ArrayStoreException, trace=1)
	super		80b0ef8
ARR 80b12d8 (sz=32, trace=1, nelems=16, elem type=byte)
ARR 80b12f8 (sz=32, trace=1, nelems=16, elem type=byte)
ARR 80b1318 (sz=16, trace=1, nelems=0, elem type=short)
CLS 80b1358 (name=java.lang.VirtualMachineError, trace=1)
	super		80b0d78
ARR 80b1378 (sz=16, trace=1, nelems=0, elem type=short)
CLS 80b13b8 (name=java.lang.OutOfMemoryError, trace=1)
	super		80b1358
ARR 80b13d8 (sz=32, trace=1, nelems=16, elem type=byte)
ARR 80b13f8 (sz=16, trace=1, nelems=0, elem type=short)
CLS 80b1438 (name=java.lang.StackOverflowError, trace=1)
	super		80b1358
ARR 80b1458 (sz=120, trace=1, nelems=102, elem type=byte)
ARR 80b1478 (sz=88, trace=1, nelems=36, elem type=short)
ARR 80b14b8 (sz=48, trace=1, nelems=8, elem type=int)
CLS 80b14d8 (name=java.lang.ref.Reference, trace=1)
	super		809e680
	static lock	809ea58
ARR 80b14f8 (sz=40, trace=1, nelems=12, elem type=short)
ARR 80b1518 (sz=40, trace=1, nelems=27, elem type=byte)
ARR 80b1538 (sz=40, trace=1, nelems=12, elem type=short)
CLS 80a0810 (name=java.lang.ref.SoftReference, trace=1)
	super		80b14d8
ARR 80b1578 (sz=32, trace=1, nelems=16, elem type=byte)
ARR 80b1598 (sz=16, trace=1, nelems=0, elem type=short)
CLS 80acf60 (name=java.lang.ref.WeakReference, trace=1)
	super		80b14d8
ARR 80b15d8 (sz=32, trace=1, nelems=13, elem type=byte)
ARR 80b15f8 (sz=16, trace=1, nelems=0, elem type=short)
CLS 80b1638 (name=java.lang.ref.FinalReference, trace=1)
	super		80b14d8
ARR 80b1658 (sz=32, trace=1, nelems=15, elem type=byte)
ARR 80b1678 (sz=16, trace=1, nelems=0, elem type=short)
CLS 80b16b8 (name=java.lang.ref.PhantomReference, trace=1)
	super		80b14d8
ARR 80b16d8 (sz=152, trace=1, nelems=136, elem type=byte)
ARR 80b16f8 (sz=72, trace=1, nelems=30, elem type=short)
ARR 80b1738 (sz=48, trace=1, nelems=8, elem type=int)
ARR 80b1758 (sz=48, trace=1, nelems=8, elem type=int)
ARR 80b1778 (sz=80, trace=1, nelems=16, elem type=int)
CLS 80ac748 (name=java.lang.ref.Finalizer, trace=1)
	super		80b1638
	static lock	809ee40
	static unfinalized	40d8c438
	static queue	809edd8
ARR 80b1798 (sz=48, trace=1, nelems=16, elem type=short)
ARR 80b17b8 (sz=336, trace=1, nelems=324, elem type=byte)
ARR 80b17f8 (sz=24, trace=1, nelems=9, elem type=byte)
ARR 80b1818 (sz=16, trace=1, nelems=0, elem type=short)
CLS 80b1858 (name=java.lang.Runnable, trace=1)
	super		809e680
ARR 80b1878 (sz=240, trace=1, nelems=114, elem type=short)
ARR 80b18b8 (sz=64, trace=1, nelems=12, elem type=int)
CLS 809e2c8 (name=java.lang.Thread, trace=1)
	super		809e680
ARR 80b18d8 (sz=240, trace=1, nelems=225, elem type=byte)
ARR 80b18f8 (sz=136, trace=1, nelems=60, elem type=short)
ARR 80b1938 (sz=64, trace=1, nelems=12, elem type=int)
ARR 80b1958 (sz=64, trace=1, nelems=12, elem type=int)
ARR 80b1978 (sz=48, trace=1, nelems=8, elem type=int)
ARR 80b1998 (sz=48, trace=1, nelems=8, elem type=int)
ARR 80b19b8 (sz=48, trace=1, nelems=8, elem type=int)
ARR 80b19d8 (sz=48, trace=1, nelems=8, elem type=int)
ARR 80b19f8 (sz=48, trace=1, nelems=8, elem type=int)
ARR 80b1a18 (sz=48, trace=1, nelems=8, elem type=int)
ARR 80b1a38 (sz=48, trace=1, nelems=8, elem type=int)
ARR 80b1a58 (sz=64, trace=1, nelems=12, elem type=int)
ARR 80b1a78 (sz=64, trace=1, nelems=12, elem type=int)
ARR 80b1a98 (sz=48, trace=1, nelems=8, elem type=int)
ARR 80b1ab8 (sz=64, trace=1, nelems=12, elem type=int)
ARR 80b1ad8 (sz=64, trace=1, nelems=12, elem type=int)
CLS 809e150 (name=java.lang.ThreadGroup, trace=1)
	super		809e680
ARR 80b1af8 (sz=224, trace=1, nelems=210, elem type=byte)
ARR 80b1b18 (sz=336, trace=1, nelems=318, elem type=byte)
ARR 80b1b38 (sz=40, trace=1, nelems=25, elem type=byte)
ARR 80b1b58 (sz=16, trace=1, nelems=0, elem type=short)
CLS 80b1b98 (name=java.util.Dictionary, trace=1)
	super		809e680
ARR 80b1bd8 (sz=48, trace=1, nelems=34, elem type=byte)
ARR 80b1bf8 (sz=16, trace=1, nelems=0, elem type=short)
CLS 80b1c38 (name=java.util.Map, trace=1)
	super		809e680
ARR 80b1c58 (sz=24, trace=1, nelems=4, elem type=short)
ARR 80b1c78 (sz=184, trace=1, nelems=84, elem type=short)
ARR 80b1cb8 (sz=32, trace=1, nelems=4, elem type=int)
ARR 80b1cd8 (sz=80, trace=1, nelems=16, elem type=int)
CLS 80adeb8 (name=java.util.Hashtable, trace=1)
	super		80b1b98
	static emptyIterator	809f0b0
	static emptyEnumerator	809eff0
ARR 80b1cf8 (sz=88, trace=1, nelems=36, elem type=short)
ARR 80b1d18 (sz=96, trace=1, nelems=42, elem type=short)
ARR 80b1d58 (sz=32, trace=1, nelems=4, elem type=int)
CLS 809f118 (name=java.util.Properties, trace=1)
	super		80adeb8
	static hexDigit	809f0f8
	static whiteSpaceChars	80b1e58
	static specialSaveChars	80b1e18
	static strictKeyValueSeparators	80b1dd8
	static keyValueSeparators	80b1d98
ARR 80b1d78 (sz=32, trace=1, nelems=7, elem type=char)
OBJ 80b1d98 (sz=24, trace=1, class=java.lang.String@809ded8)
	value		80b1d78
ARR 80b1db8 (sz=16, trace=1, nelems=2, elem type=char)
OBJ 80b1dd8 (sz=24, trace=1, class=java.lang.String@809ded8)
	value		80b1db8
ARR 80b1df8 (sz=32, trace=1, nelems=9, elem type=char)
OBJ 80b1e18 (sz=24, trace=1, class=java.lang.String@809ded8)
	value		80b1df8
ARR 80b1e38 (sz=24, trace=1, nelems=5, elem type=char)
OBJ 80b1e58 (sz=24, trace=1, class=java.lang.String@809ded8)
	value		80b1e38
ARR 80b1e78 (sz=120, trace=1, nelems=105, elem type=byte)
ARR 80b1e98 (sz=72, trace=1, nelems=30, elem type=short)
ARR 80b1ed8 (sz=32, trace=1, nelems=4, elem type=int)
CLS 80b1ef8 (name=java.lang.reflect.AccessibleObject, trace=1)
	super		809e680
	static class$java$lang$Class	809dd88
	static reflectionFactory	809e998
	static ACCESS_PERMISSION	809e578
ARR 80b1f18 (sz=24, trace=1, nelems=4, elem type=short)
ARR 80b1f38 (sz=264, trace=1, nelems=246, elem type=byte)
ARR 80b1f78 (sz=32, trace=1, nelems=19, elem type=byte)
ARR 80b1f98 (sz=40, trace=1, nelems=12, elem type=short)
CLS 80b1fd8 (name=java.lang.reflect.Member, trace=1)
	super		809e680
ARR 80b1ff8 (sz=112, trace=1, nelems=48, elem type=short)
ARR 80b2038 (sz=32, trace=1, nelems=4, elem type=int)
CLS 80b2058 (name=java.lang.reflect.Field, trace=1)
	super		80b1ef8
ARR 80b2078 (sz=208, trace=1, nelems=193, elem type=byte)
ARR 80b20b8 (sz=136, trace=1, nelems=60, elem type=short)
ARR 80b20f8 (sz=32, trace=1, nelems=4, elem type=int)
CLS 80b2118 (name=java.lang.reflect.Method, trace=1)
	super		80b1ef8
ARR 80b2138 (sz=192, trace=1, nelems=173, elem type=byte)
ARR 80b2178 (sz=96, trace=1, nelems=42, elem type=short)
ARR 80b21b8 (sz=32, trace=1, nelems=4, elem type=int)
CLS 80aae18 (name=java.lang.reflect.Constructor, trace=1)
	super		80b1ef8
ARR 80b21d8 (sz=32, trace=1, nelems=13, elem type=byte)
ARR 80b21f8 (sz=16, trace=1, nelems=0, elem type=short)
CLS 80b2238 (name=sun.reflect.MagicAccessorImpl, trace=1)
	super		809e680
ARR 80b2258 (sz=40, trace=1, nelems=22, elem type=byte)
ARR 80b2298 (sz=32, trace=1, nelems=14, elem type=byte)
ARR 80b22b8 (sz=16, trace=1, nelems=0, elem type=short)
CLS 80b22f8 (name=sun.reflect.MethodAccessor, trace=1)
	super		809e680
ARR 80b2318 (sz=16, trace=1, nelems=0, elem type=short)
CLS 80b2358 (name=sun.reflect.MethodAccessorImpl, trace=1)
	super		80b2238
ARR 80b2378 (sz=40, trace=1, nelems=24, elem type=byte)
ARR 80b23b8 (sz=32, trace=1, nelems=16, elem type=byte)
ARR 80b23d8 (sz=16, trace=1, nelems=0, elem type=short)
CLS 80b2418 (name=sun.reflect.ConstructorAccessor, trace=1)
	super		809e680
ARR 80b2438 (sz=16, trace=1, nelems=0, elem type=short)
CLS 80b2478 (name=sun.reflect.ConstructorAccessorImpl, trace=1)
	super		80b2238
ARR 80b2498 (sz=32, trace=1, nelems=13, elem type=byte)
ARR 80b24b8 (sz=16, trace=1, nelems=0, elem type=short)
CLS 80b24f8 (name=sun.reflect.DelegatingClassLoader, trace=1)
	super		80b0b38
ARR 80b2518 (sz=256, trace=1, nelems=240, elem type=byte)
ARR 80b2538 (sz=160, trace=1, nelems=145, elem type=byte)
ARR 80b2558 (sz=120, trace=1, nelems=103, elem type=byte)
ARR 80b2598 (sz=48, trace=1, nelems=29, elem type=byte)
ARR 80b25b8 (sz=16, trace=1, nelems=0, elem type=short)
CLS 80b25f8 (name=java.util.Collection, trace=1)
	super		809e680
ARR 80b2618 (sz=16, trace=1, nelems=0, elem type=short)
CLS 80b2658 (name=java.util.AbstractCollection, trace=1)
	super		809e680
ARR 80b2698 (sz=64, trace=1, nelems=45, elem type=byte)
ARR 80b26d8 (sz=16, trace=1, nelems=0, elem type=short)
CLS 80b2718 (name=java.util.List, trace=1)
	super		809e680
ARR 40dfca50 (sz=24, trace=0, nelems=3, elem type=int)
ARR 80b2778 (sz=24, trace=1, nelems=6, elem type=short)
CLS 80b27b8 (name=java.util.AbstractList, trace=1)
	super		80b2658
ARR 80b27d8 (sz=40, trace=1, nelems=12, elem type=short)
ARR 80b2818 (sz=24, trace=1, nelems=7, elem type=byte)
ARR 80b2838 (sz=16, trace=1, nelems=0, elem type=short)
CLS 80b2858 (name=java.util.RandomAccess, trace=1)
	super		809e680
ARR 40dfca30 (sz=40, trace=0, nelems=7, elem type=int)
ARR 80b28b8 (sz=64, trace=1, nelems=24, elem type=short)
ARR 80b28f8 (sz=32, trace=1, nelems=4, elem type=int)
CLS 809e5c0 (name=java.util.Vector, trace=1)
	super		80b27b8
ARR 80b2918 (sz=24, trace=1, nelems=4, elem type=short)
ARR 80b2938 (sz=224, trace=1, nelems=210, elem type=byte)
ARR 80b2978 (sz=72, trace=1, nelems=30, elem type=short)
CLS 80aad38 (name=java.lang.StringBuffer, trace=1)
	super		809e680
	static NULL	80aadb0
ARR 80b29b8 (sz=80, trace=1, nelems=67, elem type=byte)
ARR 80b29d8 (sz=72, trace=1, nelems=30, elem type=short)
CLS 80b2a18 (name=java.nio.Buffer, trace=1)
	super		809e680
ARR 80b2a38 (sz=48, trace=1, nelems=29, elem type=byte)
ARR 80b2a58 (sz=48, trace=1, nelems=35, elem type=byte)
ARR 80b2a78 (sz=16, trace=1, nelems=0, elem type=short)
CLS 80b2ab8 (name=sun.misc.AtomicLong, trace=1)
	super		809e680
ARR 80b2ad8 (sz=24, trace=1, nelems=6, elem type=short)
CLS 80b2b18 (name=sun.misc.AtomicLongCSImpl, trace=1)
	super		80b2ab8
ARR 80b2b38 (sz=104, trace=1, nelems=86, elem type=byte)
ARR 80b2b78 (sz=72, trace=1, nelems=30, elem type=short)
ARR 80b2bb8 (sz=48, trace=1, nelems=8, elem type=int)
CLS 80ad8c0 (name=java.lang.Boolean, trace=1)
	super		809e680
	static TYPE	80b3318
	static FALSE	80ad980
	static TRUE	80ad938
ARR 80b2bd8 (sz=304, trace=1, nelems=289, elem type=byte)
ARR 80b2c18 (sz=736, trace=1, nelems=360, elem type=short)
CLS 80b2c58 (name=java.lang.Character, trace=1)
	super		809e680
	static sharpsMap	80a0e68
	static TYPE	80b3338
ARR 80b2c78 (sz=32, trace=1, nelems=8, elem type=short)
ARR 80b2c98 (sz=136, trace=1, nelems=120, elem type=byte)
ARR 80b2cb8 (sz=48, trace=1, nelems=34, elem type=byte)
ARR 80b2cf8 (sz=24, trace=1, nelems=6, elem type=short)
CLS 80b2d38 (name=java.lang.Number, trace=1)
	super		809e680
ARR 80b2d98 (sz=112, trace=1, nelems=48, elem type=short)
CLS 80b2dd8 (name=java.lang.Float, trace=1)
	super		80b2d38
	static TYPE	80b32b8
ARR 80b2df8 (sz=136, trace=1, nelems=124, elem type=byte)
ARR 80b2e58 (sz=112, trace=1, nelems=48, elem type=short)
CLS 80b2e98 (name=java.lang.Double, trace=1)
	super		80b2d38
	static TYPE	80b32d8
ARR 80b2eb8 (sz=160, trace=1, nelems=142, elem type=byte)
ARR 80b2f18 (sz=72, trace=1, nelems=30, elem type=short)
ARR 80b2f58 (sz=32, trace=1, nelems=4, elem type=int)
CLS 80b2f78 (name=java.lang.Byte, trace=1)
	super		80b2d38
	static TYPE	80b32f8
ARR 80b2f98 (sz=160, trace=1, nelems=142, elem type=byte)
ARR 80b2ff8 (sz=72, trace=1, nelems=30, elem type=short)
ARR 80b3038 (sz=32, trace=1, nelems=4, elem type=int)
CLS 80b3058 (name=java.lang.Short, trace=1)
	super		80b2d38
	static TYPE	80b3378
ARR 80b3078 (sz=256, trace=1, nelems=244, elem type=byte)
ARR 80b30d8 (sz=120, trace=1, nelems=54, elem type=short)
ARR 80b3118 (sz=32, trace=1, nelems=4, elem type=int)
ARR 80b3138 (sz=64, trace=1, nelems=12, elem type=int)
CLS 80ae1b8 (name=java.lang.Integer, trace=1)
	super		80b2d38
	static perThreadBuffer	80ae170
	static DigitOnes	80ae0d8
	static DigitTens	80ae0b8
	static digits	80ae098
	static TYPE	80b3298
ARR 80b3158 (sz=24, trace=1, nelems=4, elem type=short)
ARR 80b3178 (sz=240, trace=1, nelems=228, elem type=byte)
ARR 80b31d8 (sz=88, trace=1, nelems=36, elem type=short)
ARR 80b3218 (sz=32, trace=1, nelems=4, elem type=int)
ARR 80b3238 (sz=64, trace=1, nelems=12, elem type=int)
CLS 80b3258 (name=java.lang.Long, trace=1)
	super		80b2d38
	static perThreadBuffer	80ae510
	static TYPE	80b3358
ARR 80b3278 (sz=24, trace=1, nelems=4, elem type=short)
OBJ 80b3298 (sz=56, trace=1, class=java.lang.Class@809dd88)
OBJ 80b32b8 (sz=56, trace=1, class=java.lang.Class@809dd88)
OBJ 80b32d8 (sz=56, trace=1, class=java.lang.Class@809dd88)
OBJ 80b32f8 (sz=56, trace=1, class=java.lang.Class@809dd88)
OBJ 80b3318 (sz=56, trace=1, class=java.lang.Class@809dd88)
OBJ 80b3338 (sz=56, trace=1, class=java.lang.Class@809dd88)
OBJ 80b3358 (sz=56, trace=1, class=java.lang.Class@809dd88)
OBJ 80b3378 (sz=56, trace=1, class=java.lang.Class@809dd88)
OBJ 80b3398 (sz=56, trace=1, class=java.lang.Class@809dd88)
OBJ 80b33b8 (sz=8, trace=1, class=java.lang.Object@809e680)
OBJ 80b33d8 (sz=8, trace=1, class=java.lang.Object@809e680)
OBJ 80b3478 (sz=24, trace=1, class=java.lang.OutOfMemoryError@80b13b8)
	stackTrace	40dfb958
ARR 80b3518 (sz=32, trace=1, nelems=16, elem type=byte)
ARR 80b3538 (sz=16, trace=1, nelems=0, elem type=short)
CLS 80b3578 (name=java.lang.NullPointerException, trace=1)
	super		80b0ef8
OBJ 80b3598 (sz=24, trace=1, class=java.lang.NullPointerException@80b3578)
ARR 80b3638 (sz=32, trace=1, nelems=16, elem type=byte)
ARR 80b3658 (sz=16, trace=1, nelems=0, elem type=short)
CLS 80b3698 (name=java.lang.ArithmeticException, trace=1)
	super		80b0ef8
OBJ 80b36b8 (sz=24, trace=1, class=java.lang.ArithmeticException@80b3698)
	detailMessage	809df88
ARR 80b3758 (sz=112, trace=1, nelems=95, elem type=byte)
ARR 80b3778 (sz=72, trace=1, nelems=30, elem type=short)
CLS 80b37b8 (name=java.lang.StrictMath, trace=1)
	super		809e680
ARR 80b37d8 (sz=176, trace=1, nelems=163, elem type=byte)
ARR 80b3818 (sz=96, trace=1, nelems=42, elem type=short)
ARR 80b3858 (sz=32, trace=1, nelems=4, elem type=int)
CLS 809dfd0 (name=java.io.ObjectStreamField, trace=1)
	super		809e680
ARR 80b38d8 (sz=64, trace=1, nelems=48, elem type=byte)
ARR 80b3918 (sz=24, trace=1, nelems=11, elem type=byte)
ARR 80b3938 (sz=16, trace=1, nelems=0, elem type=short)
CLS 80b3978 (name=java.util.Comparator, trace=1)
	super		809e680
ARR 80b3998 (sz=24, trace=1, nelems=6, elem type=short)
CLS 809e090 (name=java.lang.String$CaseInsensitiveComparator, trace=1)
	super		809e680
ARR 80b39d8 (sz=24, trace=1, nelems=4, elem type=short)
ARR 80b39f8 (sz=24, trace=1, nelems=6, elem type=char)
OBJ 80b3a18 (sz=24, trace=1, class=java.lang.String@809ded8)
	value		80b39f8
ARR 80b3a58 (sz=104, trace=1, nelems=86, elem type=byte)
ARR 80b3a78 (sz=16, trace=1, nelems=0, elem type=short)
CLS 80b3ab8 (name=java.security.AccessController, trace=1)
	super		809e680
ARR 80b3b38 (sz=32, trace=1, nelems=16, elem type=byte)
ARR 80b3b58 (sz=112, trace=1, nelems=96, elem type=byte)
ARR 80b3b78 (sz=96, trace=1, nelems=81, elem type=byte)
ARR 80b3bb8 (sz=24, trace=1, nelems=12, elem type=byte)
ARR 80b3bd8 (sz=16, trace=1, nelems=0, elem type=short)
CLS 80b3c18 (name=java.security.Guard, trace=1)
	super		809e680
ARR 80b3c38 (sz=24, trace=1, nelems=6, elem type=short)
CLS 80b3c78 (name=java.security.Permission, trace=1)
	super		809e680
ARR 40dfca10 (sz=24, trace=0, nelems=3, elem type=int)
ARR 80b3cf8 (sz=40, trace=1, nelems=12, elem type=short)
CLS 80b3d38 (name=java.security.BasicPermission, trace=1)
	super		80b3c78
ARR 80b3d58 (sz=16, trace=1, nelems=0, elem type=short)
CLS 809e500 (name=java.lang.reflect.ReflectPermission, trace=1)
	super		80b3d38
ARR 80b3d98 (sz=56, trace=1, nelems=20, elem type=char)
OBJ 80b3db8 (sz=24, trace=1, class=java.lang.String@809ded8)
	value		80b3d98
ARR 80b3dd8 (sz=40, trace=1, nelems=25, elem type=byte)
ARR 80b3e18 (sz=24, trace=1, nelems=9, elem type=byte)
ARR 80b3e38 (sz=16, trace=1, nelems=0, elem type=short)
CLS 80b3e78 (name=java.security.PrivilegedAction, trace=1)
	super		809e680
ARR 80b3e98 (sz=16, trace=1, nelems=0, elem type=short)
CLS 80b3ed8 (name=sun.reflect.ReflectionFactory$GetReflectionFactoryAction, trace=1)
	super		809e680
ARR 80b3ef8 (sz=24, trace=1, nelems=4, elem type=short)
ARR 80b3f18 (sz=64, trace=1, nelems=51, elem type=byte)
ARR 80b3f38 (sz=24, trace=1, nelems=6, elem type=short)
CLS 809e780 (name=java.util.Stack, trace=1)
	super		809e5c0
ARR 80b3f78 (sz=304, trace=1, nelems=291, elem type=byte)
ARR 80b3f98 (sz=120, trace=1, nelems=54, elem type=short)
ARR 80b3fd8 (sz=32, trace=1, nelems=4, elem type=int)
CLS 809e920 (name=sun.reflect.ReflectionFactory, trace=1)
	super		809e680
	static class$sun$reflect$ConstructorAccessorImpl	80b2478
	static class$java$lang$Class	809dd88
	static langReflectAccess	80aafe8
	static soleInstance	809e998
	static reflectionFactoryAccessPerm	809e8d8
ARR 80b3ff8 (sz=32, trace=1, nelems=8, elem type=short)
ARR 80b4018 (sz=32, trace=1, nelems=16, elem type=byte)
ARR 80b4038 (sz=16, trace=1, nelems=0, elem type=short)
CLS 809e860 (name=java.lang.RuntimePermission, trace=1)
	super		80b3d38
ARR 80b4078 (sz=64, trace=1, nelems=23, elem type=char)
OBJ 80b4098 (sz=24, trace=1, class=java.lang.String@809ded8)
	value		80b4078
ARR 80b40b8 (sz=32, trace=1, nelems=20, elem type=byte)
ARR 80b40d8 (sz=16, trace=1, nelems=0, elem type=short)
CLS 809e9e0 (name=java.lang.ref.Reference$Lock, trace=1)
	super		809e680
ARR 80b4118 (sz=24, trace=1, nelems=4, elem type=short)
ARR 80b4138 (sz=72, trace=1, nelems=60, elem type=byte)
ARR 80b4158 (sz=16, trace=1, nelems=0, elem type=short)
ARR 80b4198 (sz=80, trace=1, nelems=16, elem type=int)
CLS 809eaa0 (name=java.lang.ref.Reference$ReferenceHandler, trace=1)
	super		809e2c8
ARR 80b41b8 (sz=24, trace=1, nelems=4, elem type=short)
ARR 80b41d8 (sz=48, trace=1, nelems=17, elem type=char)
OBJ 80b41f8 (sz=24, trace=1, class=java.lang.String@809ded8)
	value		80b41d8
ARR 80b4218 (sz=96, trace=1, nelems=82, elem type=byte)
ARR 80b4238 (sz=72, trace=1, nelems=30, elem type=short)
ARR 80b4278 (sz=48, trace=1, nelems=8, elem type=int)
ARR 80b4298 (sz=80, trace=1, nelems=16, elem type=int)
ARR 80b42b8 (sz=96, trace=1, nelems=20, elem type=int)
CLS 809ed60 (name=java.lang.ref.ReferenceQueue, trace=1)
	super		809e680
	static ENQUEUED	809ed20
	static NULL	809ec18
ARR 80b42d8 (sz=40, trace=1, nelems=12, elem type=short)
ARR 80b42f8 (sz=32, trace=1, nelems=20, elem type=byte)
ARR 80b4318 (sz=16, trace=1, nelems=0, elem type=short)
CLS 809eba0 (name=java.lang.ref.ReferenceQueue$Null, trace=1)
	super		809ed60
ARR 80b4358 (sz=24, trace=1, nelems=4, elem type=short)
ARR 80b4378 (sz=32, trace=1, nelems=20, elem type=byte)
ARR 80b4398 (sz=16, trace=1, nelems=0, elem type=short)
CLS 809ec60 (name=java.lang.ref.ReferenceQueue$Lock, trace=1)
	super		809e680
ARR 80b43d8 (sz=24, trace=1, nelems=4, elem type=short)
ARR 80b43f8 (sz=56, trace=1, nelems=38, elem type=byte)
ARR 80b4418 (sz=16, trace=1, nelems=0, elem type=short)
ARR 80b4458 (sz=32, trace=1, nelems=4, elem type=int)
CLS 809ee98 (name=java.lang.ref.Finalizer$FinalizerThread, trace=1)
	super		809e2c8
ARR 80b4478 (sz=24, trace=1, nelems=4, elem type=short)
ARR 80b4498 (sz=32, trace=1, nelems=9, elem type=char)
OBJ 80b44b8 (sz=24, trace=1, class=java.lang.String@809ded8)
	value		80b4498
ARR 80b44d8 (sz=48, trace=1, nelems=30, elem type=byte)
ARR 80b4518 (sz=24, trace=1, nelems=11, elem type=byte)
ARR 80b4538 (sz=16, trace=1, nelems=0, elem type=short)
CLS 80b4578 (name=java.util.Enumeration, trace=1)
	super		809e680
ARR 80b4598 (sz=16, trace=1, nelems=0, elem type=short)
CLS 809ef78 (name=java.util.Hashtable$EmptyEnumerator, trace=1)
	super		809e680
ARR 80b45d8 (sz=24, trace=1, nelems=4, elem type=short)
ARR 80b45f8 (sz=48, trace=1, nelems=34, elem type=byte)
ARR 80b4638 (sz=32, trace=1, nelems=13, elem type=byte)
ARR 80b4658 (sz=16, trace=1, nelems=0, elem type=short)
CLS 80b4698 (name=java.util.Iterator, trace=1)
	super		809e680
ARR 80b46b8 (sz=16, trace=1, nelems=0, elem type=short)
CLS 809f038 (name=java.util.Hashtable$EmptyIterator, trace=1)
	super		809e680
ARR 80b46f8 (sz=24, trace=1, nelems=4, elem type=short)
ARR 80b4718 (sz=24, trace=1, nelems=5, elem type=char)
OBJ 80b4738 (sz=24, trace=1, class=java.lang.String@809ded8)
	value		80b4718
ARR 80b4758 (sz=904, trace=1, nelems=887, elem type=byte)
ARR 80b4798 (sz=448, trace=1, nelems=216, elem type=short)
ARR 80b47d8 (sz=32, trace=1, nelems=4, elem type=int)
ARR 80b47f8 (sz=48, trace=1, nelems=8, elem type=int)
ARR 80b4818 (sz=32, trace=1, nelems=4, elem type=int)
ARR 80b4838 (sz=32, trace=1, nelems=4, elem type=int)
ARR 80b4858 (sz=48, trace=1, nelems=8, elem type=int)
ARR 80b4878 (sz=48, trace=1, nelems=8, elem type=int)
ARR 80b4898 (sz=48, trace=1, nelems=8, elem type=int)
ARR 80b48b8 (sz=96, trace=1, nelems=20, elem type=int)
ARR 80b48d8 (sz=48, trace=1, nelems=8, elem type=int)
ARR 80b48f8 (sz=32, trace=1, nelems=4, elem type=int)
ARR 80b4918 (sz=32, trace=1, nelems=4, elem type=int)
ARR 80b4938 (sz=48, trace=1, nelems=8, elem type=int)
ARR 80b4958 (sz=48, trace=1, nelems=8, elem type=int)
ARR 80b4978 (sz=32, trace=1, nelems=4, elem type=int)
ARR 80b4998 (sz=48, trace=1, nelems=8, elem type=int)
ARR 80b49b8 (sz=96, trace=1, nelems=20, elem type=int)
ARR 80b49d8 (sz=32, trace=1, nelems=4, elem type=int)
ARR 80b49f8 (sz=32, trace=1, nelems=4, elem type=int)
CLS 80b4a18 (name=java.io.ObjectStreamClass, trace=1)
	super		809e680
	static reflectors	809f498
	static localDescs	809f270
	static reflFactory	809e998
	static serialPersistentFields	809f1d8
	static NO_FIELDS	809f1d8
ARR 80b4a38 (sz=104, trace=1, nelems=44, elem type=short)
ARR 80b4a58 (sz=144, trace=1, nelems=127, elem type=byte)
ARR 80b4a78 (sz=152, trace=1, nelems=137, elem type=byte)
ARR 80b4ab8 (sz=40, trace=1, nelems=12, elem type=short)
ARR 80b4af8 (sz=80, trace=1, nelems=16, elem type=int)
CLS 80b4b18 (name=java.util.AbstractMap, trace=1)
	super		809e680
ARR 80b4b38 (sz=48, trace=1, nelems=16, elem type=short)
ARR 40dfc9f0 (sz=24, trace=0, nelems=3, elem type=int)
ARR 80b4bb8 (sz=48, trace=1, nelems=18, elem type=short)
CLS 809f1f8 (name=sun.misc.SoftCache, trace=1)
	super		80b4b18
ARR 80b4bf8 (sz=40, trace=1, nelems=12, elem type=short)
ARR 80b4c18 (sz=320, trace=1, nelems=307, elem type=byte)
ARR 40dfc9d0 (sz=32, trace=0, nelems=5, elem type=int)
ARR 80b4c98 (sz=144, trace=1, nelems=66, elem type=short)
ARR 80b4cd8 (sz=32, trace=1, nelems=4, elem type=int)
CLS 809f318 (name=java.util.HashMap, trace=1)
	super		80b4b18
	static NULL_KEY	809f2f8
ARR 80b4cf8 (sz=96, trace=1, nelems=40, elem type=short)
ARR 80b4d18 (sz=96, trace=1, nelems=81, elem type=byte)
ARR 80b4d58 (sz=32, trace=1, nelems=20, elem type=byte)
ARR 80b4d78 (sz=16, trace=1, nelems=0, elem type=short)
CLS 80b4db8 (name=java.util.Map$Entry, trace=1)
	super		809e680
ARR 80b4dd8 (sz=24, trace=1, nelems=4, elem type=short)
ARR 80b4df8 (sz=64, trace=1, nelems=24, elem type=short)
CLS 809f3d8 (name=java.util.HashMap$Entry, trace=1)
	super		809e680
ARR 80b4e38 (sz=32, trace=1, nelems=8, elem type=short)
ARR 80b4eb8 (sz=32, trace=1, nelems=16, elem type=byte)
ARR 80b4ed8 (sz=32, trace=1, nelems=16, elem type=byte)
ARR 80b4ef8 (sz=16, trace=1, nelems=0, elem type=short)
CLS 80b4f38 (name=java.lang.IncompatibleClassChangeError, trace=1)
	super		80b1158
ARR 80b4f58 (sz=16, trace=1, nelems=0, elem type=short)
CLS 80b4f98 (name=java.lang.NoSuchMethodError, trace=1)
	super		80b4f38
ARR 80b4fb8 (sz=88, trace=1, nelems=76, elem type=byte)
ARR 80b4ff8 (sz=64, trace=1, nelems=24, elem type=short)
CLS 809f5b8 (name=java.util.Hashtable$Entry, trace=1)
	super		809e680
ARR 80b5038 (sz=32, trace=1, nelems=8, elem type=short)
ARR 80b5098 (sz=16, trace=1, nelems=0, elem type=char)
OBJ 80b50b8 (sz=24, trace=1, class=java.lang.String@809ded8)
	value		80b5098
ARR 80b50d8 (sz=216, trace=1, nelems=204, elem type=byte)
ARR 80b50f8 (sz=48, trace=1, nelems=18, elem type=short)
ARR 80b5138 (sz=48, trace=1, nelems=8, elem type=int)
ARR 80b5158 (sz=48, trace=1, nelems=8, elem type=int)
ARR 80b5178 (sz=32, trace=1, nelems=4, elem type=int)
ARR 80b5198 (sz=32, trace=1, nelems=4, elem type=int)
ARR 80b51b8 (sz=32, trace=1, nelems=4, elem type=int)
CLS 80b51d8 (name=java.lang.StringCoding, trace=1)
	super		809e680
	static encoder	80a06b8
	static decoder	80a0670
ARR 80b51f8 (sz=72, trace=1, nelems=28, elem type=short)
ARR 80b5218 (sz=96, trace=1, nelems=82, elem type=byte)
ARR 80b5238 (sz=48, trace=1, nelems=18, elem type=short)
CLS 80a05f8 (name=java.lang.ThreadLocal, trace=1)
	super		809e680
ARR 80b5278 (sz=32, trace=1, nelems=8, elem type=short)
ARR 80b5298 (sz=240, trace=1, nelems=223, elem type=byte)
ARR 80b52b8 (sz=136, trace=1, nelems=60, elem type=short)
ARR 80b52f8 (sz=48, trace=1, nelems=8, elem type=int)
ARR 80b5318 (sz=48, trace=1, nelems=8, elem type=int)
ARR 80b5338 (sz=64, trace=1, nelems=12, elem type=int)
ARR 80b5358 (sz=48, trace=1, nelems=8, elem type=int)
ARR 80b5378 (sz=64, trace=1, nelems=12, elem type=int)
ARR 80b5398 (sz=32, trace=1, nelems=4, elem type=int)
ARR 80b53b8 (sz=32, trace=1, nelems=4, elem type=int)
ARR 80b53d8 (sz=48, trace=1, nelems=8, elem type=int)
ARR 80b53f8 (sz=48, trace=1, nelems=8, elem type=int)
CLS 80b5418 (name=sun.io.Converters, trace=1)
	super		809e680
	static class$sun$io$Converters	80b5418
	static classCache	80a07c8
	static DEFAULT_NAME	80a0730
	static converterPrefix	80a06d8
	static defaultEncoding	809fff8
	static lock	80b5418
ARR 80b5438 (sz=48, trace=1, nelems=17, elem type=char)
OBJ 80b5458 (sz=24, trace=1, class=java.lang.String@809ded8)
	value		80b5438
ARR 80b5478 (sz=128, trace=1, nelems=113, elem type=byte)
ARR 80b5498 (sz=16, trace=1, nelems=0, elem type=short)
CLS 80b54d8 (name=sun.reflect.Reflection, trace=1)
	super		809e680
ARR 80b5558 (sz=32, trace=1, nelems=10, elem type=char)
OBJ 80b5578 (sz=24, trace=1, class=java.lang.String@809ded8)
	value		80b5558
ARR 80b5598 (sz=32, trace=1, nelems=10, elem type=char)
OBJ 80b55b8 (sz=24, trace=1, class=java.lang.String@809ded8)
	value		80b5598
ARR 80b56d8 (sz=48, trace=1, nelems=32, elem type=byte)
ARR 80b5718 (sz=40, trace=1, nelems=12, elem type=short)
CLS 80b5758 (name=sun.security.action.GetPropertyAction, trace=1)
	super		809e680
ARR 80b5778 (sz=40, trace=1, nelems=13, elem type=char)
OBJ 80b5798 (sz=24, trace=1, class=java.lang.String@809ded8)
	value		80b5778
ARR 80b57b8 (sz=120, trace=1, nelems=107, elem type=byte)
ARR 80b57d8 (sz=64, trace=1, nelems=24, elem type=short)
CLS 80a08f0 (name=java.lang.ThreadLocal$ThreadLocalMap, trace=1)
	super		809e680
ARR 80b5818 (sz=32, trace=1, nelems=8, elem type=short)
ARR 80b5838 (sz=48, trace=1, nelems=33, elem type=byte)
ARR 80b5858 (sz=24, trace=1, nelems=6, elem type=short)
CLS 80a09b0 (name=java.lang.ThreadLocal$ThreadLocalMap$Entry, trace=1)
	super		80acf60
ARR 80b5898 (sz=32, trace=1, nelems=8, elem type=short)
ARR 80b58f8 (sz=24, trace=1, nelems=3, elem type=char)
OBJ 80b5918 (sz=24, trace=1, class=java.lang.String@809ded8)
	value		80b58f8
ARR 80b5938 (sz=288, trace=1, nelems=276, elem type=byte)
ARR 80b5978 (sz=96, trace=1, nelems=42, elem type=short)
ARR 80b59b8 (sz=32, trace=1, nelems=4, elem type=int)
ARR 80b59d8 (sz=32, trace=1, nelems=4, elem type=int)
ARR 80b59f8 (sz=32, trace=1, nelems=4, elem type=int)
ARR 80b5a18 (sz=48, trace=1, nelems=8, elem type=int)
CLS 80b5a38 (name=java.nio.charset.Charset, trace=1)
	super		809e680
	static gate	80aad18
	static cache	80ab2d0
	static standardProvider	80a0b40
ARR 80b5a58 (sz=40, trace=1, nelems=12, elem type=short)
ARR 80b5a78 (sz=312, trace=1, nelems=295, elem type=byte)
ARR 80b5a98 (sz=160, trace=1, nelems=146, elem type=byte)
ARR 80b5ab8 (sz=48, trace=1, nelems=36, elem type=byte)
ARR 80b5ad8 (sz=16, trace=1, nelems=0, elem type=short)
CLS 80b5b18 (name=java.nio.charset.spi.CharsetProvider, trace=1)
	super		809e680
ARR 80b5b38 (sz=72, trace=1, nelems=30, elem type=short)
ARR 80b5b78 (sz=48, trace=1, nelems=8, elem type=int)
ARR 80b5b98 (sz=48, trace=1, nelems=8, elem type=int)
ARR 80b5bb8 (sz=48, trace=1, nelems=8, elem type=int)
ARR 80b5bd8 (sz=64, trace=1, nelems=12, elem type=int)
ARR 80b5bf8 (sz=48, trace=1, nelems=8, elem type=int)
CLS 80b5c18 (name=sun.nio.cs.AbstractCharsetProvider, trace=1)
	super		80b5b18
ARR 80b5c38 (sz=24, trace=1, nelems=4, elem type=short)
ARR 80b5c58 (sz=24, trace=1, nelems=6, elem type=short)
CLS 80a0ac8 (name=sun.nio.cs.StandardCharsets, trace=1)
	super		80b5c18
	static instance	80a2168
ARR 80b5c98 (sz=368, trace=1, nelems=352, elem type=byte)
ARR 80b5cd8 (sz=32, trace=1, nelems=19, elem type=byte)
ARR 80b5d18 (sz=16, trace=1, nelems=0, elem type=short)
CLS 80b5d58 (name=java.util.SortedMap, trace=1)
	super		809e680
ARR 40dfc9b0 (sz=32, trace=0, nelems=5, elem type=int)
ARR 80b5db8 (sz=112, trace=1, nelems=48, elem type=short)
ARR 80b5df8 (sz=64, trace=1, nelems=12, elem type=int)
ARR 80b5e18 (sz=48, trace=1, nelems=8, elem type=int)
ARR 80b5e38 (sz=48, trace=1, nelems=8, elem type=int)
ARR 80b5e58 (sz=48, trace=1, nelems=8, elem type=int)
CLS 80a0b88 (name=java.util.TreeMap, trace=1)
	super		80b4b18
ARR 80b5e78 (sz=96, trace=1, nelems=40, elem type=short)
ARR 80b5e98 (sz=88, trace=1, nelems=75, elem type=byte)
ARR 80b5ed8 (sz=48, trace=1, nelems=18, elem type=short)
ARR 80b5f18 (sz=32, trace=1, nelems=4, elem type=int)
CLS 80a0c48 (name=sun.misc.ASCIICaseInsensitiveComparator, trace=1)
	super		809e680
	static class$sun$misc$ASCIICaseInsensitiveComparator	80a0c48
	static CASE_INSENSITIVE_ORDER	80a0cc0
ARR 80b5f38 (sz=96, trace=1, nelems=39, elem type=char)
OBJ 80b5f58 (sz=24, trace=1, class=java.lang.String@809ded8)
	value		80b5f38
ARR 80b5f78 (sz=32, trace=1, nelems=10, elem type=char)
OBJ 80b5f98 (sz=24, trace=1, class=java.lang.String@809ded8)
	value		80b5f78
ARR 80b5fb8 (sz=32, trace=1, nelems=8, elem type=char)
OBJ 80b5fd8 (sz=24, trace=1, class=java.lang.String@809ded8)
	value		80b5fb8
ARR 80b5ff8 (sz=32, trace=1, nelems=8, elem type=char)
OBJ 80b6018 (sz=24, trace=1, class=java.lang.String@809ded8)
	value		80b5ff8
ARR 80b6038 (sz=32, trace=1, nelems=8, elem type=char)
OBJ 80b6058 (sz=24, trace=1, class=java.lang.String@809ded8)
	value		80b6038
ARR 80b6078 (sz=40, trace=1, nelems=14, elem type=char)
OBJ 80b6098 (sz=24, trace=1, class=java.lang.String@809ded8)
	value		80b6078
ARR 80b60b8 (sz=48, trace=1, nelems=16, elem type=char)
OBJ 80b60d8 (sz=24, trace=1, class=java.lang.String@809ded8)
	value		80b60b8
ARR 80b60f8 (sz=24, trace=1, nelems=5, elem type=char)
OBJ 80b6118 (sz=24, trace=1, class=java.lang.String@809ded8)
	value		80b60f8
ARR 80b6138 (sz=32, trace=1, nelems=9, elem type=char)
OBJ 80b6158 (sz=24, trace=1, class=java.lang.String@809ded8)
	value		80b6138
ARR 80b6178 (sz=16, trace=1, nelems=2, elem type=char)
OBJ 80b6198 (sz=24, trace=1, class=java.lang.String@809ded8)
	value		80b6178
ARR 80b61b8 (sz=24, trace=1, nelems=6, elem type=char)
OBJ 80b61d8 (sz=24, trace=1, class=java.lang.String@809ded8)
	value		80b61b8
ARR 80b61f8 (sz=24, trace=1, nelems=5, elem type=char)
OBJ 80b6218 (sz=24, trace=1, class=java.lang.String@809ded8)
	value		80b61f8
ARR 80b6238 (sz=32, trace=1, nelems=7, elem type=char)
OBJ 80b6258 (sz=24, trace=1, class=java.lang.String@809ded8)
	value		80b6238
ARR 80b6278 (sz=24, trace=1, nelems=3, elem type=char)
OBJ 80b6298 (sz=24, trace=1, class=java.lang.String@809ded8)
	value		80b6278
ARR 80b62b8 (sz=48, trace=1, nelems=16, elem type=char)
OBJ 80b62d8 (sz=24, trace=1, class=java.lang.String@809ded8)
	value		80b62b8
ARR 80b62f8 (sz=40, trace=1, nelems=14, elem type=char)
OBJ 80b6318 (sz=24, trace=1, class=java.lang.String@809ded8)
	value		80b62f8
ARR 80b6338 (sz=24, trace=1, nelems=6, elem type=char)
OBJ 80b6358 (sz=24, trace=1, class=java.lang.String@809ded8)
	value		80b6338
ARR 80b6378 (sz=96, trace=1, nelems=78, elem type=byte)
ARR 80b63b8 (sz=88, trace=1, nelems=36, elem type=short)
CLS 80a0d88 (name=java.util.TreeMap$Entry, trace=1)
	super		809e680
ARR 80b63f8 (sz=32, trace=1, nelems=8, elem type=short)
ARR 80b6418 (sz=24, trace=1, nelems=4, elem type=char)
OBJ 80b6438 (sz=24, trace=1, class=java.lang.String@809ded8)
	value		80b6418
ARR 80b6458 (sz=120, trace=1, nelems=106, elem type=byte)
ARR 80b6478 (sz=64, trace=1, nelems=24, elem type=short)
ARR 80b64b8 (sz=32, trace=1, nelems=4, elem type=int)
CLS 80b64d8 (name=java.lang.CharacterDataLatin1, trace=1)
	super		809e680
	static class$java$lang$CharacterDataLatin1	80b64d8
	static A_DATA	80b6518
	static A	80a0e88
ARR 80b64f8 (sz=1040, trace=1, nelems=512, elem type=char)
OBJ 80b6518 (sz=24, trace=1, class=java.lang.String@809ded8)
	value		80b64f8
ARR 80b6538 (sz=72, trace=1, nelems=29, elem type=char)
OBJ 80b6558 (sz=24, trace=1, class=java.lang.String@809ded8)
	value		80b6538
ARR 80b6578 (sz=24, trace=1, nelems=5, elem type=char)
OBJ 80b6598 (sz=24, trace=1, class=java.lang.String@809ded8)
	value		80b6578
ARR 80b65b8 (sz=24, trace=1, nelems=5, elem type=char)
OBJ 80b65d8 (sz=24, trace=1, class=java.lang.String@809ded8)
	value		80b65b8
ARR 80b65f8 (sz=24, trace=1, nelems=4, elem type=char)
OBJ 80b6618 (sz=24, trace=1, class=java.lang.String@809ded8)
	value		80b65f8
ARR 80b6638 (sz=24, trace=1, nelems=6, elem type=char)
OBJ 80b6658 (sz=24, trace=1, class=java.lang.String@809ded8)
	value		80b6638
ARR 80b6678 (sz=24, trace=1, nelems=6, elem type=char)
OBJ 80b6698 (sz=24, trace=1, class=java.lang.String@809ded8)
	value		80b6678
ARR 80b66b8 (sz=32, trace=1, nelems=8, elem type=char)
OBJ 80b66d8 (sz=24, trace=1, class=java.lang.String@809ded8)
	value		80b66b8
ARR 80b66f8 (sz=32, trace=1, nelems=8, elem type=char)
OBJ 80b6718 (sz=24, trace=1, class=java.lang.String@809ded8)
	value		80b66f8
ARR 80b6738 (sz=48, trace=1, nelems=15, elem type=char)
OBJ 80b6758 (sz=24, trace=1, class=java.lang.String@809ded8)
	value		80b6738
ARR 80b6778 (sz=32, trace=1, nelems=10, elem type=char)
OBJ 80b6798 (sz=24, trace=1, class=java.lang.String@809ded8)
	value		80b6778
ARR 80b67b8 (sz=32, trace=1, nelems=8, elem type=char)
OBJ 80b67d8 (sz=24, trace=1, class=java.lang.String@809ded8)
	value		80b67b8
ARR 80b67f8 (sz=32, trace=1, nelems=8, elem type=char)
OBJ 80b6818 (sz=24, trace=1, class=java.lang.String@809ded8)
	value		80b67f8
ARR 80b6838 (sz=32, trace=1, nelems=10, elem type=char)
OBJ 80b6858 (sz=24, trace=1, class=java.lang.String@809ded8)
	value		80b6838
ARR 80b6878 (sz=32, trace=1, nelems=10, elem type=char)
OBJ 80b6898 (sz=24, trace=1, class=java.lang.String@809ded8)
	value		80b6878
ARR 80b68b8 (sz=32, trace=1, nelems=10, elem type=char)
OBJ 80b68d8 (sz=24, trace=1, class=java.lang.String@809ded8)
	value		80b68b8
ARR 80b68f8 (sz=32, trace=1, nelems=10, elem type=char)
OBJ 80b6918 (sz=24, trace=1, class=java.lang.String@809ded8)
	value		80b68f8
ARR 80b6938 (sz=32, trace=1, nelems=10, elem type=char)
OBJ 80b6958 (sz=24, trace=1, class=java.lang.String@809ded8)
	value		80b6938
ARR 80b6978 (sz=24, trace=1, nelems=6, elem type=char)
OBJ 80b6998 (sz=24, trace=1, class=java.lang.String@809ded8)
	value		80b6978
ARR 80b69b8 (sz=16, trace=1, nelems=2, elem type=char)
OBJ 80b69d8 (sz=24, trace=1, class=java.lang.String@809ded8)
	value		80b69b8
ARR 80b69f8 (sz=24, trace=1, nelems=6, elem type=char)
OBJ 80b6a18 (sz=24, trace=1, class=java.lang.String@809ded8)
	value		80b69f8
ARR 80b6a38 (sz=24, trace=1, nelems=5, elem type=char)
OBJ 80b6a58 (sz=24, trace=1, class=java.lang.String@809ded8)
	value		80b6a38
ARR 80b6a78 (sz=40, trace=1, nelems=11, elem type=char)
OBJ 80b6a98 (sz=24, trace=1, class=java.lang.String@809ded8)
	value		80b6a78
ARR 80b6ab8 (sz=24, trace=1, nelems=3, elem type=char)
OBJ 80b6ad8 (sz=24, trace=1, class=java.lang.String@809ded8)
	value		80b6ab8
ARR 80b6af8 (sz=32, trace=1, nelems=7, elem type=char)
OBJ 80b6b18 (sz=24, trace=1, class=java.lang.String@809ded8)
	value		80b6af8
ARR 80b6b38 (sz=32, trace=1, nelems=9, elem type=char)
OBJ 80b6b58 (sz=24, trace=1, class=java.lang.String@809ded8)
	value		80b6b38
ARR 80b6b78 (sz=48, trace=1, nelems=15, elem type=char)
OBJ 80b6b98 (sz=24, trace=1, class=java.lang.String@809ded8)
	value		80b6b78
ARR 80b6bb8 (sz=24, trace=1, nelems=6, elem type=char)
OBJ 80b6bd8 (sz=24, trace=1, class=java.lang.String@809ded8)
	value		80b6bb8
ARR 80b6bf8 (sz=32, trace=1, nelems=9, elem type=char)
OBJ 80b6c18 (sz=24, trace=1, class=java.lang.String@809ded8)
	value		80b6bf8
ARR 80b6c38 (sz=32, trace=1, nelems=10, elem type=char)
OBJ 80b6c58 (sz=24, trace=1, class=java.lang.String@809ded8)
	value		80b6c38
ARR 80b6c78 (sz=32, trace=1, nelems=10, elem type=char)
OBJ 80b6c98 (sz=24, trace=1, class=java.lang.String@809ded8)
	value		80b6c78
ARR 80b6cb8 (sz=32, trace=1, nelems=9, elem type=char)
OBJ 80b6cd8 (sz=24, trace=1, class=java.lang.String@809ded8)
	value		80b6cb8
ARR 80b6cf8 (sz=32, trace=1, nelems=10, elem type=char)
OBJ 80b6d18 (sz=24, trace=1, class=java.lang.String@809ded8)
	value		80b6cf8
ARR 80b6d38 (sz=32, trace=1, nelems=10, elem type=char)
OBJ 80b6d58 (sz=24, trace=1, class=java.lang.String@809ded8)
	value		80b6d38
ARR 80b6d78 (sz=48, trace=1, nelems=15, elem type=char)
OBJ 80b6d98 (sz=24, trace=1, class=java.lang.String@809ded8)
	value		80b6d78
ARR 80b6db8 (sz=24, trace=1, nelems=6, elem type=char)
OBJ 80b6dd8 (sz=24, trace=1, class=java.lang.String@809ded8)
	value		80b6db8
ARR 80b6df8 (sz=16, trace=1, nelems=2, elem type=char)
OBJ 80b6e18 (sz=24, trace=1, class=java.lang.String@809ded8)
	value		80b6df8
ARR 80b6e38 (sz=40, trace=1, nelems=11, elem type=char)
OBJ 80b6e58 (sz=24, trace=1, class=java.lang.String@809ded8)
	value		80b6e38
ARR 80b6e78 (sz=32, trace=1, nelems=10, elem type=char)
OBJ 80b6e98 (sz=24, trace=1, class=java.lang.String@809ded8)
	value		80b6e78
ARR 80b6eb8 (sz=32, trace=1, nelems=10, elem type=char)
OBJ 80b6ed8 (sz=24, trace=1, class=java.lang.String@809ded8)
	value		80b6eb8
ARR 80b6ef8 (sz=32, trace=1, nelems=9, elem type=char)
OBJ 80b6f18 (sz=24, trace=1, class=java.lang.String@809ded8)
	value		80b6ef8
ARR 80b6f38 (sz=32, trace=1, nelems=10, elem type=char)
OBJ 80b6f58 (sz=24, trace=1, class=java.lang.String@809ded8)
	value		80b6f38
ARR 80b6f78 (sz=32, trace=1, nelems=10, elem type=char)
OBJ 80b6f98 (sz=24, trace=1, class=java.lang.String@809ded8)
	value		80b6f78
ARR 80b6fb8 (sz=48, trace=1, nelems=15, elem type=char)
OBJ 80b6fd8 (sz=24, trace=1, class=java.lang.String@809ded8)
	value		80b6fb8
ARR 80b6ff8 (sz=24, trace=1, nelems=6, elem type=char)
OBJ 80b7018 (sz=24, trace=1, class=java.lang.String@809ded8)
	value		80b6ff8
ARR 80b7038 (sz=16, trace=1, nelems=2, elem type=char)
OBJ 80b7058 (sz=24, trace=1, class=java.lang.String@809ded8)
	value		80b7038
ARR 80b7078 (sz=40, trace=1, nelems=11, elem type=char)
OBJ 80b7098 (sz=24, trace=1, class=java.lang.String@809ded8)
	value		80b7078
ARR 80b70b8 (sz=32, trace=1, nelems=10, elem type=char)
OBJ 80b70d8 (sz=24, trace=1, class=java.lang.String@809ded8)
	value		80b70b8
ARR 80b70f8 (sz=32, trace=1, nelems=10, elem type=char)
OBJ 80b7118 (sz=24, trace=1, class=java.lang.String@809ded8)
	value		80b70f8
ARR 80b7138 (sz=32, trace=1, nelems=9, elem type=char)
OBJ 80b7158 (sz=24, trace=1, class=java.lang.String@809ded8)
	value		80b7138
ARR 80b7178 (sz=32, trace=1, nelems=10, elem type=char)
OBJ 80b7198 (sz=24, trace=1, class=java.lang.String@809ded8)
	value		80b7178
ARR 80b71b8 (sz=32, trace=1, nelems=10, elem type=char)
OBJ 80b71d8 (sz=24, trace=1, class=java.lang.String@809ded8)
	value		80b71b8
ARR 80b71f8 (sz=32, trace=1, nelems=8, elem type=char)
OBJ 80b7218 (sz=24, trace=1, class=java.lang.String@809ded8)
	value		80b71f8
ARR 80b7238 (sz=48, trace=1, nelems=18, elem type=char)
OBJ 80b7258 (sz=24, trace=1, class=java.lang.String@809ded8)
	value		80b7238
ARR 80b7278 (sz=32, trace=1, nelems=10, elem type=char)
OBJ 80b7298 (sz=24, trace=1, class=java.lang.String@809ded8)
	value		80b7278
ARR 80b72b8 (sz=32, trace=1, nelems=10, elem type=char)
OBJ 80b72d8 (sz=24, trace=1, class=java.lang.String@809ded8)
	value		80b72b8
ARR 80b72f8 (sz=32, trace=1, nelems=9, elem type=char)
OBJ 80b7318 (sz=24, trace=1, class=java.lang.String@809ded8)
	value		80b72f8
ARR 80b7338 (sz=32, trace=1, nelems=10, elem type=char)
OBJ 80b7358 (sz=24, trace=1, class=java.lang.String@809ded8)
	value		80b7338
ARR 80b7378 (sz=32, trace=1, nelems=10, elem type=char)
OBJ 80b7398 (sz=24, trace=1, class=java.lang.String@809ded8)
	value		80b7378
ARR 80b73b8 (sz=48, trace=1, nelems=15, elem type=char)
OBJ 80b73d8 (sz=24, trace=1, class=java.lang.String@809ded8)
	value		80b73b8
ARR 80b73f8 (sz=32, trace=1, nelems=8, elem type=char)
OBJ 80b7418 (sz=24, trace=1, class=java.lang.String@809ded8)
	value		80b73f8
ARR 80b7438 (sz=32, trace=1, nelems=8, elem type=char)
OBJ 80b7458 (sz=24, trace=1, class=java.lang.String@809ded8)
	value		80b7438
ARR 80b7478 (sz=24, trace=1, nelems=5, elem type=char)
OBJ 80b7498 (sz=24, trace=1, class=java.lang.String@809ded8)
	value		80b7478
ARR 80b74b8 (sz=24, trace=1, nelems=6, elem type=char)
OBJ 80b74d8 (sz=24, trace=1, class=java.lang.String@809ded8)
	value		80b74b8
ARR 80b74f8 (sz=48, trace=1, nelems=15, elem type=char)
OBJ 80b7518 (sz=24, trace=1, class=java.lang.String@809ded8)
	value		80b74f8
ARR 80b7538 (sz=40, trace=1, nelems=12, elem type=char)
OBJ 80b7558 (sz=24, trace=1, class=java.lang.String@809ded8)
	value		80b7538
ARR 80b7578 (sz=32, trace=1, nelems=10, elem type=char)
OBJ 80b7598 (sz=24, trace=1, class=java.lang.String@809ded8)
	value		80b7578
ARR 80b75b8 (sz=32, trace=1, nelems=10, elem type=char)
OBJ 80b75d8 (sz=24, trace=1, class=java.lang.String@809ded8)
	value		80b75b8
ARR 80b75f8 (sz=32, trace=1, nelems=9, elem type=char)
OBJ 80b7618 (sz=24, trace=1, class=java.lang.String@809ded8)
	value		80b75f8
ARR 80b7638 (sz=32, trace=1, nelems=10, elem type=char)
OBJ 80b7658 (sz=24, trace=1, class=java.lang.String@809ded8)
	value		80b7638
ARR 80b7678 (sz=32, trace=1, nelems=10, elem type=char)
OBJ 80b7698 (sz=24, trace=1, class=java.lang.String@809ded8)
	value		80b7678
ARR 80b76b8 (sz=48, trace=1, nelems=15, elem type=char)
OBJ 80b76d8 (sz=24, trace=1, class=java.lang.String@809ded8)
	value		80b76b8
ARR 80b76f8 (sz=24, trace=1, nelems=6, elem type=char)
OBJ 80b7718 (sz=24, trace=1, class=java.lang.String@809ded8)
	value		80b76f8
ARR 80b7738 (sz=16, trace=1, nelems=2, elem type=char)
OBJ 80b7758 (sz=24, trace=1, class=java.lang.String@809ded8)
	value		80b7738
ARR 80b7778 (sz=40, trace=1, nelems=11, elem type=char)
OBJ 80b7798 (sz=24, trace=1, class=java.lang.String@809ded8)
	value		80b7778
ARR 80b77b8 (sz=40, trace=1, nelems=11, elem type=char)
OBJ 80b77d8 (sz=24, trace=1, class=java.lang.String@809ded8)
	value		80b77b8
ARR 80b77f8 (sz=40, trace=1, nelems=11, elem type=char)
OBJ 80b7818 (sz=24, trace=1, class=java.lang.String@809ded8)
	value		80b77f8
ARR 80b7838 (sz=32, trace=1, nelems=10, elem type=char)
OBJ 80b7858 (sz=24, trace=1, class=java.lang.String@809ded8)
	value		80b7838
ARR 80b7878 (sz=40, trace=1, nelems=11, elem type=char)
OBJ 80b7898 (sz=24, trace=1, class=java.lang.String@809ded8)
	value		80b7878
ARR 80b78b8 (sz=40, trace=1, nelems=11, elem type=char)
OBJ 80b78d8 (sz=24, trace=1, class=java.lang.String@809ded8)
	value		80b78b8
ARR 80b78f8 (sz=40, trace=1, nelems=11, elem type=char)
OBJ 80b7918 (sz=24, trace=1, class=java.lang.String@809ded8)
	value		80b78f8
ARR 80b7938 (sz=32, trace=1, nelems=7, elem type=char)
OBJ 80b7958 (sz=24, trace=1, class=java.lang.String@809ded8)
	value		80b7938
ARR 80b7978 (sz=32, trace=1, nelems=10, elem type=char)
OBJ 80b7998 (sz=24, trace=1, class=java.lang.String@809ded8)
	value		80b7978
ARR 80b79b8 (sz=24, trace=1, nelems=6, elem type=char)
OBJ 80b79d8 (sz=24, trace=1, class=java.lang.String@809ded8)
	value		80b79b8
ARR 80b79f8 (sz=32, trace=1, nelems=7, elem type=char)
OBJ 80b7a18 (sz=24, trace=1, class=java.lang.String@809ded8)
	value		80b79f8
ARR 80b7a38 (sz=24, trace=1, nelems=5, elem type=char)
OBJ 80b7a58 (sz=24, trace=1, class=java.lang.String@809ded8)
	value		80b7a38
ARR 80b7a78 (sz=24, trace=1, nelems=3, elem type=char)
OBJ 80b7a98 (sz=24, trace=1, class=java.lang.String@809ded8)
	value		80b7a78
ARR 80b7ab8 (sz=24, trace=1, nelems=6, elem type=char)
OBJ 80b7ad8 (sz=24, trace=1, class=java.lang.String@809ded8)
	value		80b7ab8
ARR 80b7af8 (sz=24, trace=1, nelems=6, elem type=char)
OBJ 80b7b18 (sz=24, trace=1, class=java.lang.String@809ded8)
	value		80b7af8
ARR 80b7b38 (sz=16, trace=1, nelems=2, elem type=char)
OBJ 80b7b58 (sz=24, trace=1, class=java.lang.String@809ded8)
	value		80b7b38
ARR 80b7b78 (sz=40, trace=1, nelems=11, elem type=char)
OBJ 80b7b98 (sz=24, trace=1, class=java.lang.String@809ded8)
	value		80b7b78
ARR 80b7bb8 (sz=40, trace=1, nelems=11, elem type=char)
OBJ 80b7bd8 (sz=24, trace=1, class=java.lang.String@809ded8)
	value		80b7bb8
ARR 80b7bf8 (sz=48, trace=1, nelems=15, elem type=char)
OBJ 80b7c18 (sz=24, trace=1, class=java.lang.String@809ded8)
	value		80b7bf8
ARR 80b7c38 (sz=24, trace=1, nelems=6, elem type=char)
OBJ 80b7c58 (sz=24, trace=1, class=java.lang.String@809ded8)
	value		80b7c38
ARR 80b7c78 (sz=24, trace=1, nelems=6, elem type=char)
OBJ 80b7c98 (sz=24, trace=1, class=java.lang.String@809ded8)
	value		80b7c78
ARR 80b7cb8 (sz=24, trace=1, nelems=4, elem type=char)
OBJ 80b7cd8 (sz=24, trace=1, class=java.lang.String@809ded8)
	value		80b7cb8
ARR 80b7cf8 (sz=32, trace=1, nelems=7, elem type=char)
OBJ 80b7d18 (sz=24, trace=1, class=java.lang.String@809ded8)
	value		80b7cf8
ARR 80b7d38 (sz=40, trace=1, nelems=12, elem type=char)
OBJ 80b7d58 (sz=24, trace=1, class=java.lang.String@809ded8)
	value		80b7d38
ARR 80b7d78 (sz=24, trace=1, nelems=6, elem type=char)
OBJ 80b7d98 (sz=24, trace=1, class=java.lang.String@809ded8)
	value		80b7d78
ARR 80b7db8 (sz=24, trace=1, nelems=6, elem type=char)
OBJ 80b7dd8 (sz=24, trace=1, class=java.lang.String@809ded8)
	value		80b7db8
ARR 80b7df8 (sz=40, trace=1, nelems=12, elem type=char)
OBJ 80b7e18 (sz=24, trace=1, class=java.lang.String@809ded8)
	value		80b7df8
ARR 80b7e38 (sz=24, trace=1, nelems=6, elem type=char)
OBJ 80b7e58 (sz=24, trace=1, class=java.lang.String@809ded8)
	value		80b7e38
ARR 80b7e78 (sz=24, trace=1, nelems=6, elem type=char)
OBJ 80b7e98 (sz=24, trace=1, class=java.lang.String@809ded8)
	value		80b7e78
ARR 80b7eb8 (sz=40, trace=1, nelems=12, elem type=char)
OBJ 80b7ed8 (sz=24, trace=1, class=java.lang.String@809ded8)
	value		80b7eb8
ARR 80b7ef8 (sz=24, trace=1, nelems=6, elem type=char)
OBJ 80b7f18 (sz=24, trace=1, class=java.lang.String@809ded8)
	value		80b7ef8
ARR 80b7f38 (sz=24, trace=1, nelems=6, elem type=char)
OBJ 80b7f58 (sz=24, trace=1, class=java.lang.String@809ded8)
	value		80b7f38
ARR 80b7f78 (sz=40, trace=1, nelems=12, elem type=char)
OBJ 80b7f98 (sz=24, trace=1, class=java.lang.String@809ded8)
	value		80b7f78
ARR 80b7fb8 (sz=24, trace=1, nelems=6, elem type=char)
OBJ 80b7fd8 (sz=24, trace=1, class=java.lang.String@809ded8)
	value		80b7fb8
ARR 80b7ff8 (sz=24, trace=1, nelems=6, elem type=char)
OBJ 80b8018 (sz=24, trace=1, class=java.lang.String@809ded8)
	value		80b7ff8
ARR 80b8038 (sz=40, trace=1, nelems=12, elem type=char)
OBJ 80b8058 (sz=24, trace=1, class=java.lang.String@809ded8)
	value		80b8038
ARR 80b8078 (sz=24, trace=1, nelems=6, elem type=char)
OBJ 80b8098 (sz=24, trace=1, class=java.lang.String@809ded8)
	value		80b8078
ARR 80b80b8 (sz=24, trace=1, nelems=6, elem type=char)
OBJ 80b80d8 (sz=24, trace=1, class=java.lang.String@809ded8)
	value		80b80b8
ARR 80b80f8 (sz=40, trace=1, nelems=12, elem type=char)
OBJ 80b8118 (sz=24, trace=1, class=java.lang.String@809ded8)
	value		80b80f8
ARR 80b8138 (sz=24, trace=1, nelems=6, elem type=char)
OBJ 80b8158 (sz=24, trace=1, class=java.lang.String@809ded8)
	value		80b8138
ARR 80b8178 (sz=24, trace=1, nelems=6, elem type=char)
OBJ 80b8198 (sz=24, trace=1, class=java.lang.String@809ded8)
	value		80b8178
ARR 80b81b8 (sz=24, trace=1, nelems=4, elem type=char)
OBJ 80b81d8 (sz=24, trace=1, class=java.lang.String@809ded8)
	value		80b81b8
ARR 80b81f8 (sz=16, trace=1, nelems=1, elem type=char)
OBJ 80b8218 (sz=24, trace=1, class=java.lang.String@809ded8)
	value		80b81f8
ARR 80b8238 (sz=80, trace=1, nelems=67, elem type=byte)
ARR 80b8278 (sz=24, trace=1, nelems=9, elem type=byte)
ARR 80b8298 (sz=16, trace=1, nelems=0, elem type=short)
CLS 80b82d8 (name=sun.nio.cs.HistoricallyNamedCharset, trace=1)
	super		809e680
ARR 80b8318 (sz=24, trace=1, nelems=6, elem type=short)
ARR 80b8358 (sz=32, trace=1, nelems=4, elem type=int)
CLS 80ab1d0 (name=sun.nio.cs.US_ASCII, trace=1)
	super		80b5a38
	static class$sun$nio$cs$US_ASCII	80ab1d0
ARR 80b8378 (sz=40, trace=1, nelems=12, elem type=short)
ARR 80b8398 (sz=48, trace=1, nelems=15, elem type=char)
OBJ 80b83b8 (sz=24, trace=1, class=java.lang.String@809ded8)
	value		80b8398
ARR 80b83d8 (sz=64, trace=1, nelems=47, elem type=byte)
ARR 80b8418 (sz=16, trace=1, nelems=0, elem type=short)
CLS 80b8458 (name=java.lang.Class$3, trace=1)
	super		809e680
ARR 80b8478 (sz=24, trace=1, nelems=4, elem type=short)
ARR 80b8518 (sz=136, trace=1, nelems=121, elem type=byte)
ARR 80b8538 (sz=160, trace=1, nelems=72, elem type=short)
CLS 80b8578 (name=java.lang.reflect.Modifier, trace=1)
	super		809e680
ARR 80b8598 (sz=24, trace=1, nelems=4, elem type=short)
ARR 80b85b8 (sz=96, trace=1, nelems=78, elem type=byte)
ARR 80b85f8 (sz=48, trace=1, nelems=29, elem type=byte)
ARR 80b8618 (sz=16, trace=1, nelems=0, elem type=short)
CLS 80b8658 (name=sun.reflect.LangReflectAccess, trace=1)
	super		809e680
ARR 80b8678 (sz=16, trace=1, nelems=0, elem type=short)
CLS 80aaf70 (name=java.lang.reflect.ReflectAccess, trace=1)
	super		809e680
ARR 80b86b8 (sz=48, trace=1, nelems=34, elem type=byte)
ARR 80b86f8 (sz=40, trace=1, nelems=12, elem type=short)
CLS 80b8738 (name=java.lang.Class$1, trace=1)
	super		809e680
ARR 80b8758 (sz=24, trace=1, nelems=4, elem type=short)
ARR 80b8778 (sz=96, trace=1, nelems=77, elem type=byte)
ARR 80b87b8 (sz=16, trace=1, nelems=0, elem type=short)
ARR 80b87f8 (sz=32, trace=1, nelems=4, elem type=int)
CLS 80b8818 (name=sun.reflect.ReflectionFactory$1, trace=1)
	super		809e680
ARR 80b8838 (sz=24, trace=1, nelems=4, elem type=short)
ARR 80b8858 (sz=88, trace=1, nelems=35, elem type=char)
OBJ 80b8878 (sz=24, trace=1, class=java.lang.String@809ded8)
	value		80b8858
ARR 80b8898 (sz=88, trace=1, nelems=76, elem type=byte)
ARR 80b88b8 (sz=48, trace=1, nelems=18, elem type=short)
CLS 80ab050 (name=sun.reflect.NativeConstructorAccessorImpl, trace=1)
	super		80b2478
ARR 80b88f8 (sz=48, trace=1, nelems=32, elem type=byte)
ARR 80b8918 (sz=24, trace=1, nelems=6, elem type=short)
CLS 80ab110 (name=sun.reflect.DelegatingConstructorAccessorImpl, trace=1)
	super		80b2478
ARR 80b8958 (sz=128, trace=1, nelems=114, elem type=byte)
ARR 80b8978 (sz=40, trace=1, nelems=26, elem type=byte)
ARR 80b8998 (sz=24, trace=1, nelems=6, elem type=short)
CLS 80b89d8 (name=java.lang.StringCoding$StringDecoder, trace=1)
	super		809e680
ARR 80b89f8 (sz=24, trace=1, nelems=4, elem type=short)
ARR 80b8a18 (sz=40, trace=1, nelems=12, elem type=short)
ARR 80b8a58 (sz=32, trace=1, nelems=4, elem type=int)
CLS 80ab2f0 (name=java.lang.StringCoding$CharsetSD, trace=1)
	super		80b89d8
ARR 80b8a78 (sz=32, trace=1, nelems=8, elem type=short)
ARR 80b8a98 (sz=128, trace=1, nelems=113, elem type=byte)
ARR 80b8ab8 (sz=304, trace=1, nelems=287, elem type=byte)
ARR 80b8ad8 (sz=184, trace=1, nelems=84, elem type=short)
ARR 80b8b18 (sz=32, trace=1, nelems=4, elem type=int)
ARR 80b8b38 (sz=48, trace=1, nelems=8, elem type=int)
CLS 80b8b58 (name=java.nio.charset.CharsetDecoder, trace=1)
	super		809e680
	static class$java$nio$charset$CharsetDecoder	80b8b58
	static stateNames	80ab3b0
ARR 80b8b78 (sz=24, trace=1, nelems=6, elem type=short)
ARR 80b8bb8 (sz=80, trace=1, nelems=16, elem type=int)
ARR 80b8bd8 (sz=80, trace=1, nelems=16, elem type=int)
CLS 80ab3d0 (name=sun.nio.cs.US_ASCII$Decoder, trace=1)
	super		80b8b58
ARR 80b8bf8 (sz=24, trace=1, nelems=4, elem type=short)
ARR 80b8c18 (sz=80, trace=1, nelems=31, elem type=char)
OBJ 80b8c38 (sz=24, trace=1, class=java.lang.String@809ded8)
	value		80b8c18
ARR 80b8c58 (sz=24, trace=1, nelems=5, elem type=char)
OBJ 80b8c78 (sz=24, trace=1, class=java.lang.String@809ded8)
	value		80b8c58
ARR 80b8c98 (sz=24, trace=1, nelems=6, elem type=char)
OBJ 80b8cb8 (sz=24, trace=1, class=java.lang.String@809ded8)
	value		80b8c98
ARR 80b8cd8 (sz=32, trace=1, nelems=10, elem type=char)
OBJ 80b8cf8 (sz=24, trace=1, class=java.lang.String@809ded8)
	value		80b8cd8
ARR 80b8d18 (sz=32, trace=1, nelems=7, elem type=char)
OBJ 80b8d38 (sz=24, trace=1, class=java.lang.String@809ded8)
	value		80b8d18
ARR 80b8d58 (sz=56, trace=1, nelems=19, elem type=char)
OBJ 80b8d78 (sz=24, trace=1, class=java.lang.String@809ded8)
	value		80b8d58
ARR 80b8d98 (sz=16, trace=1, nelems=1, elem type=char)
OBJ 80b8db8 (sz=24, trace=1, class=java.lang.String@809ded8)
	value		80b8d98
ARR 80b8dd8 (sz=48, trace=1, nelems=36, elem type=byte)
ARR 80b8df8 (sz=64, trace=1, nelems=24, elem type=short)
CLS 80ab490 (name=java.nio.charset.CodingErrorAction, trace=1)
	super		809e680
	static REPORT	80ab570
	static REPLACE	80ab550
	static IGNORE	80ab508
ARR 80b8e38 (sz=24, trace=1, nelems=6, elem type=char)
OBJ 80b8e58 (sz=24, trace=1, class=java.lang.String@809ded8)
	value		80b8e38
ARR 80b8e78 (sz=32, trace=1, nelems=7, elem type=char)
OBJ 80b8e98 (sz=24, trace=1, class=java.lang.String@809ded8)
	value		80b8e78
ARR 80b8eb8 (sz=24, trace=1, nelems=6, elem type=char)
OBJ 80b8ed8 (sz=24, trace=1, class=java.lang.String@809ded8)
	value		80b8eb8
ARR 80b8ef8 (sz=248, trace=1, nelems=232, elem type=byte)
ARR 80b8f38 (sz=72, trace=1, nelems=30, elem type=short)
ARR 80b8f78 (sz=32, trace=1, nelems=4, elem type=int)
CLS 80b8f98 (name=java.nio.ByteBuffer, trace=1)
	super		80b2a18
ARR 80b8fb8 (sz=256, trace=1, nelems=243, elem type=byte)
ARR 80b8fd8 (sz=16, trace=1, nelems=0, elem type=short)
CLS 80ad0e0 (name=java.nio.HeapByteBuffer, trace=1)
	super		80b8f98
ARR 80b9018 (sz=504, trace=1, nelems=490, elem type=byte)
ARR 80b9038 (sz=160, trace=1, nelems=72, elem type=short)
ARR 80b9078 (sz=48, trace=1, nelems=8, elem type=int)
ARR 80b9098 (sz=32, trace=1, nelems=4, elem type=int)
CLS 80b90b8 (name=java.nio.Bits, trace=1)
	super		809e680
	static class$java$nio$Bits	80b90b8
	static byteOrder	80ab750
	static unsafe	80ab648
ARR 80b90d8 (sz=40, trace=1, nelems=13, elem type=char)
OBJ 80b90f8 (sz=24, trace=1, class=java.lang.String@809ded8)
	value		80b90d8
ARR 80b9118 (sz=224, trace=1, nelems=212, elem type=byte)
ARR 80b9138 (sz=40, trace=1, nelems=12, elem type=short)
CLS 80ab5d0 (name=sun.misc.Unsafe, trace=1)
	super		809e680
	static theUnsafe	80ab648
ARR 80b9178 (sz=104, trace=1, nelems=86, elem type=byte)
ARR 80b9198 (sz=88, trace=1, nelems=36, elem type=short)
CLS 80b91d8 (name=sun.misc.VM, trace=1)
	super		809e680
ARR 80b91f8 (sz=72, trace=1, nelems=27, elem type=char)
OBJ 80b9218 (sz=24, trace=1, class=java.lang.String@809ded8)
	value		80b91f8
ARR 80b9238 (sz=56, trace=1, nelems=39, elem type=byte)
ARR 80b9258 (sz=48, trace=1, nelems=18, elem type=short)
CLS 80ab690 (name=java.nio.ByteOrder, trace=1)
	super		809e680
	static LITTLE_ENDIAN	80ab750
	static BIG_ENDIAN	80ab708
ARR 80b9298 (sz=32, trace=1, nelems=10, elem type=char)
OBJ 80b92b8 (sz=24, trace=1, class=java.lang.String@809ded8)
	value		80b9298
ARR 80b92d8 (sz=40, trace=1, nelems=13, elem type=char)
OBJ 80b92f8 (sz=24, trace=1, class=java.lang.String@809ded8)
	value		80b92d8
ARR 80b9318 (sz=168, trace=1, nelems=154, elem type=byte)
ARR 80b9358 (sz=48, trace=1, nelems=18, elem type=short)
ARR 80b9398 (sz=32, trace=1, nelems=4, elem type=int)
ARR 80b93b8 (sz=32, trace=1, nelems=4, elem type=int)
CLS 80b93d8 (name=java.nio.CharBuffer, trace=1)
	super		80b2a18
ARR 80b93f8 (sz=144, trace=1, nelems=130, elem type=byte)
ARR 80b9418 (sz=16, trace=1, nelems=0, elem type=short)
ARR 80b9458 (sz=32, trace=1, nelems=4, elem type=int)
CLS 80b9478 (name=java.nio.HeapCharBuffer, trace=1)
	super		80b93d8
ARR 80b9498 (sz=176, trace=1, nelems=161, elem type=byte)
ARR 80b94b8 (sz=184, trace=1, nelems=84, elem type=short)
ARR 80b94f8 (sz=32, trace=1, nelems=4, elem type=int)
CLS 80ab790 (name=java.nio.charset.CoderResult, trace=1)
	super		809e680
	static class$java$nio$charset$CoderResult	80ab790
	static unmappableCache	80ab9a8
	static malformedCache	80ab8e8
	static OVERFLOW	80ab850
	static UNDERFLOW	80ab808
	static names	80ab770
ARR 80b9518 (sz=40, trace=1, nelems=12, elem type=short)
ARR 80b9538 (sz=72, trace=1, nelems=28, elem type=char)
OBJ 80b9558 (sz=24, trace=1, class=java.lang.String@809ded8)
	value		80b9538
ARR 80b9578 (sz=32, trace=1, nelems=9, elem type=char)
OBJ 80b9598 (sz=24, trace=1, class=java.lang.String@809ded8)
	value		80b9578
ARR 80b95b8 (sz=32, trace=1, nelems=8, elem type=char)
OBJ 80b95d8 (sz=24, trace=1, class=java.lang.String@809ded8)
	value		80b95b8
ARR 80b95f8 (sz=32, trace=1, nelems=9, elem type=char)
OBJ 80b9618 (sz=24, trace=1, class=java.lang.String@809ded8)
	value		80b95f8
ARR 80b9638 (sz=32, trace=1, nelems=10, elem type=char)
OBJ 80b9658 (sz=24, trace=1, class=java.lang.String@809ded8)
	value		80b9638
ARR 80b9678 (sz=40, trace=1, nelems=23, elem type=byte)
ARR 80b9698 (sz=80, trace=1, nelems=65, elem type=byte)
ARR 80b96b8 (sz=24, trace=1, nelems=6, elem type=short)
CLS 80b96f8 (name=java.nio.charset.CoderResult$Cache, trace=1)
	super		809e680
ARR 80b9718 (sz=24, trace=1, nelems=4, elem type=short)
ARR 80b9738 (sz=16, trace=1, nelems=0, elem type=short)
CLS 80ab870 (name=java.nio.charset.CoderResult$1, trace=1)
	super		80b96f8
ARR 80b9778 (sz=32, trace=1, nelems=8, elem type=short)
ARR 80b9798 (sz=40, trace=1, nelems=23, elem type=byte)
ARR 80b97b8 (sz=16, trace=1, nelems=0, elem type=short)
CLS 80ab930 (name=java.nio.charset.CoderResult$2, trace=1)
	super		80b96f8
ARR 80b97f8 (sz=32, trace=1, nelems=8, elem type=short)
ARR 80b9818 (sz=104, trace=1, nelems=85, elem type=byte)
ARR 80b9838 (sz=48, trace=1, nelems=18, elem type=short)
CLS 80b9878 (name=sun.misc.Version, trace=1)
	super		809e680
	static java_runtime_version	80b9938
	static java_runtime_name	80b98f8
	static java_version	80b98b8
ARR 80b9898 (sz=32, trace=1, nelems=8, elem type=char)
OBJ 80b98b8 (sz=24, trace=1, class=java.lang.String@809ded8)
	value		80b9898
ARR 80b98d8 (sz=112, trace=1, nelems=48, elem type=char)
OBJ 80b98f8 (sz=24, trace=1, class=java.lang.String@809ded8)
	value		80b98d8
ARR 80b9918 (sz=40, trace=1, nelems=12, elem type=char)
OBJ 80b9938 (sz=24, trace=1, class=java.lang.String@809ded8)
	value		80b9918
ARR 80b9958 (sz=40, trace=1, nelems=12, elem type=char)
OBJ 80b9978 (sz=24, trace=1, class=java.lang.String@809ded8)
	value		80b9958
ARR 80b9998 (sz=56, trace=1, nelems=20, elem type=char)
OBJ 80b99b8 (sz=24, trace=1, class=java.lang.String@809ded8)
	value		80b9998
ARR 80b99d8 (sz=48, trace=1, nelems=17, elem type=char)
OBJ 80b99f8 (sz=24, trace=1, class=java.lang.String@809ded8)
	value		80b99d8
ARR 80b9a18 (sz=112, trace=1, nelems=98, elem type=byte)
ARR 80b9a38 (sz=72, trace=1, nelems=60, elem type=byte)
ARR 80b9a58 (sz=40, trace=1, nelems=12, elem type=short)
ARR 80b9a98 (sz=32, trace=1, nelems=4, elem type=int)
CLS 80b9ab8 (name=java.io.InputStream, trace=1)
	super		809e680
ARR 80b9ad8 (sz=40, trace=1, nelems=12, elem type=short)
ARR 80b9b18 (sz=48, trace=1, nelems=8, elem type=int)
CLS 80ac688 (name=java.io.FileInputStream, trace=1)
	super		80b9ab8
ARR 80b9b38 (sz=56, trace=1, nelems=40, elem type=byte)
ARR 80b9b58 (sz=64, trace=1, nelems=24, elem type=short)
CLS 80ac808 (name=java.io.FileDescriptor, trace=1)
	super		809e680
	static err	80ac8e8
	static out	80ac8c8
	static in	80ac880
ARR 80b9b98 (sz=128, trace=1, nelems=110, elem type=byte)
ARR 80b9bb8 (sz=48, trace=1, nelems=32, elem type=byte)
ARR 80b9bd8 (sz=16, trace=1, nelems=0, elem type=short)
CLS 80b9c18 (name=java.io.OutputStream, trace=1)
	super		809e680
ARR 80b9c38 (sz=48, trace=1, nelems=18, elem type=short)
ARR 80b9c78 (sz=48, trace=1, nelems=8, elem type=int)
CLS 80ac908 (name=java.io.FileOutputStream, trace=1)
	super		80b9c18
ARR 80b9c98 (sz=112, trace=1, nelems=98, elem type=byte)
ARR 80b9cb8 (sz=64, trace=1, nelems=51, elem type=byte)
ARR 80b9cd8 (sz=24, trace=1, nelems=6, elem type=short)
CLS 80b9d18 (name=java.io.FilterInputStream, trace=1)
	super		80b9ab8
ARR 80b9d38 (sz=88, trace=1, nelems=36, elem type=short)
CLS 80aca28 (name=java.io.BufferedInputStream, trace=1)
	super		80b9d18
ARR 80b9d78 (sz=192, trace=1, nelems=179, elem type=byte)
ARR 80b9d98 (sz=56, trace=1, nelems=40, elem type=byte)
ARR 80b9db8 (sz=24, trace=1, nelems=6, elem type=short)
ARR 80b9df8 (sz=32, trace=1, nelems=4, elem type=int)
CLS 80b9e18 (name=java.io.FilterOutputStream, trace=1)
	super		80b9c18
ARR 80b9e38 (sz=72, trace=1, nelems=30, elem type=short)
ARR 80b9e78 (sz=64, trace=1, nelems=12, elem type=int)
ARR 80b9e98 (sz=64, trace=1, nelems=12, elem type=int)
ARR 80b9eb8 (sz=80, trace=1, nelems=16, elem type=int)
ARR 80b9ed8 (sz=48, trace=1, nelems=8, elem type=int)
ARR 80b9ef8 (sz=48, trace=1, nelems=8, elem type=int)
ARR 80b9f18 (sz=48, trace=1, nelems=8, elem type=int)
ARR 80b9f38 (sz=48, trace=1, nelems=8, elem type=int)
ARR 80b9f58 (sz=80, trace=1, nelems=16, elem type=int)
ARR 80b9f78 (sz=48, trace=1, nelems=8, elem type=int)
ARR 80b9f98 (sz=48, trace=1, nelems=8, elem type=int)
ARR 80b9fb8 (sz=80, trace=1, nelems=16, elem type=int)
ARR 80b9fd8 (sz=48, trace=1, nelems=8, elem type=int)
ARR 80b9ff8 (sz=80, trace=1, nelems=16, elem type=int)
ARR 80ba018 (sz=48, trace=1, nelems=8, elem type=int)
ARR 80ba038 (sz=48, trace=1, nelems=8, elem type=int)
ARR 80ba058 (sz=80, trace=1, nelems=16, elem type=int)
CLS 80acb40 (name=java.io.PrintStream, trace=1)
	super		80b9e18
ARR 80ba078 (sz=72, trace=1, nelems=58, elem type=byte)
ARR 80ba098 (sz=40, trace=1, nelems=12, elem type=short)
CLS 80acc00 (name=java.io.BufferedOutputStream, trace=1)
	super		80b9e18
ARR 80ba0d8 (sz=96, trace=1, nelems=80, elem type=byte)
ARR 80ba0f8 (sz=72, trace=1, nelems=56, elem type=byte)
ARR 80ba118 (sz=48, trace=1, nelems=18, elem type=short)
ARR 80ba158 (sz=48, trace=1, nelems=8, elem type=int)
ARR 80ba178 (sz=48, trace=1, nelems=8, elem type=int)
CLS 80ba198 (name=java.io.Writer, trace=1)
	super		809e680
ARR 80ba1b8 (sz=24, trace=1, nelems=6, elem type=short)
ARR 80ba1f8 (sz=32, trace=1, nelems=4, elem type=int)
CLS 80acce0 (name=java.io.OutputStreamWriter, trace=1)
	super		80ba198
ARR 80ba218 (sz=168, trace=1, nelems=154, elem type=byte)
ARR 80ba238 (sz=48, trace=1, nelems=18, elem type=short)
ARR 80ba278 (sz=64, trace=1, nelems=12, elem type=int)
ARR 80ba298 (sz=48, trace=1, nelems=8, elem type=int)
ARR 80ba2b8 (sz=48, trace=1, nelems=8, elem type=int)
ARR 80ba2d8 (sz=64, trace=1, nelems=12, elem type=int)
ARR 80ba2f8 (sz=32, trace=1, nelems=4, elem type=int)
ARR 80ba318 (sz=32, trace=1, nelems=4, elem type=int)
CLS 80ba338 (name=sun.nio.cs.StreamEncoder, trace=1)
	super		80ba198
	static class$sun$nio$cs$StreamEncoder	80ba338
ARR 80ba358 (sz=40, trace=1, nelems=12, elem type=short)
ARR 80ba378 (sz=248, trace=1, nelems=234, elem type=byte)
ARR 80ba398 (sz=120, trace=1, nelems=54, elem type=short)
CLS 80acda0 (name=sun.nio.cs.StreamEncoder$CharsetSE, trace=1)
	super		80ba338
ARR 80ba3d8 (sz=24, trace=1, nelems=4, elem type=short)
ARR 80ba3f8 (sz=64, trace=1, nelems=24, elem type=char)
OBJ 80ba418 (sz=24, trace=1, class=java.lang.String@809ded8)
	value		80ba3f8
ARR 80ba438 (sz=152, trace=1, nelems=135, elem type=byte)
ARR 80ba458 (sz=376, trace=1, nelems=358, elem type=byte)
ARR 80ba478 (sz=192, trace=1, nelems=90, elem type=short)
ARR 80ba4b8 (sz=80, trace=1, nelems=16, elem type=int)
ARR 80ba4d8 (sz=32, trace=1, nelems=4, elem type=int)
ARR 80ba4f8 (sz=48, trace=1, nelems=8, elem type=int)
CLS 80ba518 (name=java.nio.charset.CharsetEncoder, trace=1)
	super		809e680
	static class$java$nio$charset$CharsetEncoder	80ba518
	static stateNames	80ace60
ARR 80ba538 (sz=40, trace=1, nelems=12, elem type=short)
ARR 80ba578 (sz=96, trace=1, nelems=20, elem type=int)
ARR 80ba598 (sz=96, trace=1, nelems=20, elem type=int)
CLS 80ace80 (name=sun.nio.cs.US_ASCII$Encoder, trace=1)
	super		80ba518
ARR 80ba5b8 (sz=32, trace=1, nelems=8, elem type=short)
ARR 80ba5d8 (sz=80, trace=1, nelems=31, elem type=char)
OBJ 80ba5f8 (sz=24, trace=1, class=java.lang.String@809ded8)
	value		80ba5d8
ARR 80ba618 (sz=104, trace=1, nelems=92, elem type=byte)
ARR 80ba638 (sz=64, trace=1, nelems=24, elem type=short)
CLS 80ad020 (name=sun.nio.cs.Surrogate$Parser, trace=1)
	super		809e680
ARR 80ba678 (sz=24, trace=1, nelems=4, elem type=short)
ARR 80ba698 (sz=104, trace=1, nelems=90, elem type=byte)
ARR 80ba6b8 (sz=136, trace=1, nelems=60, elem type=short)
ARR 80ba6f8 (sz=32, trace=1, nelems=4, elem type=int)
CLS 80ba718 (name=sun.nio.cs.Surrogate, trace=1)
	super		809e680
	static class$sun$nio$cs$Surrogate	80ba718
ARR 80ba738 (sz=32, trace=1, nelems=8, elem type=short)
ARR 80ba758 (sz=56, trace=1, nelems=20, elem type=char)
OBJ 80ba778 (sz=24, trace=1, class=java.lang.String@809ded8)
	value		80ba758
ARR 80ba798 (sz=128, trace=1, nelems=110, elem type=byte)
ARR 80ba7b8 (sz=88, trace=1, nelems=36, elem type=short)
ARR 80ba7f8 (sz=64, trace=1, nelems=12, elem type=int)
ARR 80ba818 (sz=48, trace=1, nelems=8, elem type=int)
ARR 80ba838 (sz=64, trace=1, nelems=12, elem type=int)
ARR 80ba858 (sz=48, trace=1, nelems=8, elem type=int)
ARR 80ba878 (sz=80, trace=1, nelems=16, elem type=int)
ARR 80ba898 (sz=48, trace=1, nelems=8, elem type=int)
CLS 80ad1c0 (name=java.io.BufferedWriter, trace=1)
	super		80ba198
ARR 80ba8b8 (sz=40, trace=1, nelems=14, elem type=char)
OBJ 80ba8d8 (sz=24, trace=1, class=java.lang.String@809ded8)
	value		80ba8b8
ARR 80ba8f8 (sz=24, trace=1, nelems=3, elem type=char)
OBJ 80ba918 (sz=24, trace=1, class=java.lang.String@809ded8)
	value		80ba8f8
ARR 80ba938 (sz=224, trace=1, nelems=205, elem type=byte)
ARR 80ba958 (sz=24, trace=1, nelems=6, elem type=short)
ARR 80ba998 (sz=32, trace=1, nelems=4, elem type=int)
CLS 80ad440 (name=java.lang.Runtime, trace=1)
	super		809e680
	static currentRuntime	80ad4b8
ARR 80ba9b8 (sz=472, trace=1, nelems=459, elem type=byte)
ARR 80ba9f8 (sz=144, trace=1, nelems=66, elem type=short)
ARR 80baa38 (sz=32, trace=1, nelems=4, elem type=int)
ARR 80baa58 (sz=32, trace=1, nelems=4, elem type=int)
ARR 80baa78 (sz=32, trace=1, nelems=4, elem type=int)
ARR 80baa98 (sz=48, trace=1, nelems=8, elem type=int)
CLS 80ae758 (name=java.io.File, trace=1)
	super		809e680
	static tmpFileLock	80ad7a0
	static pathSeparator	80ad780
	static separator	80ad740
	static fs	80ad578
ARR 80baab8 (sz=112, trace=1, nelems=96, elem type=byte)
ARR 80baad8 (sz=88, trace=1, nelems=36, elem type=short)
CLS 80bab18 (name=java.io.FileSystem, trace=1)
	super		809e680
ARR 80bab38 (sz=56, trace=1, nelems=21, elem type=char)
OBJ 80bab58 (sz=24, trace=1, class=java.lang.String@809ded8)
	value		80bab38
ARR 80bab78 (sz=64, trace=1, nelems=26, elem type=char)
OBJ 80bab98 (sz=24, trace=1, class=java.lang.String@809ded8)
	value		80bab78
ARR 80babb8 (sz=280, trace=1, nelems=264, elem type=byte)
ARR 80babd8 (sz=96, trace=1, nelems=42, elem type=short)
ARR 80bac18 (sz=32, trace=1, nelems=4, elem type=int)
ARR 80bac38 (sz=32, trace=1, nelems=4, elem type=int)
CLS 80ad500 (name=java.io.UnixFileSystem, trace=1)
	super		80bab18
	static class$java$io$UnixFileSystem	80ad500
ARR 80bac58 (sz=56, trace=1, nelems=22, elem type=char)
OBJ 80bac78 (sz=24, trace=1, class=java.lang.String@809ded8)
	value		80bac58
ARR 80bac98 (sz=128, trace=1, nelems=114, elem type=byte)
ARR 80bacb8 (sz=64, trace=1, nelems=24, elem type=short)
CLS 80ad5c0 (name=java.io.ExpiringCache, trace=1)
	super		809e680
ARR 80bacf8 (sz=24, trace=1, nelems=4, elem type=short)
ARR 80bad18 (sz=40, trace=1, nelems=14, elem type=char)
OBJ 80bad38 (sz=24, trace=1, class=java.lang.String@809ded8)
	value		80bad18
ARR 80bad58 (sz=40, trace=1, nelems=14, elem type=char)
OBJ 80bad78 (sz=24, trace=1, class=java.lang.String@809ded8)
	value		80bad58
ARR 80bad98 (sz=32, trace=1, nelems=9, elem type=char)
OBJ 80badb8 (sz=24, trace=1, class=java.lang.String@809ded8)
	value		80bad98
ARR 80badd8 (sz=48, trace=1, nelems=17, elem type=char)
OBJ 80badf8 (sz=24, trace=1, class=java.lang.String@809ded8)
	value		80badd8
ARR 80bae18 (sz=56, trace=1, nelems=21, elem type=char)
OBJ 80bae38 (sz=24, trace=1, class=java.lang.String@809ded8)
	value		80bae18
ARR 80bae58 (sz=16, trace=1, nelems=1, elem type=char)
OBJ 80bae78 (sz=24, trace=1, class=java.lang.String@809ded8)
	value		80bae58
ARR 80bae98 (sz=48, trace=1, nelems=35, elem type=byte)
ARR 80baed8 (sz=24, trace=1, nelems=6, elem type=short)
CLS 80baf18 (name=java.lang.ClassLoader$3, trace=1)
	super		809e680
ARR 80baf38 (sz=24, trace=1, nelems=4, elem type=short)
ARR 80baf58 (sz=32, trace=1, nelems=7, elem type=char)
OBJ 80baf78 (sz=24, trace=1, class=java.lang.String@809ded8)
	value		80baf58
ARR 80baf98 (sz=128, trace=1, nelems=114, elem type=byte)
ARR 80bafb8 (sz=40, trace=1, nelems=26, elem type=byte)
ARR 80bafd8 (sz=24, trace=1, nelems=6, elem type=short)
CLS 80bb018 (name=java.lang.StringCoding$StringEncoder, trace=1)
	super		809e680
ARR 80bb038 (sz=24, trace=1, nelems=4, elem type=short)
ARR 80bb058 (sz=40, trace=1, nelems=12, elem type=short)
ARR 80bb098 (sz=32, trace=1, nelems=4, elem type=int)
CLS 80ad9c0 (name=java.lang.StringCoding$CharsetSE, trace=1)
	super		80bb018
ARR 80bb0b8 (sz=32, trace=1, nelems=8, elem type=short)
ARR 80bb0d8 (sz=48, trace=1, nelems=32, elem type=byte)
ARR 80bb0f8 (sz=40, trace=1, nelems=12, elem type=short)
CLS 80adba0 (name=java.io.ExpiringCache$Entry, trace=1)
	super		809e680
ARR 80bb138 (sz=24, trace=1, nelems=4, elem type=short)
ARR 80bb158 (sz=104, trace=1, nelems=92, elem type=byte)
ARR 80bb178 (sz=64, trace=1, nelems=24, elem type=short)
ARR 80bb1b8 (sz=80, trace=1, nelems=16, elem type=int)
CLS 80add18 (name=java.lang.ClassLoader$NativeLibrary, trace=1)
	super		809e680
ARR 80bb1d8 (sz=24, trace=1, nelems=4, elem type=short)
ARR 80bb1f8 (sz=56, trace=1, nelems=41, elem type=byte)
ARR 80bb218 (sz=24, trace=1, nelems=6, elem type=short)
ARR 80bb258 (sz=32, trace=1, nelems=4, elem type=int)
CLS 80bb278 (name=java.lang.Terminator, trace=1)
	super		809e680
	static handler	80ade70
ARR 80bb298 (sz=24, trace=1, nelems=4, elem type=short)
ARR 80bb2b8 (sz=48, trace=1, nelems=30, elem type=byte)
ARR 80bb2f8 (sz=40, trace=1, nelems=26, elem type=byte)
ARR 80bb318 (sz=40, trace=1, nelems=12, elem type=short)
CLS 80bb358 (name=sun.misc.SignalHandler, trace=1)
	super		809e680
	static SIG_IGN	80ae378
	static SIG_DFL	80ae330
ARR 80bb378 (sz=16, trace=1, nelems=0, elem type=short)
CLS 80addf8 (name=java.lang.Terminator$1, trace=1)
	super		809e680
ARR 80bb3b8 (sz=24, trace=1, nelems=4, elem type=short)
ARR 80bb3d8 (sz=152, trace=1, nelems=140, elem type=byte)
ARR 80bb3f8 (sz=64, trace=1, nelems=24, elem type=short)
ARR 80bb438 (sz=96, trace=1, nelems=20, elem type=int)
CLS 80adfd8 (name=sun.misc.Signal, trace=1)
	super		809e680
	static signals	80adf98
	static handlers	80adf30
ARR 80bb458 (sz=24, trace=1, nelems=4, elem type=short)
ARR 80bb478 (sz=24, trace=1, nelems=3, elem type=char)
OBJ 80bb498 (sz=24, trace=1, class=java.lang.String@809ded8)
	value		80bb478
ARR 80bb4b8 (sz=48, trace=1, nelems=34, elem type=byte)
ARR 80bb4f8 (sz=24, trace=1, nelems=6, elem type=short)
CLS 80ae2b8 (name=sun.misc.NativeSignalHandler, trace=1)
	super		809e680
ARR 80bb538 (sz=24, trace=1, nelems=3, elem type=char)
OBJ 80bb558 (sz=24, trace=1, class=java.lang.String@809ded8)
	value		80bb538
ARR 80bb578 (sz=32, trace=1, nelems=16, elem type=byte)
ARR 80bb598 (sz=16, trace=1, nelems=0, elem type=short)
CLS 80ae0f8 (name=java.lang.Integer$1, trace=1)
	super		80a05f8
ARR 80bb5d8 (sz=24, trace=1, nelems=4, elem type=short)
ARR 80bb5f8 (sz=24, trace=1, nelems=3, elem type=char)
OBJ 80bb618 (sz=24, trace=1, class=java.lang.String@809ded8)
	value		80bb5f8
ARR 80bb638 (sz=24, trace=1, nelems=4, elem type=char)
OBJ 80bb658 (sz=24, trace=1, class=java.lang.String@809ded8)
	value		80bb638
ARR 80bb678 (sz=24, trace=1, nelems=4, elem type=char)
OBJ 80bb698 (sz=24, trace=1, class=java.lang.String@809ded8)
	value		80bb678
ARR 80bb6b8 (sz=32, trace=1, nelems=16, elem type=byte)
ARR 80bb6d8 (sz=16, trace=1, nelems=0, elem type=short)
CLS 80ae498 (name=java.lang.Long$1, trace=1)
	super		80a05f8
ARR 80bb718 (sz=24, trace=1, nelems=4, elem type=short)
ARR 80bb738 (sz=56, trace=1, nelems=40, elem type=byte)
ARR 80bb758 (sz=16, trace=1, nelems=0, elem type=short)
CLS 80bb798 (name=java.lang.Compiler, trace=1)
	super		809e680
ARR 80bb7b8 (sz=24, trace=1, nelems=4, elem type=short)
ARR 80bb7d8 (sz=96, trace=1, nelems=81, elem type=byte)
ARR 80bb818 (sz=16, trace=1, nelems=0, elem type=short)
ARR 80bb858 (sz=32, trace=1, nelems=4, elem type=int)
CLS 80bb878 (name=java.lang.Compiler$1, trace=1)
	super		809e680
ARR 80bb898 (sz=24, trace=1, nelems=4, elem type=short)
ARR 80bb8b8 (sz=40, trace=1, nelems=13, elem type=char)
OBJ 80bb8d8 (sz=24, trace=1, class=java.lang.String@809ded8)
	value		80bb8b8
ARR 80bb8f8 (sz=40, trace=1, nelems=12, elem type=char)
OBJ 80bb918 (sz=24, trace=1, class=java.lang.String@809ded8)
	value		80bb8f8
ARR 80bb938 (sz=32, trace=1, nelems=7, elem type=char)
OBJ 80bb958 (sz=24, trace=1, class=java.lang.String@809ded8)
	value		80bb938
ARR 80bb978 (sz=232, trace=1, nelems=215, elem type=byte)
ARR 80bb998 (sz=64, trace=1, nelems=24, elem type=short)
ARR 80bb9d8 (sz=112, trace=1, nelems=24, elem type=int)
ARR 80bb9f8 (sz=48, trace=1, nelems=8, elem type=int)
CLS 80ae698 (name=sun.misc.Launcher, trace=1)
	super		809e680
	static launcher	80ae710
	static factory	80ae650
ARR 80bba18 (sz=48, trace=1, nelems=16, elem type=short)
ARR 80bba38 (sz=96, trace=1, nelems=78, elem type=byte)
ARR 80bba78 (sz=24, trace=1, nelems=9, elem type=byte)
ARR 80bba98 (sz=16, trace=1, nelems=0, elem type=short)
CLS 80bbad8 (name=java.net.URLStreamHandlerFactory, trace=1)
	super		809e680
ARR 80bbaf8 (sz=24, trace=1, nelems=6, elem type=short)
ARR 80bbb38 (sz=64, trace=1, nelems=12, elem type=int)
CLS 80ae5d8 (name=sun.misc.Launcher$Factory, trace=1)
	super		809e680
	static PREFIX	80bbb98
ARR 80bbb58 (sz=24, trace=1, nelems=4, elem type=short)
ARR 80bbb78 (sz=56, trace=1, nelems=20, elem type=char)
OBJ 80bbb98 (sz=24, trace=1, class=java.lang.String@809ded8)
	value		80bbb78
ARR 80bbbb8 (sz=168, trace=1, nelems=156, elem type=byte)
ARR 80bbbd8 (sz=376, trace=1, nelems=361, elem type=byte)
ARR 80bbbf8 (sz=128, trace=1, nelems=116, elem type=byte)
ARR 80bbc18 (sz=48, trace=1, nelems=18, elem type=short)
ARR 80bbc58 (sz=48, trace=1, nelems=8, elem type=int)
CLS 80bbc78 (name=java.security.SecureClassLoader, trace=1)
	super		80b0b38
ARR 80bbc98 (sz=40, trace=1, nelems=12, elem type=short)
ARR 80bbcd8 (sz=32, trace=1, nelems=4, elem type=int)
ARR 80bbcf8 (sz=32, trace=1, nelems=4, elem type=int)
CLS 80bbd18 (name=java.net.URLClassLoader, trace=1)
	super		80bbc78
ARR 80bbd38 (sz=72, trace=1, nelems=28, elem type=short)
ARR 80bbd58 (sz=24, trace=1, nelems=6, elem type=short)
ARR 80bbd98 (sz=32, trace=1, nelems=4, elem type=int)
CLS 80ae870 (name=sun.misc.Launcher$ExtClassLoader, trace=1)
	super		80bbd18
ARR 80bbdb8 (sz=32, trace=1, nelems=8, elem type=short)
ARR 80bbdd8 (sz=24, trace=1, nelems=3, elem type=char)
OBJ 80bbdf8 (sz=24, trace=1, class=java.lang.String@809ded8)
	value		80bbdd8
ARR 80bbe18 (sz=176, trace=1, nelems=163, elem type=byte)
ARR 80bbe38 (sz=40, trace=1, nelems=12, elem type=short)
CLS 80bbe78 (name=sun.security.util.Debug, trace=1)
	super		809e680
ARR 80bbe98 (sz=56, trace=1, nelems=19, elem type=char)
OBJ 80bbeb8 (sz=24, trace=1, class=java.lang.String@809ded8)
	value		80bbe98
ARR 80bbed8 (sz=64, trace=1, nelems=24, elem type=char)
OBJ 80bbef8 (sz=24, trace=1, class=java.lang.String@809ded8)
	value		80bbed8
ARR 80bbf18 (sz=40, trace=1, nelems=13, elem type=char)
OBJ 80bbf38 (sz=24, trace=1, class=java.lang.String@809ded8)
	value		80bbf18
ARR 80bbf58 (sz=112, trace=1, nelems=96, elem type=byte)
ARR 80bbf98 (sz=112, trace=1, nelems=48, elem type=short)
CLS 80bbfd8 (name=java.util.StringTokenizer, trace=1)
	super		809e680
ARR 80bc038 (sz=48, trace=1, nelems=34, elem type=byte)
ARR 80bc078 (sz=24, trace=1, nelems=12, elem type=byte)
ARR 80bc098 (sz=16, trace=1, nelems=0, elem type=short)
CLS 80bc0d8 (name=java.security.PrivilegedExceptionAction, trace=1)
	super		809e680
ARR 80bc0f8 (sz=24, trace=1, nelems=6, elem type=short)
CLS 80bc138 (name=sun.misc.Launcher$1, trace=1)
	super		809e680
ARR 80bc158 (sz=32, trace=1, nelems=8, elem type=short)
ARR 80bc178 (sz=160, trace=1, nelems=144, elem type=byte)
ARR 80bc198 (sz=24, trace=1, nelems=6, elem type=short)
ARR 80bc1d8 (sz=32, trace=1, nelems=4, elem type=int)
CLS 80bc1f8 (name=sun.net.www.ParseUtil, trace=1)
	super		809e680
	static encodedInPath	80aeb08
ARR 80bc218 (sz=240, trace=1, nelems=221, elem type=byte)
ARR 80bc258 (sz=112, trace=1, nelems=48, elem type=short)
ARR 80bc298 (sz=32, trace=1, nelems=4, elem type=int)
CLS 80aea90 (name=java.util.BitSet, trace=1)
	super		809e680
	static trailingZeroTable	80aea70
ARR 80bc2b8 (sz=392, trace=1, nelems=380, elem type=byte)
ARR 80bc2f8 (sz=216, trace=1, nelems=102, elem type=short)
ARR 80bc338 (sz=48, trace=1, nelems=8, elem type=int)
ARR 80bc358 (sz=96, trace=1, nelems=20, elem type=int)
ARR 80bc378 (sz=48, trace=1, nelems=8, elem type=int)
ARR 80bc398 (sz=48, trace=1, nelems=8, elem type=int)
ARR 80bc3b8 (sz=48, trace=1, nelems=8, elem type=int)
CLS 80aec48 (name=java.net.URL, trace=1)
	super		809e680
	static streamHandlerLock	80aec28
	static handlers	80aebe8
	static protocolPathProp	80bc3f8
ARR 80bc3d8 (sz=64, trace=1, nelems=26, elem type=char)
OBJ 80bc3f8 (sz=24, trace=1, class=java.lang.String@809ded8)
	value		80bc3d8
ARR 80bc418 (sz=24, trace=1, nelems=4, elem type=char)
OBJ 80bc438 (sz=24, trace=1, class=java.lang.String@809ded8)
	value		80bc418
ARR 80bc458 (sz=448, trace=1, nelems=435, elem type=byte)
ARR 80bc498 (sz=384, trace=1, nelems=186, elem type=short)
ARR 80bc4d8 (sz=32, trace=1, nelems=4, elem type=int)
ARR 80bc4f8 (sz=32, trace=1, nelems=4, elem type=int)
ARR 80bc518 (sz=32, trace=1, nelems=4, elem type=int)
ARR 80bc538 (sz=32, trace=1, nelems=4, elem type=int)
ARR 80bc558 (sz=32, trace=1, nelems=4, elem type=int)
ARR 80bc578 (sz=32, trace=1, nelems=4, elem type=int)
CLS 80aed08 (name=java.util.Locale, trace=1)
	super		809e680
	static compressedIsoCountries	80bc5f8
	static compressedIsoLanguages	80bc5b8
	static defaultLocale	80af048
	static CANADA_FRENCH	80af028
	static CANADA	80af008
	static US	80aefe8
	static UK	80aefc8
	static TAIWAN	80aefa8
	static PRC	80aef88
	static CHINA	80aef68
	static KOREA	80aef48
	static JAPAN	80aef28
	static ITALY	80aef08
	static GERMANY	80aeee8
	static FRANCE	80aeec8
	static TRADITIONAL_CHINESE	80aeea8
	static SIMPLIFIED_CHINESE	80aee88
	static CHINESE	80aee68
	static KOREAN	80aee48
	static JAPANESE	80aee28
	static ITALIAN	80aee08
	static GERMAN	80aede8
	static FRENCH	80aedc8
	static ENGLISH	80aed80
ARR 80bc598 (sz=1720, trace=1, nelems=852, elem type=char)
OBJ 80bc5b8 (sz=24, trace=1, class=java.lang.String@809ded8)
	value		80bc598
ARR 80bc5d8 (sz=2880, trace=1, nelems=1434, elem type=char)
OBJ 80bc5f8 (sz=24, trace=1, class=java.lang.String@809ded8)
	value		80bc5d8
ARR 80bc618 (sz=16, trace=1, nelems=2, elem type=char)
OBJ 80bc638 (sz=24, trace=1, class=java.lang.String@809ded8)
	value		80bc618
ARR 80bc658 (sz=16, trace=1, nelems=2, elem type=char)
OBJ 80bc678 (sz=24, trace=1, class=java.lang.String@809ded8)
	value		80bc658
ARR 80bc698 (sz=16, trace=1, nelems=2, elem type=char)
OBJ 80bc6b8 (sz=24, trace=1, class=java.lang.String@809ded8)
	value		80bc698
ARR 80bc6d8 (sz=16, trace=1, nelems=2, elem type=char)
OBJ 80bc6f8 (sz=24, trace=1, class=java.lang.String@809ded8)
	value		80bc6d8
ARR 80bc718 (sz=16, trace=1, nelems=2, elem type=char)
OBJ 80bc738 (sz=24, trace=1, class=java.lang.String@809ded8)
	value		80bc718
ARR 80bc758 (sz=16, trace=1, nelems=2, elem type=char)
OBJ 80bc778 (sz=24, trace=1, class=java.lang.String@809ded8)
	value		80bc758
ARR 80bc798 (sz=16, trace=1, nelems=2, elem type=char)
OBJ 80bc7b8 (sz=24, trace=1, class=java.lang.String@809ded8)
	value		80bc798
ARR 80bc7d8 (sz=16, trace=1, nelems=2, elem type=char)
OBJ 80bc7f8 (sz=24, trace=1, class=java.lang.String@809ded8)
	value		80bc7d8
ARR 80bc818 (sz=16, trace=1, nelems=2, elem type=char)
OBJ 80bc838 (sz=24, trace=1, class=java.lang.String@809ded8)
	value		80bc818
ARR 80bc858 (sz=16, trace=1, nelems=2, elem type=char)
OBJ 80bc878 (sz=24, trace=1, class=java.lang.String@809ded8)
	value		80bc858
ARR 80bc898 (sz=16, trace=1, nelems=2, elem type=char)
OBJ 80bc8b8 (sz=24, trace=1, class=java.lang.String@809ded8)
	value		80bc898
ARR 80bc8d8 (sz=16, trace=1, nelems=2, elem type=char)
OBJ 80bc8f8 (sz=24, trace=1, class=java.lang.String@809ded8)
	value		80bc8d8
ARR 80bc918 (sz=16, trace=1, nelems=2, elem type=char)
OBJ 80bc938 (sz=24, trace=1, class=java.lang.String@809ded8)
	value		80bc918
ARR 80bc958 (sz=16, trace=1, nelems=2, elem type=char)
OBJ 80bc978 (sz=24, trace=1, class=java.lang.String@809ded8)
	value		80bc958
ARR 80bc998 (sz=16, trace=1, nelems=2, elem type=char)
OBJ 80bc9b8 (sz=24, trace=1, class=java.lang.String@809ded8)
	value		80bc998
ARR 80bc9d8 (sz=16, trace=1, nelems=2, elem type=char)
OBJ 80bc9f8 (sz=24, trace=1, class=java.lang.String@809ded8)
	value		80bc9d8
ARR 80bca18 (sz=16, trace=1, nelems=2, elem type=char)
OBJ 80bca38 (sz=24, trace=1, class=java.lang.String@809ded8)
	value		80bca18
ARR 80bca58 (sz=16, trace=1, nelems=2, elem type=char)
OBJ 80bca78 (sz=24, trace=1, class=java.lang.String@809ded8)
	value		80bca58
ARR 80bca98 (sz=16, trace=1, nelems=2, elem type=char)
OBJ 80bcab8 (sz=24, trace=1, class=java.lang.String@809ded8)
	value		80bca98
ARR 80bcad8 (sz=16, trace=1, nelems=2, elem type=char)
OBJ 80bcaf8 (sz=24, trace=1, class=java.lang.String@809ded8)
	value		80bcad8
ARR 80bcb18 (sz=40, trace=1, nelems=13, elem type=char)
OBJ 80bcb38 (sz=24, trace=1, class=java.lang.String@809ded8)
	value		80bcb18
ARR 80bcb58 (sz=40, trace=1, nelems=11, elem type=char)
OBJ 80bcb78 (sz=24, trace=1, class=java.lang.String@809ded8)
	value		80bcb58
ARR 80bcb98 (sz=40, trace=1, nelems=12, elem type=char)
OBJ 80bcbb8 (sz=24, trace=1, class=java.lang.String@809ded8)
	value		80bcb98
ARR 80bcbd8 (sz=40, trace=1, nelems=12, elem type=char)
OBJ 80bcbf8 (sz=24, trace=1, class=java.lang.String@809ded8)
	value		80bcbd8
ARR 80bcc18 (sz=56, trace=1, nelems=44, elem type=byte)
ARR 80bcc38 (sz=48, trace=1, nelems=18, elem type=short)
CLS 80bcc78 (name=java.net.Parts, trace=1)
	super		809e680
ARR 80bcc98 (sz=16, trace=1, nelems=1, elem type=char)
OBJ 80bccb8 (sz=24, trace=1, class=java.lang.String@809ded8)
	value		80bcc98
ARR 80bccd8 (sz=32, trace=1, nelems=8, elem type=char)
OBJ 80bccf8 (sz=24, trace=1, class=java.lang.String@809ded8)
	value		80bccd8
ARR 80bcd18 (sz=120, trace=1, nelems=104, elem type=byte)
ARR 80bcd38 (sz=232, trace=1, nelems=216, elem type=byte)
ARR 80bcd58 (sz=16, trace=1, nelems=0, elem type=short)
ARR 80bcd98 (sz=48, trace=1, nelems=8, elem type=int)
CLS 80bcdb8 (name=java.net.URLStreamHandler, trace=1)
	super		809e680
ARR 80bcdd8 (sz=16, trace=1, nelems=0, elem type=short)
ARR 80bce18 (sz=32, trace=1, nelems=4, elem type=int)
CLS 80af148 (name=sun.net.www.protocol.file.Handler, trace=1)
	super		80bcdb8
ARR 80bce38 (sz=56, trace=1, nelems=20, elem type=char)
OBJ 80bce58 (sz=24, trace=1, class=java.lang.String@809ded8)
	value		80bce38
ARR 80bce78 (sz=88, trace=1, nelems=38, elem type=char)
OBJ 80bce98 (sz=24, trace=1, class=java.lang.String@809ded8)
	value		80bce78
ARR 80bceb8 (sz=64, trace=1, nelems=23, elem type=char)
OBJ 80bced8 (sz=24, trace=1, class=java.lang.String@809ded8)
	value		80bceb8
ARR 80bcef8 (sz=72, trace=1, nelems=30, elem type=char)
OBJ 80bcf18 (sz=24, trace=1, class=java.lang.String@809ded8)
	value		80bcef8
ARR 80bcf78 (sz=176, trace=1, nelems=161, elem type=byte)
ARR 80bcf98 (sz=80, trace=1, nelems=61, elem type=byte)
ARR 80bcfd8 (sz=48, trace=1, nelems=31, elem type=byte)
ARR 80bcff8 (sz=16, trace=1, nelems=0, elem type=short)
CLS 80bd038 (name=java.util.Set, trace=1)
	super		809e680
ARR 40dfc990 (sz=24, trace=0, nelems=3, elem type=int)
ARR 80bd098 (sz=16, trace=1, nelems=0, elem type=short)
ARR 80bd0d8 (sz=48, trace=1, nelems=8, elem type=int)
CLS 80bd0f8 (name=java.util.AbstractSet, trace=1)
	super		80b2658
ARR 40dfc970 (sz=40, trace=0, nelems=7, elem type=int)
ARR 80bd178 (sz=48, trace=1, nelems=18, elem type=short)
ARR 80bd1b8 (sz=32, trace=1, nelems=4, elem type=int)
CLS 80af748 (name=java.util.HashSet, trace=1)
	super		80bd0f8
	static PRESENT	80af728
ARR 80bd1d8 (sz=312, trace=1, nelems=299, elem type=byte)
ARR 80bd1f8 (sz=96, trace=1, nelems=42, elem type=short)
ARR 80bd238 (sz=48, trace=1, nelems=8, elem type=int)
ARR 80bd258 (sz=48, trace=1, nelems=8, elem type=int)
ARR 80bd278 (sz=32, trace=1, nelems=4, elem type=int)
ARR 80bd298 (sz=48, trace=1, nelems=8, elem type=int)
ARR 80bd2b8 (sz=80, trace=1, nelems=16, elem type=int)
ARR 80bd2d8 (sz=48, trace=1, nelems=8, elem type=int)
ARR 80bd2f8 (sz=32, trace=1, nelems=4, elem type=int)
ARR 80bd318 (sz=32, trace=1, nelems=4, elem type=int)
CLS 80af908 (name=sun.misc.URLClassPath, trace=1)
	super		809e680
	static JAVA_VERSION	80b98b8
	static USER_AGENT_JAVA_VERSION	80bd378
ARR 80bd338 (sz=64, trace=1, nelems=24, elem type=short)
ARR 80bd358 (sz=48, trace=1, nelems=15, elem type=char)
OBJ 80bd378 (sz=24, trace=1, class=java.lang.String@809ded8)
	value		80bd358
ARR 80bd398 (sz=208, trace=1, nelems=189, elem type=byte)
ARR 40dfc928 (sz=40, trace=0, nelems=7, elem type=int)
ARR 80bd418 (sz=48, trace=1, nelems=18, elem type=short)
ARR 80bd458 (sz=32, trace=1, nelems=4, elem type=int)
CLS 80af9c8 (name=java.util.ArrayList, trace=1)
	super		80b27b8
ARR 80bd478 (sz=24, trace=1, nelems=3, elem type=char)
OBJ 80bd498 (sz=24, trace=1, class=java.lang.String@809ded8)
	value		80bd478
ARR 80bd4b8 (sz=152, trace=1, nelems=136, elem type=byte)
ARR 80bd4d8 (sz=24, trace=1, nelems=6, elem type=short)
ARR 80bd518 (sz=32, trace=1, nelems=4, elem type=int)
CLS 80afc48 (name=sun.net.www.protocol.jar.Handler, trace=1)
	super		80bcdb8
	static separator	80bd558
ARR 80bd538 (sz=16, trace=1, nelems=2, elem type=char)
OBJ 80bd558 (sz=24, trace=1, class=java.lang.String@809ded8)
	value		80bd538
ARR 80bd578 (sz=152, trace=1, nelems=139, elem type=byte)
ARR 80bd598 (sz=16, trace=1, nelems=0, elem type=short)
CLS 80afe48 (name=sun.misc.Launcher$AppClassLoader, trace=1)
	super		80bbd18
ARR 80bd5d8 (sz=32, trace=1, nelems=8, elem type=short)
ARR 80bd5f8 (sz=48, trace=1, nelems=15, elem type=char)
OBJ 80bd618 (sz=24, trace=1, class=java.lang.String@809ded8)
	value		80bd5f8
ARR 80bd638 (sz=64, trace=1, nelems=46, elem type=byte)
ARR 80bd678 (sz=48, trace=1, nelems=18, elem type=short)
CLS 80bd6b8 (name=sun.misc.Launcher$2, trace=1)
	super		809e680
ARR 80bd6d8 (sz=32, trace=1, nelems=8, elem type=short)
ARR 80bd6f8 (sz=32, trace=1, nelems=8, elem type=char)
OBJ 80bd718 (sz=24, trace=1, class=java.lang.String@809ded8)
	value		80bd6f8
ARR 80bd738 (sz=56, trace=1, nelems=21, elem type=char)
OBJ 80bd758 (sz=24, trace=1, class=java.lang.String@809ded8)
	value		80bd738
ARR 80bd778 (sz=96, trace=1, nelems=82, elem type=byte)
ARR 80bd7b8 (sz=40, trace=1, nelems=12, elem type=short)
ARR 80bd7f8 (sz=32, trace=1, nelems=4, elem type=int)
CLS 80bd818 (name=java.lang.SystemClassLoaderAction, trace=1)
	super		809e680
	static class$java$lang$ClassLoader	80b0b38
ARR 80bd838 (sz=56, trace=1, nelems=21, elem type=char)
OBJ 80bd858 (sz=24, trace=1, class=java.lang.String@809ded8)
	value		80bd838
ARR 80bd878 (sz=64, trace=1, nelems=24, elem type=char)
OBJ 80bd898 (sz=24, trace=1, class=java.lang.String@809ded8)
	value		80bd878
ARR 80bd8b8 (sz=80, trace=1, nelems=65, elem type=byte)
ARR 80be560 (sz=72, trace=0, nelems=30, elem type=short)
ARR 80bf3d0 (sz=32, trace=0, nelems=4, elem type=int)
CLS 80bf428 (name=sun.misc.Cleaner, trace=0)
	super		80b16b8
ARR 40d66e80 (sz=80, trace=11, nelems=67, elem type=byte)
ARR 40d66f30 (sz=40, trace=11, nelems=12, elem type=short)
ARR 40d66fa8 (sz=32, trace=11, nelems=4, elem type=int)
CLS 40d66330 (name=java.net.URLClassLoader$1, trace=11)
	super		809e680
ARR 40d67048 (sz=24, trace=11, nelems=4, elem type=short)
ARR 40d675b0 (sz=24, trace=15, nelems=6, elem type=char)
OBJ 40d67608 (sz=24, trace=15, class=java.lang.String@809ded8)
	value		40d675b0
ARR 40d678d0 (sz=96, trace=18, nelems=80, elem type=byte)
ARR 40d67958 (sz=40, trace=18, nelems=12, elem type=short)
CLS 40d679d0 (name=sun.misc.URLClassPath$3, trace=18)
	super		809e680
ARR 40d67a18 (sz=48, trace=18, nelems=16, elem type=short)
ARR 40d67d90 (sz=352, trace=19, nelems=335, elem type=byte)
ARR 40d67df0 (sz=104, trace=19, nelems=92, elem type=byte)
ARR 40d67e20 (sz=24, trace=19, nelems=6, elem type=short)
ARR 40d67ed0 (sz=64, trace=19, nelems=12, elem type=int)
ARR 40d67f18 (sz=48, trace=19, nelems=8, elem type=int)
CLS 40d67f48 (name=sun.misc.URLClassPath$Loader, trace=19)
	super		809e680
ARR 40d67f90 (sz=32, trace=19, nelems=8, elem type=short)
ARR 40d682f8 (sz=72, trace=19, nelems=30, elem type=short)
ARR 40d68338 (sz=32, trace=19, nelems=4, elem type=int)
ARR 40d68358 (sz=48, trace=19, nelems=8, elem type=int)
ARR 40d68378 (sz=64, trace=19, nelems=12, elem type=int)
CLS 40d68398 (name=sun.misc.URLClassPath$JarLoader, trace=19)
	super		40d67f48
ARR 40d683b8 (sz=56, trace=19, nelems=20, elem type=short)
ARR 40d692d8 (sz=16, trace=24, nelems=1, elem type=char)
OBJ 40d69330 (sz=24, trace=24, class=java.lang.String@809ded8)
	value		40d692d8
ARR 40d69800 (sz=72, trace=30, nelems=59, elem type=byte)
ARR 40d69830 (sz=40, trace=30, nelems=12, elem type=short)
CLS 40d698e0 (name=sun.misc.FileURLMapper, trace=30)
	super		809e680
ARR 40d6a4d0 (sz=304, trace=40, nelems=285, elem type=byte)
ARR 40d6a440 (sz=280, trace=40, nelems=265, elem type=byte)
ARR 40d6a508 (sz=96, trace=40, nelems=78, elem type=byte)
ARR 40d6a5d0 (sz=496, trace=40, nelems=240, elem type=short)
CLS 40d6a628 (name=java.util.zip.ZipConstants, trace=40)
	super		809e680
ARR 40d6b020 (sz=112, trace=40, nelems=48, elem type=short)
ARR 40d6b098 (sz=80, trace=40, nelems=16, elem type=int)
ARR 40d6b0e0 (sz=64, trace=40, nelems=12, elem type=int)
ARR 40d6b100 (sz=48, trace=40, nelems=8, elem type=int)
ARR 40d6b120 (sz=64, trace=40, nelems=12, elem type=int)
ARR 40d6b140 (sz=64, trace=40, nelems=12, elem type=int)
CLS 40d6b160 (name=java.util.zip.ZipFile, trace=40)
	super		809e680
ARR 40d6b180 (sz=40, trace=40, nelems=12, elem type=short)
ARR 40d6c4d0 (sz=168, trace=40, nelems=78, elem type=short)
ARR 40d6c510 (sz=32, trace=40, nelems=4, elem type=int)
CLS 40d6c530 (name=java.util.jar.JarFile, trace=40)
	super		40d6b160
	static javaHome	80ac4a8
	static src	40d6eca0
	static optoSft	40d6ee10
	static lastOcc	40d6ed58
	static MANIFEST_NAME	40d6c5d8
ARR 40d6c550 (sz=40, trace=40, nelems=12, elem type=short)
ARR 40d6c580 (sz=56, trace=40, nelems=20, elem type=char)
OBJ 40d6c5d8 (sz=24, trace=40, class=java.lang.String@809ded8)
	value		40d6c580
ARR 40d6d3a8 (sz=40, trace=41, nelems=27, elem type=byte)
ARR 40d6d430 (sz=24, trace=41, nelems=6, elem type=short)
CLS 40d6d4a8 (name=sun.security.action.LoadLibraryAction, trace=41)
	super		809e680
ARR 40d6e260 (sz=40, trace=52, nelems=26, elem type=byte)
ARR 40d6e340 (sz=24, trace=52, nelems=12, elem type=byte)
ARR 40d6e370 (sz=16, trace=52, nelems=0, elem type=short)
CLS 40d6e3e8 (name=sun.misc.JavaUtilJarAccess, trace=52)
	super		809e680
ARR 40d6e5a0 (sz=16, trace=52, nelems=0, elem type=short)
CLS 40d6e5e0 (name=java.util.jar.JavaUtilJarAccessImpl, trace=52)
	super		809e680
ARR 40d6e808 (sz=72, trace=52, nelems=60, elem type=byte)
ARR 40d6e828 (sz=48, trace=52, nelems=18, elem type=short)
ARR 40d6e878 (sz=32, trace=52, nelems=4, elem type=int)
CLS 40d6e898 (name=sun.misc.SharedSecrets, trace=52)
	super		809e680
	static javaUtilJarAccess	40d6e780
	static unsafe	80ab648
ARR 40d70198 (sz=264, trace=62, nelems=247, elem type=byte)
ARR 40d701c8 (sz=64, trace=62, nelems=24, elem type=short)
CLS 40d70278 (name=sun.misc.JarIndex, trace=62)
	super		809e680
	static INDEX_NAME	40d70348
ARR 40d702c0 (sz=24, trace=62, nelems=4, elem type=short)
ARR 40d702f0 (sz=56, trace=62, nelems=19, elem type=char)
OBJ 40d70348 (sz=24, trace=62, class=java.lang.String@809ded8)
	value		40d702f0
ARR 40d71070 (sz=392, trace=68, nelems=380, elem type=byte)
ARR 40d710c8 (sz=40, trace=68, nelems=12, elem type=short)
ARR 40d71178 (sz=32, trace=68, nelems=4, elem type=int)
ARR 40d711c0 (sz=32, trace=68, nelems=4, elem type=int)
ARR 40d711e0 (sz=48, trace=68, nelems=8, elem type=int)
ARR 40d71200 (sz=96, trace=68, nelems=20, elem type=int)
ARR 40d71220 (sz=48, trace=68, nelems=8, elem type=int)
ARR 40d71240 (sz=32, trace=68, nelems=4, elem type=int)
CLS 40d71270 (name=sun.misc.ExtensionDependency, trace=68)
	super		809e680
ARR 40d712b8 (sz=64, trace=68, nelems=24, elem type=short)
ARR 40d72158 (sz=24, trace=70, nelems=6, elem type=char)
OBJ 40d721b0 (sz=24, trace=70, class=java.lang.String@809ded8)
	value		40d72158
ARR 40d721f8 (sz=40, trace=70, nelems=14, elem type=char)
OBJ 40d72218 (sz=24, trace=70, class=java.lang.String@809ded8)
	value		40d721f8
ARR 40d72238 (sz=32, trace=70, nelems=8, elem type=char)
OBJ 40d72258 (sz=24, trace=70, class=java.lang.String@809ded8)
	value		40d72238
ARR 40d72278 (sz=32, trace=70, nelems=7, elem type=char)
OBJ 40d72298 (sz=24, trace=70, class=java.lang.String@809ded8)
	value		40d72278
ARR 40d722b8 (sz=40, trace=70, nelems=12, elem type=char)
OBJ 40d722d8 (sz=24, trace=70, class=java.lang.String@809ded8)
	value		40d722b8
ARR 40d722f8 (sz=32, trace=70, nelems=9, elem type=char)
OBJ 40d72318 (sz=24, trace=70, class=java.lang.String@809ded8)
	value		40d722f8
ARR 40d72338 (sz=40, trace=70, nelems=11, elem type=char)
OBJ 40d72358 (sz=24, trace=70, class=java.lang.String@809ded8)
	value		40d72338
ARR 40d72378 (sz=40, trace=70, nelems=14, elem type=char)
OBJ 40d72398 (sz=24, trace=70, class=java.lang.String@809ded8)
	value		40d72378
ARR 40d723b8 (sz=56, trace=70, nelems=19, elem type=char)
OBJ 40d723d8 (sz=24, trace=70, class=java.lang.String@809ded8)
	value		40d723b8
ARR 40d72fd8 (sz=120, trace=73, nelems=107, elem type=byte)
ARR 40d728c8 (sz=24, trace=73, nelems=6, elem type=short)
ARR 40d73098 (sz=48, trace=73, nelems=8, elem type=int)
CLS 40d730f0 (name=sun.misc.URLClassPath$FileLoader, trace=73)
	super		40d67f48
ARR 40d73138 (sz=40, trace=73, nelems=12, elem type=short)
ARR 40d73b48 (sz=24, trace=84, nelems=4, elem type=char)
OBJ 40d73ba0 (sz=24, trace=84, class=java.lang.String@809ded8)
	value		40d73b48
ARR 40d73f38 (sz=24, trace=89, nelems=3, elem type=char)
OBJ 40d73f90 (sz=24, trace=89, class=java.lang.String@809ded8)
	value		40d73f38
ARR 40d74048 (sz=24, trace=90, nelems=4, elem type=char)
OBJ 40d740a0 (sz=24, trace=90, class=java.lang.String@809ded8)
	value		40d74048
ARR 40d74158 (sz=24, trace=91, nelems=3, elem type=char)
OBJ 40d741b0 (sz=24, trace=91, class=java.lang.String@809ded8)
	value		40d74158
ARR 40d74268 (sz=16, trace=92, nelems=2, elem type=char)
OBJ 40d742c0 (sz=24, trace=92, class=java.lang.String@809ded8)
	value		40d74268
ARR 40d74378 (sz=16, trace=93, nelems=2, elem type=char)
OBJ 40d743d0 (sz=24, trace=93, class=java.lang.String@809ded8)
	value		40d74378
ARR 40d76600 (sz=72, trace=12, nelems=56, elem type=byte)
ARR 40d76658 (sz=40, trace=12, nelems=12, elem type=short)
CLS 40d76708 (name=java.security.PrivilegedActionException, trace=12)
	super		80b0e78
ARR 40d77160 (sz=80, trace=105, nelems=65, elem type=byte)
ARR 40d771e0 (sz=72, trace=105, nelems=55, elem type=byte)
ARR 40d77210 (sz=16, trace=105, nelems=0, elem type=short)
ARR 40d77298 (sz=48, trace=105, nelems=8, elem type=int)
CLS 40d772f0 (name=sun.misc.Resource, trace=105)
	super		809e680
ARR 40d77788 (sz=64, trace=105, nelems=24, elem type=short)
CLS 40d777c8 (name=sun.misc.URLClassPath$7, trace=105)
	super		40d772f0
ARR 40d777e8 (sz=32, trace=105, nelems=8, elem type=short)
ARR 40d771c0 (sz=320, trace=107, nelems=302, elem type=byte)
ARR 40d77d70 (sz=144, trace=107, nelems=66, elem type=short)
ARR 40d77e20 (sz=48, trace=107, nelems=8, elem type=int)
ARR 40d77e68 (sz=48, trace=107, nelems=8, elem type=int)
ARR 40d77e88 (sz=32, trace=107, nelems=4, elem type=int)
CLS 40d77eb8 (name=java.lang.Package, trace=107)
	super		809e680
	static mans	40d793f0
	static urls	40d792a0
	static pkgs	40d79110
ARR 40d77f00 (sz=32, trace=107, nelems=8, elem type=short)
ARR 40d77c68 (sz=248, trace=124, nelems=235, elem type=byte)
ARR 40d79ea8 (sz=48, trace=124, nelems=18, elem type=short)
ARR 40d79f20 (sz=64, trace=124, nelems=12, elem type=int)
ARR 40d79f68 (sz=32, trace=124, nelems=4, elem type=int)
CLS 40d79f98 (name=java.security.CodeSource, trace=124)
	super		809e680
ARR 40d7a738 (sz=256, trace=125, nelems=242, elem type=byte)
ARR 40d7a7a0 (sz=80, trace=125, nelems=66, elem type=byte)
ARR 40d7a800 (sz=40, trace=125, nelems=12, elem type=short)
ARR 40d7a878 (sz=32, trace=125, nelems=4, elem type=int)
CLS 40d7a8d0 (name=java.security.PermissionCollection, trace=125)
	super		809e680
ARR 40dfc890 (sz=24, trace=0, nelems=3, elem type=int)
ARR 40d7acb0 (sz=112, trace=125, nelems=48, elem type=short)
ARR 40d7acf0 (sz=48, trace=125, nelems=8, elem type=int)
ARR 40d7ad10 (sz=32, trace=125, nelems=4, elem type=int)
ARR 40d7ad30 (sz=48, trace=125, nelems=8, elem type=int)
CLS 40d7ad50 (name=java.security.Permissions, trace=125)
	super		40d7a8d0
	static class$java$security$PermissionCollection	40d7a8d0
	static class$java$util$Hashtable	80adeb8
	static serialPersistentFields	40d7b4e8
ARR 40d7ad70 (sz=32, trace=125, nelems=8, elem type=short)
ARR 40d7b598 (sz=24, trace=126, nelems=5, elem type=char)
OBJ 40d7b5f0 (sz=24, trace=126, class=java.lang.String@809ded8)
	value		40d7b598
ARR 40d7b638 (sz=56, trace=126, nelems=19, elem type=char)
OBJ 40d7b658 (sz=24, trace=126, class=java.lang.String@809ded8)
	value		40d7b638
ARR 40d7bd00 (sz=56, trace=136, nelems=21, elem type=char)
OBJ 40d7bd58 (sz=24, trace=136, class=java.lang.String@809ded8)
	value		40d7bd00
ARR 40d7bdc0 (sz=40, trace=126, nelems=13, elem type=char)
OBJ 40d7bde0 (sz=24, trace=126, class=java.lang.String@809ded8)
	value		40d7bdc0
ARR 40d7be00 (sz=80, trace=126, nelems=34, elem type=char)
OBJ 40d7be20 (sz=24, trace=126, class=java.lang.String@809ded8)
	value		40d7be00
ARR 40d7c028 (sz=88, trace=136, nelems=36, elem type=char)
OBJ 40d7c070 (sz=24, trace=136, class=java.lang.String@809ded8)
	value		40d7c028
ARR 40d7c670 (sz=296, trace=145, nelems=283, elem type=byte)
ARR 40d7c6f8 (sz=160, trace=145, nelems=141, elem type=byte)
ARR 40d7c758 (sz=472, trace=145, nelems=459, elem type=byte)
ARR 40d7c788 (sz=208, trace=145, nelems=96, elem type=short)
ARR 40d7c810 (sz=32, trace=145, nelems=4, elem type=int)
ARR 40d7c858 (sz=32, trace=145, nelems=4, elem type=int)
ARR 40d7c878 (sz=48, trace=145, nelems=8, elem type=int)
ARR 40d7c898 (sz=48, trace=145, nelems=8, elem type=int)
CLS 40d7c8c8 (name=java.net.URLConnection, trace=145)
	super		809e680
	static contentPathProp	40d7ca00
	static contentClassPrefix	40d7c998
	static UnknownContentHandlerP	40d802c8
	static handlers	40d7fb88
ARR 40d7c910 (sz=24, trace=145, nelems=4, elem type=short)
ARR 40d7c940 (sz=56, trace=145, nelems=19, elem type=char)
OBJ 40d7c998 (sz=24, trace=145, class=java.lang.String@809ded8)
	value		40d7c940
ARR 40d7c9e0 (sz=64, trace=145, nelems=25, elem type=char)
OBJ 40d7ca00 (sz=24, trace=145, class=java.lang.String@809ded8)
	value		40d7c9e0
ARR 40d7ebd8 (sz=48, trace=145, nelems=18, elem type=short)
ARR 40d7ec18 (sz=48, trace=145, nelems=8, elem type=int)
ARR 40d7ec38 (sz=32, trace=145, nelems=4, elem type=int)
ARR 40d7ec58 (sz=32, trace=145, nelems=4, elem type=int)
ARR 40d7ec78 (sz=32, trace=145, nelems=4, elem type=int)
ARR 40d7ec98 (sz=32, trace=145, nelems=4, elem type=int)
CLS 40d7ecb8 (name=sun.net.www.URLConnection, trace=145)
	super		40d7c8c8
ARR 40d7f328 (sz=192, trace=145, nelems=90, elem type=short)
ARR 40d7f368 (sz=32, trace=145, nelems=4, elem type=int)
ARR 40d7f388 (sz=32, trace=145, nelems=4, elem type=int)
CLS 40d7f3a8 (name=sun.net.www.protocol.file.FileURLConnection, trace=145)
	super		40d7ecb8
	static LAST_MODIFIED	40d80708
	static TEXT_PLAIN	40d805f8
	static CONTENT_TYPE	40d804e8
	static CONTENT_LENGTH	40d803d8
ARR 40d7fd60 (sz=40, trace=148, nelems=24, elem type=byte)
ARR 40d7fdc0 (sz=40, trace=148, nelems=27, elem type=byte)
ARR 40d7fdf0 (sz=16, trace=148, nelems=0, elem type=short)
CLS 40d7fea0 (name=java.net.ContentHandler, trace=148)
	super		809e680
ARR 40d80128 (sz=16, trace=148, nelems=0, elem type=short)
CLS 40d80168 (name=java.net.UnknownContentHandler, trace=148)
	super		40d7fea0
ARR 40d80380 (sz=40, trace=149, nelems=14, elem type=char)
OBJ 40d803d8 (sz=24, trace=149, class=java.lang.String@809ded8)
	value		40d80380
ARR 40d80490 (sz=40, trace=150, nelems=12, elem type=char)
OBJ 40d804e8 (sz=24, trace=150, class=java.lang.String@809ded8)
	value		40d80490
ARR 40d805a0 (sz=32, trace=151, nelems=10, elem type=char)
OBJ 40d805f8 (sz=24, trace=151, class=java.lang.String@809ded8)
	value		40d805a0
ARR 40d806b0 (sz=40, trace=152, nelems=13, elem type=char)
OBJ 40d80708 (sz=24, trace=152, class=java.lang.String@809ded8)
	value		40d806b0
ARR 40d80878 (sz=208, trace=153, nelems=194, elem type=byte)
ARR 40d808a8 (sz=48, trace=153, nelems=18, elem type=short)
ARR 40d80958 (sz=48, trace=153, nelems=8, elem type=int)
CLS 40d809b0 (name=sun.net.www.MessageHeader, trace=153)
	super		809e680
ARR 40d809f8 (sz=24, trace=153, nelems=4, elem type=short)
ARR 40d81ac0 (sz=224, trace=159, nelems=207, elem type=byte)
ARR 40dfc7f8 (sz=24, trace=0, nelems=3, elem type=int)
ARR 40d81b88 (sz=184, trace=159, nelems=84, elem type=short)
CLS 40d81c00 (name=java.io.FilePermission, trace=159)
	super		80b3c78
ARR 40d81c48 (sz=24, trace=159, nelems=4, elem type=short)
ARR 40d82650 (sz=24, trace=159, nelems=4, elem type=char)
OBJ 40d826a8 (sz=24, trace=159, class=java.lang.String@809ded8)
	value		40d82650
ARR 40d82780 (sz=40, trace=160, nelems=13, elem type=char)
OBJ 40d827d8 (sz=24, trace=160, class=java.lang.String@809ded8)
	value		40d82780
ARR 40d828d0 (sz=88, trace=161, nelems=73, elem type=byte)
ARR 40d82958 (sz=24, trace=161, nelems=6, elem type=short)
ARR 40d829d0 (sz=48, trace=161, nelems=8, elem type=int)
CLS 40d82a28 (name=java.io.FilePermission$1, trace=161)
	super		809e680
ARR 40d82a70 (sz=24, trace=161, nelems=4, elem type=short)
ARR 40d83330 (sz=16, trace=167, nelems=1, elem type=char)
OBJ 40d83388 (sz=24, trace=167, class=java.lang.String@809ded8)
	value		40d83330
ARR 40d83a10 (sz=192, trace=176, nelems=176, elem type=byte)
ARR 40dfc788 (sz=24, trace=0, nelems=3, elem type=int)
ARR 40d83ad8 (sz=64, trace=176, nelems=24, elem type=short)
ARR 40d83b50 (sz=32, trace=176, nelems=4, elem type=int)
CLS 40d83ba8 (name=java.io.FilePermissionCollection, trace=176)
	super		40d7a8d0
	static class$java$util$Vector	809e5c0
	static serialPersistentFields	40d84018
ARR 40d83bf0 (sz=32, trace=176, nelems=8, elem type=short)
ARR 40d840c8 (sz=40, trace=177, nelems=11, elem type=char)
OBJ 40d84120 (sz=24, trace=177, class=java.lang.String@809ded8)
	value		40d840c8
ARR 40d84168 (sz=48, trace=177, nelems=16, elem type=char)
OBJ 40d84188 (sz=24, trace=177, class=java.lang.String@809ded8)
	value		40d84168
ARR 40d84428 (sz=48, trace=180, nelems=18, elem type=char)
OBJ 40d84480 (sz=24, trace=180, class=java.lang.String@809ded8)
	value		40d84428
ARR 40d847e8 (sz=48, trace=184, nelems=34, elem type=byte)
ARR 40d84840 (sz=16, trace=184, nelems=0, elem type=short)
CLS 40d848f0 (name=java.security.AllPermission, trace=184)
	super		80b3c78
ARR 40d84cc8 (sz=296, trace=185, nelems=282, elem type=byte)
ARR 40dfc690 (sz=24, trace=0, nelems=3, elem type=int)
ARR 40d84d90 (sz=120, trace=185, nelems=54, elem type=short)
ARR 40d84e08 (sz=64, trace=185, nelems=12, elem type=int)
ARR 40d84e50 (sz=32, trace=185, nelems=4, elem type=int)
ARR 40d84e70 (sz=32, trace=185, nelems=4, elem type=int)
ARR 40d84e90 (sz=256, trace=185, nelems=60, elem type=int)
CLS 40d84ec0 (name=java.security.UnresolvedPermission, trace=185)
	super		80b3c78
ARR 40d85680 (sz=24, trace=186, nelems=6, elem type=char)
OBJ 40d856d8 (sz=24, trace=186, class=java.lang.String@809ded8)
	value		40d85680
ARR 40d857b0 (sz=256, trace=187, nelems=242, elem type=byte)
ARR 40dfc5f8 (sz=24, trace=0, nelems=3, elem type=int)
ARR 40d858a0 (sz=96, trace=187, nelems=42, elem type=short)
ARR 40d85918 (sz=32, trace=187, nelems=4, elem type=int)
CLS 40d85970 (name=java.security.BasicPermissionCollection, trace=187)
	super		40d7a8d0
	static class$java$lang$Class	809dd88
	static class$java$util$Hashtable	80adeb8
	static serialPersistentFields	40d85df0
ARR 40d859b8 (sz=32, trace=187, nelems=8, elem type=short)
ARR 40d860f0 (sz=40, trace=188, nelems=11, elem type=char)
OBJ 40d86148 (sz=24, trace=188, class=java.lang.String@809ded8)
	value		40d860f0
ARR 40d86260 (sz=24, trace=191, nelems=4, elem type=char)
OBJ 40d862b8 (sz=24, trace=191, class=java.lang.String@809ded8)
	value		40d86260
ARR 40d86390 (sz=24, trace=192, nelems=6, elem type=char)
OBJ 40d863e8 (sz=24, trace=192, class=java.lang.String@809ded8)
	value		40d86390
ARR 40d864c0 (sz=24, trace=193, nelems=5, elem type=char)
OBJ 40d86518 (sz=24, trace=193, class=java.lang.String@809ded8)
	value		40d864c0
ARR 40d865d0 (sz=16, trace=194, nelems=1, elem type=char)
OBJ 40d86628 (sz=24, trace=194, class=java.lang.String@809ded8)
	value		40d865d0
ARR 40d86690 (sz=32, trace=188, nelems=9, elem type=char)
OBJ 40d866b0 (sz=24, trace=188, class=java.lang.String@809ded8)
	value		40d86690
ARR 40d86810 (sz=48, trace=194, nelems=17, elem type=char)
OBJ 40d86830 (sz=24, trace=194, class=java.lang.String@809ded8)
	value		40d86810
ARR 40d86b60 (sz=16, trace=198, nelems=1, elem type=char)
OBJ 40d86bb8 (sz=24, trace=198, class=java.lang.String@809ded8)
	value		40d86b60
ARR 40d86d68 (sz=32, trace=200, nelems=14, elem type=byte)
ARR 40d86dc0 (sz=16, trace=200, nelems=0, elem type=short)
CLS 40d86e70 (name=java.security.Principal, trace=200)
	super		809e680
ARR 40d87260 (sz=24, trace=202, nelems=5, elem type=char)
OBJ 40d872b8 (sz=24, trace=202, class=java.lang.String@809ded8)
	value		40d87260
ARR 40d87478 (sz=104, trace=204, nelems=91, elem type=byte)
ARR 40d87500 (sz=24, trace=204, nelems=6, elem type=short)
ARR 40d87578 (sz=32, trace=204, nelems=4, elem type=int)
ARR 40d875c0 (sz=32, trace=204, nelems=4, elem type=int)
ARR 40d875e0 (sz=32, trace=204, nelems=4, elem type=int)
CLS 40d87610 (name=java.security.cert.Certificate, trace=204)
	super		809e680
ARR 40d87658 (sz=24, trace=204, nelems=4, elem type=short)
ARR 40d886b0 (sz=120, trace=206, nelems=105, elem type=byte)
ARR 40d88948 (sz=16, trace=206, nelems=0, elem type=short)
ARR 40d889f8 (sz=80, trace=206, nelems=16, elem type=int)
CLS 40d88a50 (name=com.trinitycapital.jep.Test, trace=206)
	super		809e680
	loader		80afec0
	domain		40d86c70
ARR 40d88338 (sz=24, trace=1, nelems=9, elem type=int)
ARR 40d88f58 (sz=40, trace=208, nelems=11, elem type=char)
OBJ 40d88fa0 (sz=24, trace=208, class=java.lang.String@809ded8)
	value		40d88f58
ARR 40d89050 (sz=16, trace=210, nelems=1, elem type=char)
OBJ 40d89080 (sz=24, trace=210, class=java.lang.String@809ded8)
	value		40d89050
ARR 40dfc560 (sz=48, trace=0, nelems=9, elem type=int)
ARR 40d897e8 (sz=128, trace=206, nelems=109, elem type=byte)
ARR 40d8ac80 (sz=24, trace=206, nelems=6, elem type=short)
CLS 40d8acc0 (name=com.trinitycapital.jep.Jep, trace=206)
	super		809e680
	loader		80afec0
	domain		40d86c70
ARR 40d8ea28 (sz=32, trace=206, nelems=16, elem type=byte)
ARR 40d8ea48 (sz=16, trace=206, nelems=0, elem type=short)
CLS 40d8ea88 (name=com.trinitycapital.jep.JepException, trace=206)
	super		80b0e78
	loader		80afec0
	domain		40d86c70
ARR 40d8bcc8 (sz=24, trace=214, nelems=3, elem type=char)
OBJ 40d8bbd0 (sz=24, trace=214, class=java.lang.String@809ded8)
	value		40d8bcc8
ARR 40db3ae0 (sz=32, trace=237, nelems=7, elem type=char)
OBJ 40db5d60 (sz=24, trace=237, class=java.lang.String@809ded8)
	value		40db3ae0
ARR 40db3698 (sz=32, trace=240, nelems=16, elem type=byte)
ARR 40d90250 (sz=32, trace=240, nelems=16, elem type=byte)
ARR 40d90280 (sz=16, trace=240, nelems=0, elem type=short)
CLS 40d90330 (name=java.io.IOException, trace=240)
	super		80b0e78
ARR 40db1488 (sz=16, trace=240, nelems=0, elem type=short)
CLS 40db14c8 (name=java.io.UnsupportedEncodingException, trace=240)
	super		40d90330
ARR 40dfc3f8 (sz=88, trace=0, nelems=19, elem type=int)
ARR 40d90230 (sz=104, trace=246, nelems=85, elem type=byte)
ARR 40db4200 (sz=72, trace=246, nelems=30, elem type=short)
CLS 40db4278 (name=java.lang.StackTraceElement, trace=246)
	super		809e680
ARR 40dfc360 (sz=112, trace=0, nelems=25, elem type=int)
ARR 40dfbd50 (sz=16, trace=248, nelems=2, elem type=char)
OBJ 40dfbda8 (sz=24, trace=248, class=java.lang.String@809ded8)
	value		40dfbd50
ARR 40dfc2d0 (sz=400, trace=0, nelems=97, elem type=int)
ARR 40dfc450 (sz=24, trace=254, nelems=4, elem type=char)
OBJ 40dfc4a8 (sz=24, trace=254, class=java.lang.String@809ded8)
	value		40dfc450
ARR 40dfc6e8 (sz=48, trace=256, nelems=15, elem type=char)
OBJ 40dfc740 (sz=24, trace=256, class=java.lang.String@809ded8)
	value		40dfc6e8
ARR 40dfcab0 (sz=16, trace=256, nelems=1, elem type=char)
OBJ 40dfcad0 (sz=24, trace=256, class=java.lang.String@809ded8)
	value		40dfcab0
ARR 40dfcaf0 (sz=16, trace=256, nelems=1, elem type=char)
OBJ 40dfcb10 (sz=24, trace=256, class=java.lang.String@809ded8)
	value		40dfcaf0
ARR 40dfc1f0 (sz=40, trace=263, nelems=11, elem type=char)
OBJ 40dfc1b0 (sz=24, trace=263, class=java.lang.String@809ded8)
	value		40dfc1f0
HEAP DUMP END
SITES BEGIN (ordered by live bytes) Mon May 10 23:25:47 2004
          percent         live       alloc'ed  stack class
 rank   self  accum    bytes objs   bytes objs trace name
    1 21.69% 21.69%    55784  377   57088  403     1 [C
    2 17.88% 39.58%    45984  220   46024  221     1 [B
    3 17.28% 56.86%    44432   78   44432   78     0 [I
    4  6.71% 63.57%    17256  319   17256  319     1 java.lang.Object
    5  5.78% 69.35%    14856  291   14856  291     1 [S
    6  5.31% 74.66%    13664  244   13664  244     1 java.lang.Class
    7  4.38% 79.04%    11264  213  601368  224     1 [I
    8  3.49% 82.53%     8976  374    9624  401     1 java.lang.String
    9  1.67% 84.20%     4288  134    4288  134     1 java.util.TreeMap$Entry
   10  0.51% 84.71%     1320   55    1320   55     1 java.util.Hashtable$Entry
   11  0.44% 85.15%     1120   20    1120   20     1 java.lang.Class
   12  0.37% 85.52%      960   12     960   12     1 java.util.HashMap$Entry
   13  0.36% 85.88%      936    4     936    4    27 [C
   14  0.36% 86.25%      928    3     928    3   145 [B
   15  0.33% 86.58%      856    5     856    5    40 [S
   16  0.32% 86.90%      816   27     816   27     1 java.lang.String
   17  0.26% 87.16%      680    3     680    3    40 [B
   18  0.24% 87.40%      624    6     624    6     1 java.util.Hashtable$Entry
   19  0.24% 87.64%      608    4     928    8    33 [C
   20  0.21% 87.84%      528   11     528   11   240 java.lang.reflect.Constructor
   21  0.21% 88.05%      528    1     528    1    54 [I
   22  0.21% 88.26%      528   22     528   22     1 java.util.Locale
   23  0.19% 88.44%      480   12     480   12     1 java.util.HashMap
   24  0.18% 88.63%      472    4     472    4   145 [S
   25  0.18% 88.80%      456    2     456    2    19 [B
   26  0.16% 88.96%      400   11     400   11   145 [I
   27  0.15% 89.11%      392    1     392    1    68 [B
   28  0.15% 89.26%      384    4     384    4   185 [I
   29  0.14% 89.40%      368    3     368    3   145 java.lang.Object
   30  0.14% 89.54%      352    6     352    6    40 [I
   31  0.13% 89.67%      336    6     336    6     1 java.net.URL
   32  0.13% 89.80%      336    9     336    9    70 [C
   33  0.13% 89.93%      336    2     336    2   125 [B
   34  0.12% 90.06%      320    1     320    1   107 [B
   35  0.12% 90.17%      296    1     296    1   185 [B
   36  0.11% 90.28%      288    4     288    4     1 java.lang.Thread
   37  0.11% 90.40%      288    6     288    6     1 java.lang.reflect.Constructor
   38  0.11% 90.51%      288    6     288    6    68 [I
   39  0.11% 90.62%      280    3     280    3   206 [B
   40  0.11% 90.72%      272   13     272   13   240 java.lang.Class
   41  0.11% 90.83%      272    3     272    3    40 java.lang.Object
   42  0.10% 90.93%      264    1     264    1    62 [B
   43  0.10% 91.03%      256    1     256    1   187 [B
   44  0.10% 91.13%      256    5     256    5    19 [I
   45  0.10% 91.23%      248    1     248    1   124 [B
   46  0.09% 91.31%      224    1     224    1   159 [B
   47  0.09% 91.40%      224    4     224    4    20 java.net.URL
   48  0.09% 91.49%      224    7     224    7     1 java.lang.ref.SoftReference
   49  0.09% 91.57%      224    4     224    4    59 java.lang.Object
   50  0.08% 91.66%      216    3     216    3     6 [C
   51  0.08% 91.74%      216    9     216    9    70 java.lang.String
   52  0.08% 91.83%      216    9     216    9     1 java.util.HashMap$Entry
   53  0.08% 91.91%      216    9     216    9     1 java.io.ExpiringCache$Entry
   54  0.08% 91.99%      208    2     208    2   159 [S
   55  0.08% 92.07%      208    1     208    1   153 [B
   56  0.08% 92.15%      200    5     200    5     1 java.util.Hashtable
   57  0.08% 92.23%      200    4     200    4   126 [C
   58  0.07% 92.30%      192    1     192    1   176 [B
   59  0.07% 92.38%      192    4     192    4    40 java.util.jar.JarFile
   60  0.07% 92.45%      184    4     184    4    19 [S
   61  0.07% 92.52%      184    3     184    3   125 [S
   62  0.07% 92.59%      176    2     176    2   107 [S
   63  0.07% 92.65%      168    3     232    5    80 [C
   64  0.07% 92.72%      168    3     168    3   145 java.lang.Class
   65  0.07% 92.79%      168    3     168    3   206 java.lang.Class
   66  0.07% 92.85%      168    3     168    3    40 java.lang.Class
   67  0.07% 92.92%      168    3     168    3    52 java.lang.Class
   68  0.06% 92.98%      160    4     160    4     1 java.util.TreeMap
   69  0.06% 93.04%      160    3     160    3   206 java.lang.Object
   70  0.06% 93.10%      160    4     160    4   125 [I
   71  0.06% 93.16%      160    1    1008    6    47 [C
   72  0.06% 93.22%      152    2     152    2   105 [B
   73  0.06% 93.28%      144    2     144    2   136 [C
   74  0.06% 93.34%      144    6     144    6    71 java.util.HashMap$Entry
   75  0.06% 93.39%      144    6     144    6     1 java.util.Vector
   76  0.06% 93.45%      144    3     144    3     1 sun.nio.cs.US_ASCII$Encoder
   77  0.06% 93.50%      144    1     144    1   109 java.util.HashMap$Entry
   78  0.06% 93.56%      144    5     168    6   125 java.lang.Object
   79  0.05% 93.61%      136    3     136    3    52 [B
   80  0.05% 93.67%      136    3     136    3     2 [C
   81  0.05% 93.72%      128    2     128    2   187 [S
   82  0.05% 93.77%      128    1     128    1   107 java.lang.Object
   83  0.05% 93.81%      128    3     128    3   107 [I
   84  0.05% 93.86%      128    4     128    4    56 java.lang.ref.Finalizer
   85  0.05% 93.91%      128    4     128    4     1 java.lang.ref.Finalizer
   86  0.05% 93.96%      128    4     128    4    19 sun.misc.URLClassPath$JarLoader
   87  0.05% 94.01%      120    1     120    1   185 [S
   88  0.05% 94.06%      120    3     144    4   159 java.lang.Object
   89  0.05% 94.10%      120    2     120    2   145 [C
   90  0.05% 94.15%      120    1     120    1    73 [B
   91  0.04% 94.19%      112    3     112    3   105 [S
   92  0.04% 94.24%      112    2     112    2   200 java.lang.Class
   93  0.04% 94.28%      112    2     112    2   148 java.lang.Class
   94  0.04% 94.33%      112    2     112    2   204 java.lang.Class
   95  0.04% 94.37%      112    2     112    2   125 java.lang.Class
   96  0.04% 94.41%      112    2     112    2     1 sun.nio.cs.StreamEncoder$CharsetSE
   97  0.04% 94.46%      112    2     112    2   240 java.lang.Class
   98  0.04% 94.50%      112    2     112    2    19 java.lang.Class
   99  0.04% 94.54%      112    2     112    2   105 java.lang.Class
  100  0.04% 94.59%      112    1     112    1   153 java.lang.Object
  101  0.04% 94.63%      112    2     112    2   246 java.lang.Class
  102  0.04% 94.67%      112    2     112    2    19 java.lang.Object
  103  0.04% 94.71%      104    1     104    1   246 [B
  104  0.04% 94.75%      104    1     104    1   204 [B
  105  0.04% 94.79%      104    2     104    2    68 [S
  106  0.04% 94.84%      104    3     128    4   185 java.lang.Object
  107  0.04% 94.87%       96    6      96    6     1 java.lang.Class
  108  0.04% 94.91%       96    2     768   16   212 java.nio.HeapCharBuffer
  109  0.04% 94.95%       96    3      96    3   246 java.lang.Object
  110  0.04% 94.98%       96    4      96    4    34 java.lang.String
  111  0.04% 95.02%       96    4      96    4    58 java.util.Vector
  112  0.04% 95.06%       96    4      96    4   126 java.lang.String
  113  0.04% 95.10%       96    2      96    2     1 java.nio.HeapByteBuffer
  114  0.04% 95.13%       96    3      96    3   121 java.lang.ref.Finalizer
  115  0.04% 95.17%       96    3      96    3   204 java.lang.Object
  116  0.04% 95.21%       96    2      96    2   176 [S
  117  0.04% 95.25%       96    3      96    3   204 [I
  118  0.04% 95.28%       96    1      96    1    68 java.lang.Object
  119  0.04% 95.32%       96    3      96    3   188 java.io.ObjectStreamField
  120  0.04% 95.36%       96    2      96    2   124 [I
  121  0.04% 95.40%       96    4      96    4     1 java.util.ArrayList
  122  0.04% 95.43%       96    1      96    1    18 [B
  123  0.04% 95.47%       96    4      96    4    28 java.lang.String
  124  0.03% 95.50%       88    2      88    2   105 java.lang.Object
  125  0.03% 95.54%       88    1      88    1   161 [B
  126  0.03% 95.57%       88    4      88    4    52 java.lang.Object
  127  0.03% 95.61%       88    2      88    2    62 [S
  128  0.03% 95.64%       88    2      88    2   177 [C
  129  0.03% 95.68%       88    2      88    2    18 [S
  130  0.03% 95.71%       80    3     104    4   187 java.lang.Object
  131  0.03% 95.74%       80    2      80    2     1 java.lang.ThreadGroup
  132  0.03% 95.77%       80    3      80    3    52 [S
  133  0.03% 95.80%       80    1      80    1     1 java.lang.ThreadLocal$ThreadLocalMap$Entry
  134  0.03% 95.83%       80    3      80    3   256 [C
  135  0.03% 95.86%       80    2      80    2     1 java.io.BufferedWriter
  136  0.03% 95.89%       80    2      80    2   148 [B
  137  0.03% 95.92%       80    3     104    4   176 java.lang.Object
  138  0.03% 95.96%       80    2      80    2     1 sun.nio.cs.US_ASCII$Decoder
  139  0.03% 95.99%       80    1      80    1    11 [B
  140  0.03% 96.02%       80    1      80    1   111 java.util.HashMap$Entry
  141  0.03% 96.05%       80    1      80    1   139 java.util.HashMap$Entry
  142  0.03% 96.08%       80    1      80    1   196 java.util.HashMap$Entry
  143  0.03% 96.11%       80    1      80    1   113 java.util.HashMap$Entry
  144  0.03% 96.14%       80    1      80    1   206 [I
  145  0.03% 96.17%       72    3      72    3     1 java.security.AccessControlContext
  146  0.03% 96.20%       72    1      72    1   246 [S
  147  0.03% 96.23%       72    3      72    3   256 java.lang.String
  148  0.03% 96.25%       72    3      72    3     1 java.util.Stack
  149  0.03% 96.28%       72    1      72    1     1 sun.misc.Launcher$ExtClassLoader
  150  0.03% 96.31%       72    1      72    1     0 [S
  151  0.03% 96.34%       72    1      72    1    30 [B
  152  0.03% 96.37%       72    1      72    1     1 java.lang.ref.Reference$ReferenceHandler
  153  0.03% 96.39%       72    3      72    3     1 java.lang.ref.ReferenceQueue
  154  0.03% 96.42%       72    1      72    1     1 java.lang.ref.Finalizer$FinalizerThread
  155  0.03% 96.45%       72    3      72    3     1 java.lang.ref.WeakReference
  156  0.03% 96.48%       72    3      72    3     1 sun.nio.cs.Surrogate$Parser
  157  0.03% 96.51%       72    3      72    3     1 sun.reflect.NativeConstructorAccessorImpl
  158  0.03% 96.53%       72    1      72    1    12 [B
  159  0.03% 96.56%       72    2      72    2   124 java.lang.Object
  160  0.03% 96.59%       72    2      72    2   153 [S
  161  0.03% 96.62%       72    3     120    5    82 java.lang.String
  162  0.03% 96.65%       72    2      72    2   188 [C
  163  0.03% 96.67%       72    1      72    1     1 sun.misc.Launcher$AppClassLoader
  164  0.02% 96.70%       64    2      64    2   194 [C
  165  0.02% 96.72%       64    2      64    2     1 java.lang.Thread
  166  0.02% 96.75%       64    8      64    8     1 java.lang.Object
  167  0.02% 96.77%       64    2      64    2     1 java.lang.ThreadLocal$ThreadLocalMap$Entry
  168  0.02% 96.80%       64    1      64    1    62 java.lang.Object
  169  0.02% 96.82%       64    2      64    2   126 java.io.ObjectStreamField
  170  0.02% 96.85%       64    2      64    2     1 sun.misc.SoftCache
  171  0.02% 96.87%       64    2      64    2     1 java.io.ExpiringCache
  172  0.02% 96.90%       64    2      64    2    11 [S
  173  0.02% 96.92%       64    2      64    2     1 sun.misc.URLClassPath
  174  0.02% 96.95%       64    2      64    2   240 [B
  175  0.02% 96.97%       64    2      64    2    73 [S
  176  0.02% 96.99%       56    1      56    1    30 java.lang.Class
  177  0.02% 97.02%       56    1      56    1     1 <Unknown>
  178  0.02% 97.04%       56    1      56    1   147 java.util.Hashtable$Entry
  179  0.02% 97.06%       56    1      56    1    62 java.lang.Class
  180  0.02% 97.08%       56    1      56    1   240 java.lang.reflect.Constructor
  181  0.02% 97.10%       56    1      56    1   176 java.lang.Class
  182  0.02% 97.13%       56    1      56    1    11 java.lang.Class
  183  0.02% 97.15%       56    1      56    1    55 [I
  184  0.02% 97.17%       56    1      56    1    12 java.lang.Class
  185  0.02% 97.19%       56    1      56    1    68 java.lang.Class
  186  0.02% 97.21%       56    1      56    1   124 java.lang.Class
  187  0.02% 97.23%       56    1      56    1    41 java.lang.Class
  188  0.02% 97.26%       56    1      56    1    62 [C
  189  0.02% 97.28%       56    1      56    1   153 java.lang.Class
  190  0.02% 97.30%       56    1      56    1     1 java.lang.reflect.Method
  191  0.02% 97.32%       56    1      56    1    73 java.lang.Class
  192  0.02% 97.34%       56    1      56    1   184 java.lang.Class
  193  0.02% 97.36%       56    1      56    1    18 java.lang.Class
  194  0.02% 97.39%       56    1      56    1   185 java.lang.Class
  195  0.02% 97.41%       56    1      56    1    40 [C
  196  0.02% 97.43%       56    1      56    1   159 java.lang.Class
  197  0.02% 97.45%       56    1      56    1   187 java.lang.Class
  198  0.02% 97.47%       56    1      56    1   161 java.lang.Class
  199  0.02% 97.50%       56    3      56    3   206 [S
  200  0.02% 97.52%       56    1      56    1   107 java.lang.Class
  201  0.02% 97.54%       56    1      56    1   182 java.lang.Object
  202  0.02% 97.56%       56    1      56    1     0 java.lang.Class
  203  0.02% 97.58%       48    3      48    3     1 sun.misc.Signal
  204  0.02% 97.60%       48    3      48    3     1 java.lang.Integer
  205  0.02% 97.62%       48    2      48    2   161 [S
  206  0.02% 97.64%       48    1      48    1   105 [I
  207  0.02% 97.65%       48    1      48    1   161 [I
  208  0.02% 97.67%       48    2      48    2   145 java.lang.String
  209  0.02% 97.69%       48    3      48    3     1 java.lang.ThreadLocal
  210  0.02% 97.71%       48    2      48    2   183 java.util.HashMap$Entry
  211  0.02% 97.73%       48    1      48    1   168 [C
  212  0.02% 97.75%       48    3      48    3     1 java.io.FileDescriptor
  213  0.02% 97.77%       48    2      48    2     1 java.io.FileOutputStream
  214  0.02% 97.78%       48    2      48    2     1 java.lang.ref.SoftReference
  215  0.02% 97.80%       48    2      48    2   177 java.lang.String
  216  0.02% 97.82%       48    2      48    2     1 java.io.PrintStream
  217  0.02% 97.84%       48    2      48    2     1 java.lang.ref.ReferenceQueue$Null
  218  0.02% 97.86%       48    2      48    2     1 java.io.BufferedOutputStream
  219  0.02% 97.88%       48    1      48    1     1 [J
  220  0.02% 97.90%       48    2      48    2     1 java.io.OutputStreamWriter
  221  0.02% 97.92%       48    1      48    1   174 [C
  222  0.02% 97.93%       48    3      48    3   120 java.io.FileInputStream
  223  0.02% 97.95%       48    3      48    3     1 java.lang.reflect.Constructor
  224  0.02% 97.97%       48    3      48    3     1 sun.reflect.DelegatingConstructorAccessorImpl
  225  0.02% 97.99%       48    1      48    1     1 java.util.Properties
  226  0.02% 98.01%       48    2      48    2   166 java.util.HashMap$Entry
  227  0.02% 98.03%       48    2      48    2   148 java.lang.Object
  228  0.02% 98.05%       48    3      48    3   122 java.io.FileDescriptor
  229  0.02% 98.06%       48    1      48    1   180 [C
  230  0.02% 98.08%       48    3      48    3     1 java.nio.charset.CodingErrorAction
  231  0.02% 98.10%       48    2      48    2   204 [S
  232  0.02% 98.12%       48    2      48    2   188 java.lang.String
  233  0.02% 98.14%       48    1      48    1   124 [S
  234  0.02% 98.16%       48    2      48    2   136 java.lang.String
  235  0.02% 98.18%       48    1      48    1   153 [I
  236  0.02% 98.20%       48    1      48    1   184 [B
  237  0.02% 98.21%       48    2      48    2   240 java.lang.Object
  238  0.02% 98.23%       48    2      48    2   194 java.lang.String
  239  0.02% 98.25%       48    1      48    1    73 [I
  240  0.02% 98.27%       40    2      40    2   161 java.lang.Object
  241  0.02% 98.28%       40    1      40    1   146 java.util.Hashtable
  242  0.02% 98.30%       40    1      40    1     0 java.lang.Object
  243  0.02% 98.31%       40    1      40    1   118 java.lang.Package
  244  0.02% 98.33%       40    1      40    1    30 [S
  245  0.02% 98.34%       40    5      40    5     1 java.lang.ref.ReferenceQueue$Lock
  246  0.02% 98.36%       40    1      40    1   108 java.util.HashMap
  247  0.02% 98.38%       40    1      40    1   232 [C
  248  0.02% 98.39%       40    1      40    1   149 [C
  249  0.02% 98.41%       40    1      40    1   110 java.util.HashMap
  250  0.02% 98.42%       40    1      40    1   138 java.util.HashMap
  251  0.02% 98.44%       40    1      40    1   150 [C
  252  0.02% 98.45%       40    1      40    1   195 java.util.HashMap
  253  0.02% 98.47%       40    1      40    1   112 java.util.HashMap
  254  0.02% 98.48%       40    1      40    1   152 [C
  255  0.02% 98.50%       40    2      40    2    11 java.lang.Object
  256  0.02% 98.52%       40    1      40    1   263 [C
  257  0.02% 98.53%       40    1     360    7   208 [C
  258  0.02% 98.55%       40    1      40    1    12 [S
  259  0.02% 98.56%       40    2      40    2    41 java.lang.Object
  260  0.02% 98.58%       40    1      40    1    41 [B
  261  0.02% 98.59%       40    1      40    1   184 java.lang.Object
  262  0.02% 98.61%       40    2      40    2    18 java.lang.Object
  263  0.02% 98.62%       40    1      40    1   160 [C
  264  0.01% 98.64%       32    2      32    2    78 java.io.File
  265  0.01% 98.65%       32    1      32    1   170 java.io.FilePermission
  266  0.01% 98.66%       32    1      32    1    53 [C
  267  0.01% 98.67%       32    2      32    2     1 java.io.ObjectStreamField
  268  0.01% 98.69%       32    1      32    1   187 [I
  269  0.01% 98.70%       32    2      32    2     1 sun.misc.NativeSignalHandler
  270  0.01% 98.71%       32    1      32    1     1 java.lang.ThreadGroup
  271  0.01% 98.72%       32    1      32    1   229 java.lang.ClassLoader$NativeLibrary
  272  0.01% 98.74%       32    2      32    2    73 sun.misc.URLClassPath$FileLoader
  273  0.01% 98.75%       32    1      32    1    52 [I
  274  0.01% 98.76%       32    1      32    1     1 java.io.BufferedInputStream
  275  0.01% 98.77%       32    1      32    1   199 java.security.ProtectionDomain
  276  0.01% 98.79%       32    1      32    1     1 sun.nio.cs.StandardCharsets
  277  0.01% 98.80%       32    1      32    1   177 java.io.ObjectStreamField
  278  0.01% 98.81%       32    1      32    1   200 java.lang.Object
  279  0.01% 98.82%       32    1      32    1   200 [B
  280  0.01% 98.84%       32    1      32    1   230 java.lang.ref.Finalizer
  281  0.01% 98.85%       32    1      32    1   231 java.lang.ref.Finalizer
  282  0.01% 98.86%       32    1      32    1   151 [C
  283  0.01% 98.87%       32    1      32    1   235 [C
  284  0.01% 98.89%       32    2      32    2   148 [S
  285  0.01% 98.90%       32    1      32    1    12 java.lang.Object
  286  0.01% 98.91%       32    1      32    1   176 [I
  287  0.01% 98.92%       32    1      32    1   233 java.lang.ThreadLocal$ThreadLocalMap$Entry
  288  0.01% 98.94%       32    1      32    1   237 [C
  289  0.01% 98.95%       32    2      32    2     1 java.nio.ByteOrder
  290  0.01% 98.96%       32    1      32    1    11 [I
  291  0.01% 98.97%       32    2      32    2     1 java.util.HashSet
  292  0.01% 98.99%       32    2      32    2     1 java.nio.charset.CoderResult
  293  0.01% 99.00%       32    2      32    2     1 java.lang.Boolean
  294  0.01% 99.01%       32    1      32    1     1 java.lang.ClassLoader$NativeLibrary
  295  0.01% 99.02%       32    1      32    1   241 java.lang.ref.SoftReference
  296  0.01% 99.04%       32    2      32    2   240 [S
SITES END
